06-08 17:48:15.194 28575 28575 E AndroidRuntime: 	at com.android.internal.os.RuntimeInit$MethodAndArgsCaller.run(RuntimeInit.java:591)
06-08 17:48:15.194 28575 28575 E AndroidRuntime: 	at com.android.internal.os.ZygoteInit.main(ZygoteInit.java:911)
06-08 17:48:15.194 28575 28575 E AndroidRuntime: Caused by: java.lang.ClassNotFoundException: Didn't find class "com.example.dynamicisland.ipc.IslandContentProvider" on path: DexPathList[[zip file "/data/app/~~mnoamPsG-kW9KRGbMIWHtA==/com.example.dynamicisland-hnDA-0pnX_kA7JDJL6bKRg==/base.apk"],nativeLibraryDirectories=[/data/app/~~mnoamPsG-kW9KRGbMIWHtA==/com.example.dynamicisland-hnDA-0pnX_kA7JDJL6bKRg==/lib/arm64, /data/app/~~mnoamPsG-kW9KRGbMIWHtA==/com.example.dynamicisland-hnDA-0pnX_kA7JDJL6bKRg==/base.apk!/lib/arm64-v8a, /system/lib64, /system_ext/lib64]]
06-08 17:48:15.194 28575 28575 E AndroidRuntime: 	at dalvik.system.BaseDexClassLoader.findClass(BaseDexClassLoader.java:259)
06-08 17:48:15.194 28575 28575 E AndroidRuntime: 	at java.lang.ClassLoader.loadClass(ClassLoader.java:637)
06-08 17:48:15.194 28575 28575 E AndroidRuntime: 	at java.lang.ClassLoader.loadClass(ClassLoader.java:573)
06-08 17:48:15.194 28575 28575 E AndroidRuntime: 	at android.app.AppComponentFactory.instantiateProvider(AppComponentFactory.java:147)
06-08 17:48:15.194 28575 28575 E AndroidRuntime: 	at androidx.core.app.CoreComponentFactory.instantiateProvider(CoreComponentFactory.java:66)
06-08 17:48:15.194 28575 28575 E AndroidRuntime: 	at android.app.ActivityThread.installProvider(ActivityThread.java:8493)
06-08 17:48:15.194 28575 28575 E AndroidRuntime: 	... 11 more
06-08 17:48:36.232 29060 29060 E AndroidRuntime: FATAL EXCEPTION: main
06-08 17:48:36.232 29060 29060 E AndroidRuntime: Process: com.example.dynamicisland, PID: 29060
06-08 17:48:36.232 29060 29060 E AndroidRuntime: java.lang.RuntimeException: Unable to get provider com.example.dynamicisland.ipc.IslandContentProvider: java.lang.ClassNotFoundException: Didn't find class "com.example.dynamicisland.ipc.IslandContentProvider" on path: DexPathList[[zip file "/data/app/~~mnoamPsG-kW9KRGbMIWHtA==/com.example.dynamicisland-hnDA-0pnX_kA7JDJL6bKRg==/base.apk"],nativeLibraryDirectories=[/data/app/~~mnoamPsG-kW9KRGbMIWHtA==/com.example.dynamicisland-hnDA-0pnX_kA7JDJL6bKRg==/lib/arm64, /data/app/~~mnoamPsG-kW9KRGbMIWHtA==/com.example.dynamicisland-hnDA-0pnX_kA7JDJL6bKRg==/base.apk!/lib/arm64-v8a, /system/lib64, /system_ext/lib64]]
06-08 17:48:36.232 29060 29060 E AndroidRuntime: 	at android.app.ActivityThread.installProvider(ActivityThread.java:8509)
06-08 17:48:36.232 29060 29060 E AndroidRuntime: 	at android.app.ActivityThread.installContentProviders(ActivityThread.java:8024)
06-08 17:48:36.232 29060 29060 E AndroidRuntime: 	at android.app.ActivityThread.handleBindApplication(ActivityThread.java:7682)
06-08 17:48:36.232 29060 29060 E AndroidRuntime: 	at android.app.ActivityThread.-$$Nest$mhandleBindApplication(Unknown Source:0)
06-08 17:48:36.232 29060 29060 E AndroidRuntime: 	at android.app.ActivityThread$H.handleMessage(ActivityThread.java:2500)
06-08 17:48:36.232 29060 29060 E AndroidRuntime: 	at android.os.Handler.dispatchMessage(Handler.java:109)
06-08 17:48:36.232 29060 29060 E AndroidRuntime: 	at android.os.Looper.loopOnce(Looper.java:232)
06-08 17:48:36.232 29060 29060 E AndroidRuntime: 	at android.os.Looper.loop(Looper.java:317)
06-08 17:48:36.232 29060 29060 E AndroidRuntime: 	at android.app.ActivityThread.main(ActivityThread.java:8929)
06-08 17:48:36.232 29060 29060 E AndroidRuntime: 	at java.lang.reflect.Method.invoke(Native Method)
06-08 17:48:36.232 29060 29060 E AndroidRuntime: 	at com.android.internal.os.RuntimeInit$MethodAndArgsCaller.run(RuntimeInit.java:591)
06-08 17:48:36.232 29060 29060 E AndroidRuntime: 	at com.android.internal.os.ZygoteInit.main(ZygoteInit.java:911)
06-08 17:48:36.232 29060 29060 E AndroidRuntime: Caused by: java.lang.ClassNotFoundException: Didn't find class "com.example.dynamicisland.ipc.IslandContentProvider" on path: DexPathList[[zip file "/data/app/~~mnoamPsG-kW9KRGbMIWHtA==/com.example.dynamicisland-hnDA-0pnX_kA7JDJL6bKRg==/base.apk"],nativeLibraryDirectories=[/data/app/~~mnoamPsG-kW9KRGbMIWHtA==/com.example.dynamicisland-hnDA-0pnX_kA7JDJL6bKRg==/lib/arm64, /data/app/~~mnoamPsG-kW9KRGbMIWHtA==/com.example.dynamicisland-hnDA-0pnX_kA7JDJL6bKRg==/base.apk!/lib/arm64-v8a, /system/lib64, /system_ext/lib64]]
06-08 17:48:36.232 29060 29060 E AndroidRuntime: 	at dalvik.system.BaseDexClassLoader.findClass(BaseDexClassLoader.java:259)
06-08 17:48:36.232 29060 29060 E AndroidRuntime: 	at java.lang.ClassLoader.loadClass(ClassLoader.java:637)
06-08 17:48:36.232 29060 29060 E AndroidRuntime: 	at java.lang.ClassLoader.loadClass(ClassLoader.java:573)
06-08 17:48:36.232 29060 29060 E AndroidRuntime: 	at android.app.AppComponentFactory.instantiateProvider(AppComponentFactory.java:147)
06-08 17:48:36.232 29060 29060 E AndroidRuntime: 	at androidx.core.app.CoreComponentFactory.instantiateProvider(CoreComponentFactory.java:66)
06-08 17:48:36.232 29060 29060 E AndroidRuntime: 	at android.app.ActivityThread.installProvider(ActivityThread.java:8493)
06-08 17:48:36.232 29060 29060 E AndroidRuntime: 	... 11 more
06-08 17:48:37.029 29086 29086 E AndroidRuntime: FATAL EXCEPTION: main
06-08 17:48:37.029 29086 29086 E AndroidRuntime: Process: com.example.dynamicisland, PID: 29086
06-08 17:48:37.029 29086 29086 E AndroidRuntime: java.lang.RuntimeException: Unable to get provider com.example.dynamicisland.ipc.IslandContentProvider: java.lang.ClassNotFoundException: Didn't find class "com.example.dynamicisland.ipc.IslandContentProvider" on path: DexPathList[[zip file "/data/app/~~mnoamPsG-kW9KRGbMIWHtA==/com.example.dynamicisland-hnDA-0pnX_kA7JDJL6bKRg==/base.apk"],nativeLibraryDirectories=[/data/app/~~mnoamPsG-kW9KRGbMIWHtA==/com.example.dynamicisland-hnDA-0pnX_kA7JDJL6bKRg==/lib/arm64, /data/app/~~mnoamPsG-kW9KRGbMIWHtA==/com.example.dynamicisland-hnDA-0pnX_kA7JDJL6bKRg==/base.apk!/lib/arm64-v8a, /system/lib64, /system_ext/lib64]]
06-08 17:48:37.029 29086 29086 E AndroidRuntime: 	at android.app.ActivityThread.installProvider(ActivityThread.java:8509)
06-08 17:48:37.029 29086 29086 E AndroidRuntime: 	at android.app.ActivityThread.installContentProviders(ActivityThread.java:8024)
06-08 17:48:37.029 29086 29086 E AndroidRuntime: 	at android.app.ActivityThread.handleBindApplication(ActivityThread.java:7682)
06-08 17:48:37.029 29086 29086 E AndroidRuntime: 	at android.app.ActivityThread.-$$Nest$mhandleBindApplication(Unknown Source:0)
06-08 17:48:37.029 29086 29086 E AndroidRuntime: 	at android.app.ActivityThread$H.handleMessage(ActivityThread.java:2500)
06-08 17:48:37.029 29086 29086 E AndroidRuntime: 	at android.os.Handler.dispatchMessage(Handler.java:109)
06-08 17:48:37.029 29086 29086 E AndroidRuntime: 	at android.os.Looper.loopOnce(Looper.java:232)
06-08 17:48:37.029 29086 29086 E AndroidRuntime: 	at android.os.Looper.loop(Looper.java:317)
06-08 17:48:37.029 29086 29086 E AndroidRuntime: 	at android.app.ActivityThread.main(ActivityThread.java:8929)
06-08 17:48:37.029 29086 29086 E AndroidRuntime: 	at java.lang.reflect.Method.invoke(Native Method)
06-08 17:48:37.029 29086 29086 E AndroidRuntime: 	at com.android.internal.os.RuntimeInit$MethodAndArgsCaller.run(RuntimeInit.java:591)
06-08 17:48:37.029 29086 29086 E AndroidRuntime: 	at com.android.internal.os.ZygoteInit.main(ZygoteInit.java:911)
06-08 17:48:37.029 29086 29086 E AndroidRuntime: Caused by: java.lang.ClassNotFoundException: Didn't find class "com.example.dynamicisland.ipc.IslandContentProvider" on path: DexPathList[[zip file "/data/app/~~mnoamPsG-kW9KRGbMIWHtA==/com.example.dynamicisland-hnDA-0pnX_kA7JDJL6bKRg==/base.apk"],nativeLibraryDirectories=[/data/app/~~mnoamPsG-kW9KRGbMIWHtA==/com.example.dynamicisland-hnDA-0pnX_kA7JDJL6bKRg==/lib/arm64, /data/app/~~mnoamPsG-kW9KRGbMIWHtA==/com.example.dynamicisland-hnDA-0pnX_kA7JDJL6bKRg==/base.apk!/lib/arm64-v8a, /system/lib64, /system_ext/lib64]]
06-08 17:48:37.029 29086 29086 E AndroidRuntime: 	at dalvik.system.BaseDexClassLoader.findClass(BaseDexClassLoader.java:259)
06-08 17:48:37.029 29086 29086 E AndroidRuntime: 	at java.lang.ClassLoader.loadClass(ClassLoader.java:637)
06-08 17:48:37.029 29086 29086 E AndroidRuntime: 	at java.lang.ClassLoader.loadClass(ClassLoader.java:573)
06-08 17:48:37.029 29086 29086 E AndroidRuntime: 	at android.app.AppComponentFactory.instantiateProvider(AppComponentFactory.java:147)
06-08 17:48:37.029 29086 29086 E AndroidRuntime: 	at androidx.core.app.CoreComponentFactory.instantiateProvider(CoreComponentFactory.java:66)
06-08 17:48:37.029 29086 29086 E AndroidRuntime: 	at android.app.ActivityThread.installProvider(ActivityThread.java:8493)
06-08 17:48:37.029 29086 29086 E AndroidRuntime: 	... 11 more
06-08 17:48:38.988 29175 29175 E AndroidRuntime: FATAL EXCEPTION: main
06-08 17:48:38.988 29175 29175 E AndroidRuntime: Process: com.example.dynamicisland, PID: 29175
06-08 17:48:38.988 29175 29175 E AndroidRuntime: java.lang.RuntimeException: Unable to get provider com.example.dynamicisland.ipc.IslandContentProvider: java.lang.ClassNotFoundException: Didn't find class "com.example.dynamicisland.ipc.IslandContentProvider" on path: DexPathList[[zip file "/data/app/~~mnoamPsG-kW9KRGbMIWHtA==/com.example.dynamicisland-hnDA-0pnX_kA7JDJL6bKRg==/base.apk"],nativeLibraryDirectories=[/data/app/~~mnoamPsG-kW9KRGbMIWHtA==/com.example.dynamicisland-hnDA-0pnX_kA7JDJL6bKRg==/lib/arm64, /data/app/~~mnoamPsG-kW9KRGbMIWHtA==/com.example.dynamicisland-hnDA-0pnX_kA7JDJL6bKRg==/base.apk!/lib/arm64-v8a, /system/lib64, /system_ext/lib64]]
06-08 17:48:38.988 29175 29175 E AndroidRuntime: 	at android.app.ActivityThread.installProvider(ActivityThread.java:8509)
06-08 17:48:38.988 29175 29175 E AndroidRuntime: 	at android.app.ActivityThread.installContentProviders(ActivityThread.java:8024)
06-08 17:48:38.988 29175 29175 E AndroidRuntime: 	at android.app.ActivityThread.handleBindApplication(ActivityThread.java:7682)
06-08 17:48:38.988 29175 29175 E AndroidRuntime: 	at android.app.ActivityThread.-$$Nest$mhandleBindApplication(Unknown Source:0)
06-08 17:48:38.988 29175 29175 E AndroidRuntime: 	at android.app.ActivityThread$H.handleMessage(ActivityThread.java:2500)
06-08 17:48:38.988 29175 29175 E AndroidRuntime: 	at android.os.Handler.dispatchMessage(Handler.java:109)
06-08 17:48:38.988 29175 29175 E AndroidRuntime: 	at android.os.Looper.loopOnce(Looper.java:232)
06-08 17:48:38.988 29175 29175 E AndroidRuntime: 	at android.os.Looper.loop(Looper.java:317)
06-08 17:48:38.988 29175 29175 E AndroidRuntime: 	at android.app.ActivityThread.main(ActivityThread.java:8929)
06-08 17:48:38.988 29175 29175 E AndroidRuntime: 	at java.lang.reflect.Method.invoke(Native Method)
06-08 17:48:38.988 29175 29175 E AndroidRuntime: 	at com.android.internal.os.RuntimeInit$MethodAndArgsCaller.run(RuntimeInit.java:591)
06-08 17:48:38.988 29175 29175 E AndroidRuntime: 	at com.android.internal.os.ZygoteInit.main(ZygoteInit.java:911)
06-08 17:48:38.988 29175 29175 E AndroidRuntime: Caused by: java.lang.ClassNotFoundException: Didn't find class "com.example.dynamicisland.ipc.IslandContentProvider" on path: DexPathList[[zip file "/data/app/~~mnoamPsG-kW9KRGbMIWHtA==/com.example.dynamicisland-hnDA-0pnX_kA7JDJL6bKRg==/base.apk"],nativeLibraryDirectories=[/data/app/~~mnoamPsG-kW9KRGbMIWHtA==/com.example.dynamicisland-hnDA-0pnX_kA7JDJL6bKRg==/lib/arm64, /data/app/~~mnoamPsG-kW9KRGbMIWHtA==/com.example.dynamicisland-hnDA-0pnX_kA7JDJL6bKRg==/base.apk!/lib/arm64-v8a, /system/lib64, /system_ext/lib64]]
06-08 17:48:38.988 29175 29175 E AndroidRuntime: 	at dalvik.system.BaseDexClassLoader.findClass(BaseDexClassLoader.java:259)
06-08 17:48:38.988 29175 29175 E AndroidRuntime: 	at java.lang.ClassLoader.loadClass(ClassLoader.java:637)
06-08 17:48:38.988 29175 29175 E AndroidRuntime: 	at java.lang.ClassLoader.loadClass(ClassLoader.java:573)
06-08 17:48:38.988 29175 29175 E AndroidRuntime: 	at android.app.AppComponentFactory.instantiateProvider(AppComponentFactory.java:147)
06-08 17:48:38.988 29175 29175 E AndroidRuntime: 	at androidx.core.app.CoreComponentFactory.instantiateProvider(CoreComponentFactory.java:66)
06-08 17:48:38.988 29175 29175 E AndroidRuntime: 	at android.app.ActivityThread.installProvider(ActivityThread.java:8493)
06-08 17:48:38.988 29175 29175 E AndroidRuntime: 	... 11 more
06-08 17:48:40.088 29238 29238 E AndroidRuntime: FATAL EXCEPTION: main
06-08 17:48:40.088 29238 29238 E AndroidRuntime: Process: com.example.dynamicisland, PID: 29238
06-08 17:48:40.088 29238 29238 E AndroidRuntime: java.lang.RuntimeException: Unable to get provider com.example.dynamicisland.ipc.IslandContentProvider: java.lang.ClassNotFoundException: Didn't find class "com.example.dynamicisland.ipc.IslandContentProvider" on path: DexPathList[[zip file "/data/app/~~mnoamPsG-kW9KRGbMIWHtA==/com.example.dynamicisland-hnDA-0pnX_kA7JDJL6bKRg==/base.apk"],nativeLibraryDirectories=[/data/app/~~mnoamPsG-kW9KRGbMIWHtA==/com.example.dynamicisland-hnDA-0pnX_kA7JDJL6bKRg==/lib/arm64, /data/app/~~mnoamPsG-kW9KRGbMIWHtA==/com.example.dynamicisland-hnDA-0pnX_kA7JDJL6bKRg==/base.apk!/lib/arm64-v8a, /system/lib64, /system_ext/lib64]]
06-08 17:48:40.088 29238 29238 E AndroidRuntime: 	at android.app.ActivityThread.installProvider(ActivityThread.java:8509)
06-08 17:48:40.088 29238 29238 E AndroidRuntime: 	at android.app.ActivityThread.installContentProviders(ActivityThread.java:8024)
06-08 17:48:40.088 29238 29238 E AndroidRuntime: 	at android.app.ActivityThread.handleBindApplication(ActivityThread.java:7682)
06-08 17:48:40.088 29238 29238 E AndroidRuntime: 	at android.app.ActivityThread.-$$Nest$mhandleBindApplication(Unknown Source:0)
06-08 17:48:40.088 29238 29238 E AndroidRuntime: 	at android.app.ActivityThread$H.handleMessage(ActivityThread.java:2500)
06-08 17:48:40.088 29238 29238 E AndroidRuntime: 	at android.os.Handler.dispatchMessage(Handler.java:109)
06-08 17:48:40.088 29238 29238 E AndroidRuntime: 	at android.os.Looper.loopOnce(Looper.java:232)
06-08 17:48:40.088 29238 29238 E AndroidRuntime: 	at android.os.Looper.loop(Looper.java:317)
06-08 17:48:40.088 29238 29238 E AndroidRuntime: 	at android.app.ActivityThread.main(ActivityThread.java:8929)
06-08 17:48:40.088 29238 29238 E AndroidRuntime: 	at java.lang.reflect.Method.invoke(Native Method)
06-08 17:48:40.088 29238 29238 E AndroidRuntime: 	at com.android.internal.os.RuntimeInit$MethodAndArgsCaller.run(RuntimeInit.java:591)
06-08 17:48:40.088 29238 29238 E AndroidRuntime: 	at com.android.internal.os.ZygoteInit.main(ZygoteInit.java:911)
06-08 17:48:40.088 29238 29238 E AndroidRuntime: Caused by: java.lang.ClassNotFoundException: Didn't find class "com.example.dynamicisland.ipc.IslandContentProvider" on path: DexPathList[[zip file "/data/app/~~mnoamPsG-kW9KRGbMIWHtA==/com.example.dynamicisland-hnDA-0pnX_kA7JDJL6bKRg==/base.apk"],nativeLibraryDirectories=[/data/app/~~mnoamPsG-kW9KRGbMIWHtA==/com.example.dynamicisland-hnDA-0pnX_kA7JDJL6bKRg==/lib/arm64, /data/app/~~mnoamPsG-kW9KRGbMIWHtA==/com.example.dynamicisland-hnDA-0pnX_kA7JDJL6bKRg==/base.apk!/lib/arm64-v8a, /system/lib64, /system_ext/lib64]]
06-08 17:48:40.088 29238 29238 E AndroidRuntime: 	at dalvik.system.BaseDexClassLoader.findClass(BaseDexClassLoader.java:259)
06-08 17:48:40.088 29238 29238 E AndroidRuntime: 	at java.lang.ClassLoader.loadClass(ClassLoader.java:637)
06-08 17:48:40.088 29238 29238 E AndroidRuntime: 	at java.lang.ClassLoader.loadClass(ClassLoader.java:573)
06-08 17:48:40.088 29238 29238 E AndroidRuntime: 	at android.app.AppComponentFactory.instantiateProvider(AppComponentFactory.java:147)
06-08 17:48:40.088 29238 29238 E AndroidRuntime: 	at androidx.core.app.CoreComponentFactory.instantiateProvider(CoreComponentFactory.java:66)
06-08 17:48:40.088 29238 29238 E AndroidRuntime: 	at android.app.ActivityThread.installProvider(ActivityThread.java:8493)
06-08 17:48:40.088 29238 29238 E AndroidRuntime: 	... 11 more
--------- beginning of system
06-08 17:50:43.970  1292  2260 D CoreBackPreview: Window{a35266 u0 org.telegram.messenger/org.telegram.messenger.DefaultIcon}: Setting back callback OnBackInvokedCallbackInfo{mCallback=android.window.IOnBackInvokedCallback$Stub$Proxy@e7da490, mPriority=0, mIsAnimationCallback=true, mOverrideBehavior=0}
06-08 17:50:44.283  1292  2260 V AutofillInlineSuggestionsRequestSession: onInputMethodFinishInputView() received
06-08 17:50:44.283  2746  3000 D WindowManagerShell: onKeepClearAreasChanged: restricted={}, unrestricted={}
06-08 17:50:44.819 29559 29559 D InsetsController: Setting requestedVisibleTypes to -1 (was -9)
06-08 17:50:44.825  2746  3000 D WindowManagerShell: onKeepClearAreasChanged: restricted={}, unrestricted={Rect(0, 1298 - 1080, 2500)}
06-08 17:50:44.826  1292  2408 D BackgroundInstallControlService: Package event received: 0
06-08 17:50:44.828  1292  2255 V AutofillInlineSuggestionsRequestSession: onInputMethodShowInputRequested() received: true
06-08 17:50:44.829  1292  2260 V AutofillInlineSuggestionsRequestSession: onInputMethodStartInputView() received
06-08 17:50:44.892  1292  2251 D CoreBackPreview: Window{a35266 u0 org.telegram.messenger/org.telegram.messenger.DefaultIcon}: Setting back callback OnBackInvokedCallbackInfo{mCallback=android.window.IOnBackInvokedCallback$Stub$Proxy@dd3b7a7, mPriority=0, mIsAnimationCallback=true, mOverrideBehavior=0}
06-08 17:50:45.756  1292  2233 D CoreBackPreview: startBackNavigation currentTask=Task{18ae7d #598 type=standard A=10640:org.telegram.messenger}, topRunningActivity=ActivityRecord{213269716 u0 org.telegram.messenger/.DefaultIcon t598}, callbackInfo=OnBackInvokedCallbackInfo{mCallback=android.window.IOnBackInvokedCallback$Stub$Proxy@dd3b7a7, mPriority=0, mIsAnimationCallback=true, mOverrideBehavior=0}, currentFocus=Window{a35266 u0 org.telegram.messenger/org.telegram.messenger.DefaultIcon}
06-08 17:50:45.757  2746  3000 D ShellBackPreview: Received backNavigationInfo:BackNavigationInfo{mType=TYPE_CALLBACK (4), mOnBackNavigationDone=android.os.RemoteCallback@61df5ad, mOnBackInvokedCallback=android.window.IOnBackInvokedCallback$Stub$Proxy@c6a80e2, mPrepareRemoteAnimation=false, mAnimationCallback=true, mCustomizeAnimationInfo=null}
06-08 17:50:45.813  2746  3000 D ShellBackPreview: Finishing gesture with event action: 1
06-08 17:50:45.813  2746  3000 D ShellBackPreview: onGestureFinished() mTriggerBack == true
06-08 17:50:45.813  2746  3000 D ShellBackPreview: Trigger back without dispatching to animator.
06-08 17:50:45.813  2746  3000 D ShellBackPreview: BackAnimationController: finishBackNavigation()
06-08 17:50:45.813  1292  2251 D CoreBackPreview: onBackNavigationDone backType=4, triggerBack=true
06-08 17:50:45.857 29559 29559 D InsetsController: Setting requestedVisibleTypes to -9 (was -1)
06-08 17:50:45.858  1292  2251 D CoreBackPreview: Window{a35266 u0 org.telegram.messenger/org.telegram.messenger.DefaultIcon}: Setting back callback OnBackInvokedCallbackInfo{mCallback=android.window.IOnBackInvokedCallback$Stub$Proxy@1dadffd, mPriority=0, mIsAnimationCallback=true, mOverrideBehavior=0}
06-08 17:50:46.080  1292  2251 D CoreBackPreview: startBackNavigation currentTask=Task{18ae7d #598 type=standard A=10640:org.telegram.messenger}, topRunningActivity=ActivityRecord{213269716 u0 org.telegram.messenger/.DefaultIcon t598}, callbackInfo=OnBackInvokedCallbackInfo{mCallback=android.window.IOnBackInvokedCallback$Stub$Proxy@1dadffd, mPriority=0, mIsAnimationCallback=true, mOverrideBehavior=0}, currentFocus=Window{a35266 u0 org.telegram.messenger/org.telegram.messenger.DefaultIcon}
06-08 17:50:46.081  2746  3000 D ShellBackPreview: Received backNavigationInfo:BackNavigationInfo{mType=TYPE_CALLBACK (4), mOnBackNavigationDone=android.os.RemoteCallback@b6cdccf, mOnBackInvokedCallback=android.window.IOnBackInvokedCallback$Stub$Proxy@fbb465c, mPrepareRemoteAnimation=false, mAnimationCallback=true, mCustomizeAnimationInfo=null}
06-08 17:50:46.161  2746  3000 D ShellBackPreview: Finishing gesture with event action: 1
06-08 17:50:46.161  2746  3000 D ShellBackPreview: onGestureFinished() mTriggerBack == true
06-08 17:50:46.161  2746  3000 D ShellBackPreview: Trigger back without dispatching to animator.
06-08 17:50:46.161  2746  3000 D ShellBackPreview: BackAnimationController: finishBackNavigation()
06-08 17:50:46.161  1292  2233 D CoreBackPreview: onBackNavigationDone backType=4, triggerBack=true
06-08 17:50:46.174  1292  2237 V AutofillInlineSuggestionsRequestSession: onInputMethodFinishInputView() received
06-08 17:50:46.175  2746  3000 D WindowManagerShell: onKeepClearAreasChanged: restricted={}, unrestricted={}
06-08 17:50:47.866  2746  3000 V ShellRecents: RecentsTransitionHandler.startRecentsTransition
06-08 17:50:47.867  2746  3000 V WindowManagerShell: Directly starting a new transition type=TO_FRONT wct=WindowContainerTransaction { changes= {} hops= [{pendingIntent: options=Bundle[{android.activity.splashScreenStyle=-1, android.activity.sourceInfo=Supplier{VAL_PARCELABLE@148+104}, android.pendingIntent.backgroundActivityAllowed=3, android:activity.animAbortListener=null, android.activity.transientLaunch=true}]}] errorCallbackToken=null taskFragmentOrganizer=null } handler=com.android.wm.shell.recents.RecentsTransitionHandler@33969f2
06-08 17:50:47.871  1292  1858 I ActivityManager: updateOomAdj start time is before than pendingPid added, don't delete it
06-08 17:50:47.873  2746  3000 V ShellRecents: [140212816] RecentsController.setTransition: id=android.os.BinderProxy@5a65813
06-08 17:50:47.878  1292  2408 D BackgroundInstallControlService: Package event received: 0
06-08 17:50:47.879  1292  2408 D BackgroundInstallControlService: Package event received: 0
06-08 17:50:47.883  1292  2408 D BackgroundInstallControlService: Package event received: 0
06-08 17:50:47.916  2746 20911 V WindowManagerShell: onTransitionReady(transaction=5549097771980)
06-08 17:50:47.917  1292  2408 D BackgroundInstallControlService: Package event received: 0
06-08 17:50:47.919  2746  3000 V WindowManagerShell: onTransitionReady (#341) android.os.BinderProxy@5a65813: {id=341 t=TO_FRONT f=0x80 trk=0 r=[0@Point(0, 0)] c=[
06-08 17:50:47.919  2746  3000 V WindowManagerShell:         {m=TO_FRONT f=SHOW_WALLPAPER|MOVE_TO_TOP leash=Surface(name=Task=1)/@0x817a449 sb=Rect(0, 0 - 1080, 2400) eb=Rect(0, 0 - 1080, 2400) epz=Point(1080, 2400) d=0 taskParent=-1},
06-08 17:50:47.919  2746  3000 V WindowManagerShell:         {m=TO_BACK f=NONE leash=Surface(name=Task=598)/@0xf95614e sb=Rect(0, 0 - 1080, 2400) eb=Rect(0, 0 - 1080, 2400) epz=Point(1080, 2400) d=0 taskParent=-1},
06-08 17:50:47.919  2746  3000 V WindowManagerShell:         {m=TO_FRONT f=IS_WALLPAPER leash=Surface(name=WallpaperWindowToken{a4f4a32 token=android.os.Binder@fdd23d})/@0x694626f sb=Rect(0, 0 - 1080, 2400) eb=Rect(0, 0 - 1080, 2400) epz=Point(1080, 2400) d=0}
06-08 17:50:47.919  2746  3000 V WindowManagerShell:     ]}
06-08 17:50:47.919  2746  3000 V WindowManagerShell: Playing animation for (#341) android.os.BinderProxy@5a65813@0
06-08 17:50:47.919  2746  3000 V WindowManagerShell:  try firstHandler com.android.wm.shell.recents.RecentsTransitionHandler@33969f2
06-08 17:50:47.919  2746  3000 V ShellRecents: [140212816] RecentsController.start
06-08 17:50:47.919  1292  2251 W UserManagerService: Requested status bar icon for non-badged user 0
06-08 17:50:47.920  2746  3000 V ShellRecents:   not handling home taskId=1
06-08 17:50:47.922  2746  3000 V ShellRecents:   adding pausing leaf taskId=598 at layer=8
06-08 17:50:47.923  2746  3000 V ShellRecents: Applying transaction=5549097771980
06-08 17:50:47.923  1292  2408 D BackgroundInstallControlService: Package event received: 0
06-08 17:50:47.923  1292  2408 D BackgroundInstallControlService: Package event received: 0
06-08 17:50:47.923  1292  2408 D BackgroundInstallControlService: Package event received: 0
06-08 17:50:47.923  1292  2408 D BackgroundInstallControlService: Package event received: 0
06-08 17:50:47.923  1292  2408 D BackgroundInstallControlService: Package event received: 0
06-08 17:50:47.923  1292  2408 D BackgroundInstallControlService: Package event received: 0
06-08 17:50:47.923  1292  2408 D BackgroundInstallControlService: Package event received: 0
06-08 17:50:47.923  1292  2408 D BackgroundInstallControlService: Package event received: 0
06-08 17:50:47.923  1292  2408 D BackgroundInstallControlService: Package event received: 0
06-08 17:50:47.923  1292  2408 D BackgroundInstallControlService: Package event received: 0
06-08 17:50:47.923  1292  2408 D BackgroundInstallControlService: Package event received: 0
06-08 17:50:47.923  1292  2408 D BackgroundInstallControlService: Package event received: 0
06-08 17:50:47.923  1292  2408 D BackgroundInstallControlService: Package event received: 0
06-08 17:50:47.923  1292  2408 D BackgroundInstallControlService: Package event received: 0
06-08 17:50:47.923  1292  2408 D BackgroundInstallControlService: Package event received: 0
06-08 17:50:47.923  1292  2408 D BackgroundInstallControlService: Package event received: 0
06-08 17:50:47.923  1292  2408 D BackgroundInstallControlService: Package event received: 0
06-08 17:50:47.923  1292  2408 D BackgroundInstallControlService: Package event received: 0
06-08 17:50:47.923  1292  2408 D BackgroundInstallControlService: Package event received: 0
06-08 17:50:47.923  1292  2408 D BackgroundInstallControlService: Package event received: 0
06-08 17:50:47.923  2746  3000 V ShellRecents: Trying to get a handler for takeover but the flag is disabled
06-08 17:50:47.923  1292  2408 D BackgroundInstallControlService: Package event received: 0
06-08 17:50:47.923  2746  3000 V ShellSplitScreen: getSplitBoundsForTaskId: expected split bounds for taskId=598 but not found
06-08 17:50:47.924  2746  3000 V ShellRecents: [140212816] RecentsController.start: calling onAnimationStart with 2 apps
06-08 17:50:47.925  2746  3000 V WindowManagerShell:  animated by firstHandler
06-08 17:50:47.931  2746  3000 V ShellRecents: [140212816] RecentsController.setInputConsumerEnabled: set focus to recents
06-08 17:50:47.939  1292  1855 V WindowManager: Sent Transition (#341) createdAt=06-08 17:50:47.868
06-08 17:50:47.940  1292  1855 V WindowManager:     startWCT=WindowContainerTransaction { changes= {} hops= [{pendingIntent: options=Bundle[{android.activity.splashScreenStyle=-1, android.activity.sourceInfo=android.app.ActivityOptions$SourceInfo@5a2effa, android.pendingIntent.backgroundActivityAllowed=3, android:activity.animAbortListener=null, android.activity.transientLaunch=true}]}] errorCallbackToken=null taskFragmentOrganizer=null }
06-08 17:50:47.940  1292  1855 V WindowManager:     info={id=341 t=TO_FRONT f=0x80 trk=0 r=[0@Point(0, 0)] c=[
06-08 17:50:47.940  1292  1855 V WindowManager:         {WCT{RemoteToken{64aacf8 Task{327389d #1 type=home}}} m=TO_FRONT f=SHOW_WALLPAPER|MOVE_TO_TOP leash=Surface(name=Task=1)/@0x1795c21 sb=Rect(0, 0 - 1080, 2400) eb=Rect(0, 0 - 1080, 2400) epz=Point(1080, 2400) d=0 taskParent=-1},
06-08 17:50:47.940  1292  1855 V WindowManager:         {WCT{RemoteToken{79730ed Task{18ae7d #598 type=standard A=10640:org.telegram.messenger}}} m=TO_BACK f=NONE leash=Surface(name=Task=598)/@0xa049ab1 sb=Rect(0, 0 - 1080, 2400) eb=Rect(0, 0 - 1080, 2400) epz=Point(1080, 2400) d=0 taskParent=-1},
06-08 17:50:47.940  1292  1855 V WindowManager:         {m=TO_FRONT f=IS_WALLPAPER leash=Surface(name=WallpaperWindowToken{a4f4a32 token=android.os.Binder@fdd23d})/@0x83ef02a sb=Rect(0, 0 - 1080, 2400) eb=Rect(0, 0 - 1080, 2400) epz=Point(1080, 2400) d=0}
06-08 17:50:47.940  1292  1855 V WindowManager:     ]}
06-08 17:50:47.940  1292  1855 D AutofillManagerService: Close system dialogs
06-08 17:50:47.949  1292  1856 V AutofillUI: hideSaveUiUiThread(): mSaveUi=null, callback=null, mCallback=null
06-08 17:50:47.960  1292  2336 E HandwritingModeController: Cannot get requestId: Handwriting was not initialized.
06-08 17:50:48.241  2746 20911 V ShellRecents: [140212816] RecentsController.screenshotTask: taskId=598
06-08 17:50:48.248  1292  2233 W ActivityManager: Unable to start service Intent { act=com.android.launcher3.WINDOW_OVERLAY dat=app://com.android.launcher3:10584/... pkg=com.google.android.googlequicksearchbox } U=0: not found
06-08 17:50:48.263  1292  2408 D BackgroundInstallControlService: Package event received: 0
06-08 17:50:48.265  2746  3000 D WindowManagerShell: setLauncherKeepClearAreaHeight: visible=true, height=265
06-08 17:50:48.266  2746 20911 V ShellRecents: [140212816] RecentsController.detachNavigationBarFromApp
06-08 17:50:48.387  1292  2250 I ActivityManager: Process com.aistra.hail (pid 28597) has died: cch+85 CEM 
06-08 17:50:48.387  1292  1856 D DisplayManagerService: Drop pending events for gone uid 10689
06-08 17:50:48.576  2746  3000 V ShellRecents: [140212816] RecentsController.finishInner: toHome=true userLeave=false willFinishToHome=true state=0 reason=requested
06-08 17:50:48.576  2746  3000 V ShellRecents:   normal finish
06-08 17:50:48.577  2746  3000 V ShellRecents: [140212816] RecentsController.finishInner: Completing finish
06-08 17:50:48.577  2746  3000 V ShellRecents: [140212816] RecentsController.cleanup
06-08 17:50:48.577  2746  3000 V WindowManagerShell: Transition animation finished (aborted=false), notifying core (#341) android.os.BinderProxy@5a65813@0
06-08 17:50:48.579  1292  2242 E TransitionChain: Can't collect into a chain with no transition
06-08 17:50:48.581  1292  1855 V WindowManager: Finish Transition (#341): created at 06-08 17:50:47.868 collect-started=0.323ms started=0.384ms ready=3.984ms sent=46.71ms finished=711.773ms
06-08 17:50:48.584  2746  3000 V WindowManagerShell: Track 0 became idle
06-08 17:50:48.584  2746  3000 V WindowManagerShell: All active transition animations finished
06-08 17:50:48.584  2746  3000 V ShellRecents: [140212816] RecentsController.finishInner: calling finish callback
06-08 17:50:48.587  1292  2408 D BackgroundInstallControlService: Package event received: 0
06-08 17:50:48.590  1292  2260 W UserManagerService: Requested status bar icon for non-badged user 0
06-08 17:50:48.592  1292  2255 W UserManagerService: Requested status bar icon for non-badged user 0
06-08 17:50:48.595  1292  1858 V WindowManager: Unknown focus tokens, dropping reportFocusChanged
06-08 17:50:48.613  1292  2238 V AutofillInlineSuggestionsRequestSession: onInputMethodFinishInput() received
06-08 17:50:48.615  1292  2242 V AutofillInlineSuggestionsRequestSession: onInputMethodStartInput() received on 0
06-08 17:50:48.624  1292  2255 W ActivityTaskManager: callingPackage for (uid=-1, pid=-1) has no WPC
06-08 17:50:48.633  2746  3000 V WindowManagerShell: Transition requested (#342): android.os.BinderProxy@1b40c0e TransitionRequestInfo { type = TO_FRONT, triggerTask = TaskInfo{userId=0 taskId=565 effectiveUid=10650 displayId=0 isRunning=true baseIntent=Intent { act=android.intent.action.MAIN cat=[android.intent.category.LAUNCHER] flg=0x10200000 cmp=com.termux/.app.TermuxActivity } baseActivity=ComponentInfo{com.termux/com.termux.app.TermuxActivity} topActivity=ComponentInfo{com.termux/com.termux.app.TermuxActivity} origActivity=null realActivity=ComponentInfo{com.termux/com.termux.app.TermuxActivity} numActivities=1 lastActiveTime=7999032 supportsMultiWindow=true resizeMode=2 isResizeable=true minWidth=-1 minHeight=-1 defaultMinSize=220 token=WCT{android.window.IWindowContainerToken$Stub$Proxy@629962f} topActivityType=1 pictureInPictureParams=null shouldDockBigOverlays=false launchIntoPipHostTaskId=-1 lastParentTaskIdBeforePip=-1 displayCutoutSafeInsets=Rect(0, 94 - 0, 0) topActivityInfo=ActivityInfo{2d1743c com.termux.app.TermuxActivity} launchCookies=[android.os.BinderProxy@d9e1e5f] positionInParent=Point(0, 0) parentTaskId=-1 isFocused=false isVisible=false isVisibleRequested=false isTopActivityNoDisplay=false isSleeping=false locusId=null displayAreaFeatureId=1 isTopActivityTransparent=false isActivityStackTransparent=false lastNonFullscreenBounds=Rect(281, 677 - 800, 1757) capturedLink=null capturedLinkTimestamp=0 requestedVisibleTypes=-9 topActivityRequestOpenInBrowserEducationTimestamp=0 appCompatTaskInfo=AppCompatTaskInfo { topActivityInSizeCompat=false eligibleForLetterboxEducation= false isLetterboxEducationEnabled= false isLetterboxDoubleTapEnabled= false eligibleForUserAspectRatioButton= false topActivityBoundsLetterboxed= false isFromLetterboxDoubleTap= false topActivityLetterboxVerticalPosition= -1 topActivityLetterboxHorizontalPosition= -1 topActivityLetterboxWidth=-1 topActivityLetterboxHeight=-1 topActivityLetterboxAppWidth=-1 topActivityLetterboxAppHeight=-1 isUserFullscreenOverrideEnabled=false isSystemFullscreenOverrideEnabled=false hasMinAspectRatioOverride=false topActivityLetterboxBounds=null cameraCompatTaskInfo=CameraCompatTaskInfo { freeformCameraCompatMode=inactive}} topActivityMainWindowFrame=null}, pipChange = null, remoteTransition = RemoteTransition { remoteTransition = android.window.IRemoteTransition$Stub$Proxy@700f5c5, appThread = android.app.IApplicationThread$Stub$Proxy@1a8db1a, debugName = QuickstepLaunch }, displayChange = null, flags = 0, debugId = 342 }
06-08 17:50:48.633  2746  3000 D ShellSplitScreen: logExit: no-op, mLoggerSessionId is null
06-08 17:50:48.633  2746  3000 V WindowManagerShell: RemoteTransition directly requested for (#342) android.os.BinderProxy@1b40c0e: RemoteTransition { remoteTransition = android.window.IRemoteTransition$Stub$Proxy@700f5c5, appThread = android.app.IApplicationThread$Stub$Proxy@1a8db1a, debugName = QuickstepLaunch }
06-08 17:50:48.640  2746  3000 D WindowManagerShell: onActivityRestartAttempt: topActivity=ComponentInfo{com.termux/com.termux.app.TermuxActivity}, wasVisible=false
06-08 17:50:48.640  2746  3000 D WindowManagerShell: setLauncherKeepClearAreaHeight: visible=false, height=265
06-08 17:50:48.643  1292  2260 D CoreBackPreview: Window{a35266 u0 org.telegram.messenger/org.telegram.messenger.DefaultIcon}: Setting back callback OnBackInvokedCallbackInfo{mCallback=android.window.IOnBackInvokedCallback$Stub$Proxy@4f67876, mPriority=-1, mIsAnimationCallback=false, mOverrideBehavior=0}
06-08 17:50:48.644  1292  2260 D CoreBackPreview: Window{a35266 u0 org.telegram.messenger/org.telegram.messenger.DefaultIcon}: Setting back callback null
06-08 17:50:48.653  1292  2408 D BackgroundInstallControlService: Package event received: 0
06-08 17:50:48.653  1292  2408 D BackgroundInstallControlService: Package event received: 0
06-08 17:50:48.653  1292  2408 D BackgroundInstallControlService: Package event received: 0
06-08 17:50:48.654  1292  2408 D BackgroundInstallControlService: Package event received: 0
06-08 17:50:48.664  1292  1855 V WindowManager: Sent Transition (#342) createdAt=06-08 17:50:48.625 via request=TransitionRequestInfo { type = TO_FRONT, triggerTask = TaskInfo{userId=0 taskId=565 effectiveUid=10650 displayId=0 isRunning=true baseIntent=Intent { act=android.intent.action.MAIN cat=[android.intent.category.LAUNCHER] flg=0x10200000 cmp=com.termux/.app.TermuxActivity } baseActivity=ComponentInfo{com.termux/com.termux.app.TermuxActivity} topActivity=ComponentInfo{com.termux/com.termux.app.TermuxActivity} origActivity=null realActivity=ComponentInfo{com.termux/com.termux.app.TermuxActivity} numActivities=1 lastActiveTime=7999032 supportsMultiWindow=true resizeMode=2 isResizeable=true minWidth=-1 minHeight=-1 defaultMinSize=220 token=WCT{RemoteToken{66584f6 Task{3b54322 #565 type=standard A=10650:com.termux}}} topActivityType=1 pictureInPictureParams=null shouldDockBigOverlays=false launchIntoPipHostTaskId=-1 lastParentTaskIdBeforePip=-1 displayCutoutSafeInsets=Rect(0, 94 - 0, 0) topActivityInfo=ActivityInfo{400c0f7 com.termux.app.TermuxActivity} launchCookies=[android.os.BinderProxy@3dd0935] positionInParent=Point(0, 0) parentTaskId=-1 isFocused=false isVisible=false isVisibleRequested=false isTopActivityNoDisplay=false isSleeping=false locusId=null displayAreaFeatureId=1 isTopActivityTransparent=false isActivityStackTransparent=false lastNonFullscreenBounds=Rect(281, 677 - 800, 1757) capturedLink=null capturedLinkTimestamp=0 requestedVisibleTypes=-9 topActivityRequestOpenInBrowserEducationTimestamp=0 appCompatTaskInfo=AppCompatTaskInfo { topActivityInSizeCompat=false eligibleForLetterboxEducation= false isLetterboxEducationEnabled= false isLetterboxDoubleTapEnabled= false eligibleForUserAspectRatioButton= false topActivityBoundsLetterboxed= false isFromLetterboxDoubleTap= false topActivityLetterboxVerticalPosition= -1 topActivityLetterboxHorizontalPosition= -1 topActivityLetterboxWidth=-1 topActivityLetterboxHeight=-1 topActivityLetterboxAppWidth=-1 topActivityLetterboxAppHeight=-1 isUserFullscreenOverrideEnabled=false isSystemFullscreenOverrideEnabled=false hasMinAspectRatioOverride=false topActivityLetterboxBounds=null cameraCompatTaskInfo=CameraCompatTaskInfo { freeformCameraCompatMode=inactive}} topActivityMainWindowFrame=null}, pipChange = null, remoteTransition = RemoteTransition { remoteTransition = android.window.IRemoteTransition$Stub$Proxy@fe4427c, appThread = android.app.IApplicationThread$Stub$Proxy@85a4705, debugName = QuickstepLaunch }, displayChange = null, flags = 0, debugId = 342 }
06-08 17:50:48.664  1292  1855 V WindowManager:     startWCT=WindowContainerTransaction { changes= {} hops= [] errorCallbackToken=null taskFragmentOrganizer=null }
06-08 17:50:48.665  2746  3034 V WindowManagerShell: onTransitionReady(transaction=5549097772036)
06-08 17:50:48.666  2746  3000 V WindowManagerShell: onTransitionReady (#342) android.os.BinderProxy@1b40c0e: {id=342 t=TO_FRONT f=0x0 trk=0 r=[0@Point(0, 0)] c=[
06-08 17:50:48.666  2746  3000 V WindowManagerShell:         {m=TO_FRONT f=MOVE_TO_TOP leash=Surface(name=Task=565)/@0x2941 sb=Rect(0, 0 - 1080, 2400) eb=Rect(0, 0 - 1080, 2400) epz=Point(1080, 2400) d=0 taskParent=-1},
06-08 17:50:48.666  2746  3000 V WindowManagerShell:         {m=TO_BACK f=SHOW_WALLPAPER leash=Surface(name=Task=1)/@0x5e98ee6 sb=Rect(0, 0 - 1080, 2400) eb=Rect(0, 0 - 1080, 2400) epz=Point(1080, 2400) d=0 taskParent=-1}
06-08 17:50:48.666  2746  3000 V WindowManagerShell:     ]}
06-08 17:50:48.666  2746  3000 V WindowManagerShell: Playing animation for (#342) android.os.BinderProxy@1b40c0e@0
06-08 17:50:48.667  2746  3000 V WindowManagerShell:  try firstHandler com.android.wm.shell.transition.DefaultMixedHandler@cb70dd7
06-08 17:50:48.667  2746  3000 V WindowManagerShell: Mixed transition for opening an intent with a remote transition and PIP or Desktop #342
06-08 17:50:48.667  1292  1855 V WindowManager:     info={id=342 t=TO_FRONT f=0x0 trk=0 r=[0@Point(0, 0)] c=[
06-08 17:50:48.667  1292  1855 V WindowManager:         {WCT{RemoteToken{66584f6 Task{3b54322 #565 type=standard A=10650:com.termux}}} m=TO_FRONT f=MOVE_TO_TOP leash=Surface(name=Task=565)/@0x16902a sb=Rect(0, 0 - 1080, 2400) eb=Rect(0, 0 - 1080, 2400) epz=Point(1080, 2400) d=0 taskParent=-1},
06-08 17:50:48.667  1292  1855 V WindowManager:         {WCT{RemoteToken{64aacf8 Task{327389d #1 type=home}}} m=TO_BACK f=SHOW_WALLPAPER leash=Surface(name=Task=1)/@0x1795c21 sb=Rect(0, 0 - 1080, 2400) eb=Rect(0, 0 - 1080, 2400) epz=Point(1080, 2400) d=0 taskParent=-1}
06-08 17:50:48.667  1292  1855 V WindowManager:     ]}
06-08 17:50:48.667  2746  3000 V WindowManagerShell: tryAnimateOpenIntentWithRemoteAndPipOrDesktop
06-08 17:50:48.668  2746  3000 V WindowManagerShell:  Delegate animation for (#342) to RemoteTransition { remoteTransition = android.window.IRemoteTransition$Stub$Proxy@700f5c5, appThread = android.app.IApplicationThread$Stub$Proxy@1a8db1a, debugName = QuickstepLaunch }
06-08 17:50:48.669  2746  3000 V WindowManagerShell:  animated by firstHandler
06-08 17:50:48.675  1292  2408 D BackgroundInstallControlService: Package event received: 0
06-08 17:50:48.679  1292  2250 W UserManagerService: Requested status bar icon for non-badged user 0
06-08 17:50:48.746  1292  2408 D BackgroundInstallControlService: Package event received: 0
06-08 17:50:48.748  1292  2257 V AutofillInlineSuggestionsRequestSession: onInputMethodFinishInput() received
06-08 17:50:48.748  1292  2257 V AutofillInlineSuggestionsRequestSession: onInputMethodStartInput() received on 1073741825
06-08 17:50:48.750  1292  2246 V AutofillInlineSuggestionsRequestSession: onInputMethodShowInputRequested() received: true
06-08 17:50:48.751  1292  2250 V AutofillInlineSuggestionsRequestSession: onInputMethodStartInputView() received
06-08 17:50:48.759  2746  3000 D WindowManagerShell: onKeepClearAreasChanged: restricted={}, unrestricted={Rect(0, 1298 - 1080, 2500)}
06-08 17:50:48.776  1292  2257 D CoreBackPreview: Window{49c8792 u0 com.termux/com.termux.app.TermuxActivity}: Setting back callback OnBackInvokedCallbackInfo{mCallback=android.window.IOnBackInvokedCallback$Stub$Proxy@29c9b7b, mPriority=0, mIsAnimationCallback=true, mOverrideBehavior=0}
06-08 17:50:48.779  1292  2239 V AutofillInlineSuggestionsRequestSession: onInputMethodShowInputRequested() received: true
06-08 17:50:48.781  1292  2246 V AutofillInlineSuggestionsRequestSession: onInputMethodShowInputRequested() received: true
06-08 17:50:48.790  1292  2260 D ImeInsetsSourceProvider: showImePostLayout cancelled, isScheduledAndReadyToShowIme: false, mImeRequester: null, serverVisible: true, frozen: false, mWindowContainer is: non-null, windowState: Window{1d045db u0 InputMethod}, isDrawn: true, mGivenInsetsPending: false, dcTarget: Window{38f7f11 u0 SnapshotStartingWindow for taskId=565}, controlTarget: Window{49c8792 u0 com.termux/com.termux.app.TermuxActivity}
06-08 17:50:49.012  2746  3000 V WindowManagerShell: Transition animation finished (aborted=false), notifying core (#342) android.os.BinderProxy@1b40c0e@0
06-08 17:50:49.018  2746  3000 V WindowManagerShell: Track 0 became idle
06-08 17:50:49.018  2746  3000 V WindowManagerShell: All active transition animations finished
06-08 17:50:49.018  1292  1855 V WindowManager: Finish Transition (#342): created at 06-08 17:50:48.625 collect-started=0.055ms request-sent=3.667ms started=13.413ms ready=24.244ms sent=36.567ms finished=388.981ms
06-08 17:50:49.024  1292  2260 W UserManagerService: Requested status bar icon for non-badged user 0
06-08 17:50:49.026  1292  2260 W UserManagerService: Requested status bar icon for non-badged user 0
06-08 17:50:49.030  1292  2408 D BackgroundInstallControlService: Package event received: 0
06-08 17:50:49.041  1292  2408 D BackgroundInstallControlService: Package event received: 0
06-08 17:51:29.190  2746  3000 D ShellBackPreview: Finishing gesture with event action: 1
06-08 17:51:29.190  2746  3000 D ShellBackPreview: onGestureFinished called while no gesture is started
06-08 17:51:31.703  2746  3000 V ShellRecents: RecentsTransitionHandler.startRecentsTransition
06-08 17:51:31.704  2746  3000 V WindowManagerShell: Directly starting a new transition type=TO_FRONT wct=WindowContainerTransaction { changes= {} hops= [{pendingIntent: options=Bundle[{android.activity.splashScreenStyle=-1, android.activity.sourceInfo=Supplier{VAL_PARCELABLE@148+104}, android.pendingIntent.backgroundActivityAllowed=3, android:activity.animAbortListener=null, android.activity.transientLaunch=true}]}] errorCallbackToken=null taskFragmentOrganizer=null } handler=com.android.wm.shell.recents.RecentsTransitionHandler@33969f2
06-08 17:51:31.712  2746  3000 V ShellRecents: [29527622] RecentsController.setTransition: id=android.os.BinderProxy@b6a0a21
06-08 17:51:31.712  2746  3000 D WindowManagerShell: onKeepClearAreasChanged: restricted={}, unrestricted={}
06-08 17:51:31.714  1292  2408 D BackgroundInstallControlService: Package event received: 0
06-08 17:51:31.714  1292  2408 D BackgroundInstallControlService: Package event received: 0
06-08 17:51:31.715  1292  1855 D AutofillManagerService: Close system dialogs
06-08 17:51:31.716  1292  1856 V AutofillUI: hideSaveUiUiThread(): mSaveUi=null, callback=null, mCallback=null
06-08 17:51:31.716  1292  2408 D BackgroundInstallControlService: Package event received: 0
06-08 17:51:31.738  2746 19481 V WindowManagerShell: onTransitionReady(transaction=5549097772115)
06-08 17:51:31.740  1292  2260 W UserManagerService: Requested status bar icon for non-badged user 0
06-08 17:51:31.741  2746  3000 V WindowManagerShell: onTransitionReady (#343) android.os.BinderProxy@b6a0a21: {id=343 t=TO_FRONT f=0x80 trk=0 r=[0@Point(0, 0)] c=[
06-08 17:51:31.741  2746  3000 V WindowManagerShell:         {m=TO_FRONT f=SHOW_WALLPAPER|MOVE_TO_TOP leash=Surface(name=Task=1)/@0x7541807 sb=Rect(0, 0 - 1080, 2400) eb=Rect(0, 0 - 1080, 2400) epz=Point(1080, 2400) d=0 taskParent=-1},
06-08 17:51:31.741  2746  3000 V WindowManagerShell:         {m=TO_BACK f=NONE leash=Surface(name=Task=565)/@0xa8a8d34 sb=Rect(0, 0 - 1080, 2400) eb=Rect(0, 0 - 1080, 2400) epz=Point(1080, 2400) d=0 taskParent=-1},
06-08 17:51:31.741  2746  3000 V WindowManagerShell:         {m=TO_FRONT f=IS_WALLPAPER leash=Surface(name=WallpaperWindowToken{a4f4a32 token=android.os.Binder@fdd23d})/@0xe3c275d sb=Rect(0, 0 - 1080, 2400) eb=Rect(0, 0 - 1080, 2400) epz=Point(1080, 2400) d=0}
06-08 17:51:31.741  2746  3000 V WindowManagerShell:     ]}
06-08 17:51:31.741  2746  3000 V WindowManagerShell: Playing animation for (#343) android.os.BinderProxy@b6a0a21@0
06-08 17:51:31.741  2746  3000 V WindowManagerShell:  try firstHandler com.android.wm.shell.recents.RecentsTransitionHandler@33969f2
06-08 17:51:31.741  2746  3000 V ShellRecents: [29527622] RecentsController.start
06-08 17:51:31.743  1292  1855 V WindowManager: Sent Transition (#343) createdAt=06-08 17:51:31.704
06-08 17:51:31.743  1292  1855 V WindowManager:     startWCT=WindowContainerTransaction { changes= {} hops= [{pendingIntent: options=Bundle[{android.activity.splashScreenStyle=-1, android.activity.sourceInfo=android.app.ActivityOptions$SourceInfo@52b128f, android.pendingIntent.backgroundActivityAllowed=3, android:activity.animAbortListener=null, android.activity.transientLaunch=true}]}] errorCallbackToken=null taskFragmentOrganizer=null }
06-08 17:51:31.743  1292  1855 V WindowManager:     info={id=343 t=TO_FRONT f=0x80 trk=0 r=[0@Point(0, 0)] c=[
06-08 17:51:31.743  1292  1855 V WindowManager:         {WCT{RemoteToken{64aacf8 Task{327389d #1 type=home}}} m=TO_FRONT f=SHOW_WALLPAPER|MOVE_TO_TOP leash=Surface(name=Task=1)/@0x1795c21 sb=Rect(0, 0 - 1080, 2400) eb=Rect(0, 0 - 1080, 2400) epz=Point(1080, 2400) d=0 taskParent=-1},
06-08 17:51:31.743  1292  1855 V WindowManager:         {WCT{RemoteToken{66584f6 Task{3b54322 #565 type=standard A=10650:com.termux}}} m=TO_BACK f=NONE leash=Surface(name=Task=565)/@0x16902a sb=Rect(0, 0 - 1080, 2400) eb=Rect(0, 0 - 1080, 2400) epz=Point(1080, 2400) d=0 taskParent=-1},
06-08 17:51:31.743  1292  1855 V WindowManager:         {m=TO_FRONT f=IS_WALLPAPER leash=Surface(name=WallpaperWindowToken{a4f4a32 token=android.os.Binder@fdd23d})/@0x83ef02a sb=Rect(0, 0 - 1080, 2400) eb=Rect(0, 0 - 1080, 2400) epz=Point(1080, 2400) d=0}
06-08 17:51:31.743  1292  1855 V WindowManager:     ]}
06-08 17:51:31.749  2746  3000 V ShellRecents:   not handling home taskId=1
06-08 17:51:31.750  2746  3000 V ShellRecents:   adding pausing leaf taskId=565 at layer=8
06-08 17:51:31.750  2746  3000 V ShellRecents: Applying transaction=5549097772115
06-08 17:51:31.752  2746  3000 V ShellRecents: Trying to get a handler for takeover but the flag is disabled
06-08 17:51:31.752  2746  3000 V ShellSplitScreen: getSplitBoundsForTaskId: expected split bounds for taskId=565 but not found
06-08 17:51:31.752  2746  3000 V ShellRecents: [29527622] RecentsController.start: calling onAnimationStart with 2 apps
06-08 17:51:31.752  2746  3000 V WindowManagerShell:  animated by firstHandler
06-08 17:51:31.754  1292  2336 E HandwritingModeController: Cannot get requestId: Handwriting was not initialized.
06-08 17:51:31.754  2746  3000 D WindowManagerShell: setLauncherKeepClearAreaHeight: visible=true, height=265
06-08 17:51:31.756  1292  2408 D BackgroundInstallControlService: Package event received: 0
06-08 17:51:31.757  2746  3000 V ShellRecents: [29527622] RecentsController.setInputConsumerEnabled: set focus to recents
06-08 17:51:31.757  2746  3047 V ShellRecents: [29527622] RecentsController.detachNavigationBarFromApp
06-08 17:51:31.757  1292  2250 W ActivityManager: Unable to start service Intent { act=com.android.launcher3.WINDOW_OVERLAY dat=app://com.android.launcher3:10584/... pkg=com.google.android.googlequicksearchbox } U=0: not found
06-08 17:51:31.860  2746 19481 V ShellRecents: [29527622] RecentsController.screenshotTask: taskId=565
06-08 17:51:31.879  2746  3000 V ShellRecents: [29527622] RecentsController.finishInner: toHome=true userLeave=true willFinishToHome=true state=0 reason=requested
06-08 17:51:31.879  2746  3000 V ShellRecents:   normal finish
06-08 17:51:31.879  2746  3000 V ShellRecents: [29527622] RecentsController.finishInner: Completing finish
06-08 17:51:31.879  2746  3000 V ShellRecents: [29527622] RecentsController.cleanup
06-08 17:51:31.879  2746  3000 V WindowManagerShell: Transition animation finished (aborted=false), notifying core (#343) android.os.BinderProxy@b6a0a21@0
06-08 17:51:31.886  2746  3000 V WindowManagerShell: Track 0 became idle
06-08 17:51:31.886  2746  3000 V WindowManagerShell: All active transition animations finished
06-08 17:51:31.886  2746  3000 V ShellRecents: [29527622] RecentsController.finishInner: calling finish callback
06-08 17:51:31.889  1292  2408 D BackgroundInstallControlService: Package event received: 0
06-08 17:51:31.890  1292  1858 V WindowManager: Unknown focus tokens, dropping reportFocusChanged
06-08 17:51:31.891  1292  2260 W UserManagerService: Requested status bar icon for non-badged user 0
06-08 17:51:31.894  1292  1855 V WindowManager: Finish Transition (#343): created at 06-08 17:51:31.704 collect-started=0.185ms started=0.227ms ready=6.18ms sent=30.28ms finished=179.048ms
