06-08 17:55:33.318  1292  2251 W AppOpService: Ignored setUidMode call for runtime permission app op: uid = 1001, code = READ_SMS, mode = allow, callingUid = 1001, oldMode = allow
06-08 17:55:33.318  1292  2251 W AppOpService: Ignored setUidMode call for runtime permission app op: uid = 1001, code = RECEIVE_SMS, mode = allow, callingUid = 1001, oldMode = allow
06-08 17:55:33.318  1292  2251 W AppOpService: Ignored setUidMode call for runtime permission app op: uid = 1001, code = RECEIVE_WAP_PUSH, mode = allow, callingUid = 1001, oldMode = allow
06-08 17:55:33.319  1292  2251 W AppOpService: Ignored setUidMode call for runtime permission app op: uid = 1001, code = SEND_SMS, mode = allow, callingUid = 1001, oldMode = allow
06-08 17:55:33.319  1292  2251 W AppOpService: Ignored setUidMode call for runtime permission app op: uid = 1001, code = READ_CELL_BROADCASTS, mode = allow, callingUid = 1001, oldMode = allow
06-08 17:55:33.332  1292  1292 V BackupManagerConstants: getFullBackupIntervalMilliseconds(...) returns 86400000
06-08 17:55:33.333  1292  1292 V BackupManagerConstants: getFullBackupRequiredNetworkType(...) returns 2
06-08 17:55:33.333  1292  1292 V BackupManagerConstants: getFullBackupRequireCharging(...) returns true
06-08 17:55:33.347  1292  2588 E AppOpService: Blocked setUidMode call for runtime permission app op: uid = 10561, code = RECORD_AUDIO, mode = foreground, callingUid = 1000, oldMode = allow
06-08 17:55:33.347  1292  2588 E AppOpService: java.lang.RuntimeException
06-08 17:55:33.347  1292  2588 E AppOpService: 	at com.android.server.permission.access.appop.AppOpService.setUidMode(AppOpService.kt:268)
06-08 17:55:33.347  1292  2588 E AppOpService: 	at com.android.server.appop.AppOpsCheckingServiceTracingDecorator.setUidMode(AppOpsCheckingServiceTracingDecorator.java:120)
06-08 17:55:33.347  1292  2588 E AppOpService: 	at com.android.server.appop.AppOpsService.setUidMode(AppOpsService.java:2149)
06-08 17:55:33.347  1292  2588 E AppOpService: 	at com.android.server.appop.AppOpsService.setUidMode(AppOpsService.java:2093)
06-08 17:55:33.347  1292  2588 E AppOpService: 	at android.app.AppOpsManager.setUidMode(AppOpsManager.java:8294)
06-08 17:55:33.347  1292  2588 E AppOpService: 	at com.android.role.controller.model.Permissions.setAppOpModeAsUser(Permissions.java:908)
06-08 17:55:33.347  1292  2588 E AppOpService: 	at com.android.role.controller.model.Permissions.setAppOpUidModeAsUser(Permissions.java:885)
06-08 17:55:33.347  1292  2588 E AppOpService: 	at com.android.role.controller.model.Permissions.grantPermissionAndAppOpAsUser(Permissions.java:373)
06-08 17:55:33.347  1292  2588 E AppOpService: 	at com.android.role.controller.model.Permissions.grantSingleAsUser(Permissions.java:247)
06-08 17:55:33.347  1292  2588 E AppOpService: 	at com.android.role.controller.model.Permissions.grantAsUser(Permissions.java:205)
06-08 17:55:33.347  1292  2588 E AppOpService: 	at com.android.role.controller.model.Role.grantAsUser(Role.java:918)
06-08 17:55:33.347  1292  2588 E AppOpService: 	at com.android.role.controller.service.RoleControllerServiceImpl.addRoleHolderInternal(RoleControllerServiceImpl.java:376)
06-08 17:55:33.347  1292  2588 E AppOpService: 	at com.android.role.controller.service.RoleControllerServiceImpl.onGrantDefaultRoles(RoleControllerServiceImpl.java:163)
06-08 17:55:33.347  1292  2588 E AppOpService: 	at com.android.role.LocalRoleController.lambda$grantDefaultRoles$1(LocalRoleController.java:56)
06-08 17:55:33.347  1292  2588 E AppOpService: 	at com.android.role.LocalRoleController.$r8$lambda$ye-flP7Mf14AbTzwSmiTgndT6Cg(LocalRoleController.java:0)
06-08 17:55:33.347  1292  2588 E AppOpService: 	at com.android.role.LocalRoleController$$ExternalSyntheticLambda1.run(R8$$SyntheticClass:0)
06-08 17:55:33.347  1292  2588 E AppOpService: 	at android.os.Handler.handleCallback(Handler.java:991)
06-08 17:55:33.347  1292  2588 E AppOpService: 	at android.os.Handler.dispatchMessage(Handler.java:102)
06-08 17:55:33.347  1292  2588 E AppOpService: 	at android.os.Looper.loopOnce(Looper.java:232)
06-08 17:55:33.347  1292  2588 E AppOpService: 	at android.os.Looper.loop(Looper.java:317)
06-08 17:55:33.347  1292  2588 E AppOpService: 	at android.os.HandlerThread.run(HandlerThread.java:85)
06-08 17:55:33.347  1292  2406 D ShortcutService: received package broadcast intent: Intent { act=android.intent.action.PACKAGE_CHANGED dat=package: flg=0x5000010 (has extras) }
06-08 17:55:33.347  1292  2406 D ShortcutService: changing package: com.example.dynamicisland.core userId=0
06-08 17:55:33.368  1292  1868 W TextServicesManagerService: no available spell checker services found
06-08 17:55:33.374  1292  1868 D LauncherAppsService: onPackageAdded: triggering onPackageAdded for user=UserHandle{0}, packageName=com.example.dynamicisland.core
06-08 17:55:33.374  1292  1868 D LauncherAppsService: onPackageAdded: triggering onPackageAdded for user=UserHandle{0}, packageName=com.example.dynamicisland.core
06-08 17:55:33.376  1292  1868 W PackageManager: Failed registering loading progress callback. Package is fully loaded.
06-08 17:55:33.387  1292  2249 W NotificationService: Toast already killed. pkg=xxwerwkohcmm.e.zsq token=android.os.BinderProxy@f1b393d
06-08 17:55:33.387  1292  2249 W ActivityManager: pid 2746 com.android.systemui sent binder code 2 with flags 1 to frozen apps and got error -32
06-08 17:55:33.401  1292  2237 W AppOpService: Ignored setUidMode call for runtime permission app op: uid = 10560, code = READ_CELL_BROADCASTS, mode = allow, callingUid = 1001, oldMode = allow
06-08 17:55:33.406  1292  2249 W AppOpService: Ignored setUidMode call for runtime permission app op: uid = 1001, code = READ_SMS, mode = allow, callingUid = 1001, oldMode = allow
06-08 17:55:33.407  1292  2237 W AppOpService: Ignored setUidMode call for runtime permission app op: uid = 1001, code = RECEIVE_SMS, mode = allow, callingUid = 1001, oldMode = allow
06-08 17:55:33.407  1292  2237 W AppOpService: Ignored setUidMode call for runtime permission app op: uid = 1001, code = RECEIVE_WAP_PUSH, mode = allow, callingUid = 1001, oldMode = allow
06-08 17:55:33.407  1292  2251 W AppOpService: Ignored setUidMode call for runtime permission app op: uid = 1001, code = SEND_SMS, mode = allow, callingUid = 1001, oldMode = allow
06-08 17:55:33.408  1292  2251 W AppOpService: Ignored setUidMode call for runtime permission app op: uid = 1001, code = READ_CELL_BROADCASTS, mode = allow, callingUid = 1001, oldMode = allow
06-08 17:55:33.414  1292  2249 D CoreBackPreview: Window{30cc4b4 u0 bin.mt.plus/bin.mt.plus.Main}: Setting back callback null
06-08 17:55:33.419  1292  2249 W AppOpService: Ignored setUidMode call for runtime permission app op: uid = 10560, code = READ_CELL_BROADCASTS, mode = allow, callingUid = 1001, oldMode = allow
06-08 17:55:33.423  1292  2248 W AppOpService: Ignored setUidMode call for runtime permission app op: uid = 1001, code = READ_SMS, mode = allow, callingUid = 1001, oldMode = allow
06-08 17:55:33.423  1292  2248 W AppOpService: Ignored setUidMode call for runtime permission app op: uid = 1001, code = RECEIVE_SMS, mode = allow, callingUid = 1001, oldMode = allow
06-08 17:55:33.424  1292  2248 W AppOpService: Ignored setUidMode call for runtime permission app op: uid = 1001, code = RECEIVE_WAP_PUSH, mode = allow, callingUid = 1001, oldMode = allow
06-08 17:55:33.424  1292  2248 W AppOpService: Ignored setUidMode call for runtime permission app op: uid = 1001, code = SEND_SMS, mode = allow, callingUid = 1001, oldMode = allow
06-08 17:55:33.424  1292  1903 I ActivityManager: Process PhantomProcessRecord {9b8a2d4 30888:30786:su/u0a690} died
06-08 17:55:33.424  1292  2248 W AppOpService: Ignored setUidMode call for runtime permission app op: uid = 1001, code = READ_CELL_BROADCASTS, mode = allow, callingUid = 1001, oldMode = allow
06-08 17:55:33.427  1292  2249 D CoreBackPreview: Window{6a6bf4d u0 bin.mt.plus/bin.mt.plus.Main}: Setting back callback OnBackInvokedCallbackInfo{mCallback=android.window.IOnBackInvokedCallback$Stub$Proxy@d671840, mPriority=0, mIsAnimationCallback=false, mOverrideBehavior=0}
06-08 17:55:33.432  1292  1858 V WindowManager: Unknown focus tokens, dropping reportFocusChanged
06-08 17:55:33.528  1292  2340 W MagnificationConnectionManager: requestConnection duplicated request: connect=false, mConnectionState=DISCONNECTED
06-08 17:55:33.536  1292  2340 W MagnificationConnectionManager: requestConnection duplicated request: connect=false, mConnectionState=DISCONNECTED
06-08 17:55:33.775  1292  2408 D BackgroundInstallControlService: Package event received: 0
06-08 17:55:33.793  1292  1870 I ActivityManager: Start proc 30959:com.google.android.packageinstaller/u0a515 for broadcast {com.google.android.packageinstaller/com.android.packageinstaller.PackageInstalledReceiver}
06-08 17:55:33.802  1292  1870 I ActivityManager: Start proc 30963:com.google.android.gms/u0a561 for service {com.google.android.gms/com.google.android.gms.chimera.GmsIntentOperationService}
06-08 17:55:33.838  1292  1868 W TextServicesManagerService: no available spell checker services found
06-08 17:55:33.841  1292  1868 V AutofillManagerService: onPackageModified(): com.example.dynamicisland.core
06-08 17:55:33.964  1292  1870 I ActivityManager: Start proc 31009:com.android.vending:background/u0a557 for broadcast {com.android.vending/com.google.android.finsky.packagemonitor.backgroundimpl.BackgroundPackageMonitorReceiverImpl$RegisteredReceiver}
06-08 17:55:34.605  1292  2248 W OptProp : Cannot read opt property android.window.PROPERTY_COMPAT_ALLOW_RESIZEABLE_ACTIVITY_OVERRIDES
06-08 17:55:34.605  1292  2248 W OptProp : Cannot read opt property android.window.PROPERTY_COMPAT_ALLOW_MIN_ASPECT_RATIO_OVERRIDE
06-08 17:55:34.610  1292  2248 W OptProp : Cannot read opt property android.window.PROPERTY_COMPAT_ALLOW_ORIENTATION_OVERRIDE
06-08 17:55:34.616  2746  3000 V WindowManagerShell: Transition requested (#363): android.os.BinderProxy@55dc2b5 TransitionRequestInfo { type = OPEN, triggerTask = TaskInfo{userId=0 taskId=603 effectiveUid=10656 displayId=0 isRunning=true baseIntent=Intent { act=android.intent.action.MAIN cat=[android.intent.category.LAUNCHER] flg=0x10000000 pkg=com.example.dynamicisland.core cmp=com.example.dynamicisland.core/.ui.ConfigActivity } baseActivity=ComponentInfo{com.example.dynamicisland.core/com.example.dynamicisland.core.ui.ConfigActivity} topActivity=ComponentInfo{com.example.dynamicisland.core/com.example.dynamicisland.core.ui.ConfigActivity} origActivity=null realActivity=ComponentInfo{com.example.dynamicisland.core/com.example.dynamicisland.core.ui.ConfigActivity} numActivities=1 lastActiveTime=8390289 supportsMultiWindow=true resizeMode=1 isResizeable=true minWidth=-1 minHeight=-1 defaultMinSize=220 token=WCT{android.window.IWindowContainerToken$Stub$Proxy@73d3d4a} topActivityType=1 pictureInPictureParams=null shouldDockBigOverlays=false launchIntoPipHostTaskId=-1 lastParentTaskIdBeforePip=-1 displayCutoutSafeInsets=Rect(0, 94 - 0, 0) topActivityInfo=ActivityInfo{efbd4bb com.example.dynamicisland.core.ui.ConfigActivity} launchCookies=[] positionInParent=Point(0, 0) parentTaskId=-1 isFocused=false isVisible=false isVisibleRequested=false isTopActivityNoDisplay=false isSleeping=false locusId=null displayAreaFeatureId=1 isTopActivityTransparent=false isActivityStackTransparent=false lastNonFullscreenBounds=Rect(281, 677 - 800, 1757) capturedLink=null capturedLinkTimestamp=0 requestedVisibleTypes=-9 topActivityRequestOpenInBrowserEducationTimestamp=0 appCompatTaskInfo=AppCompatTaskInfo { topActivityInSizeCompat=false eligibleForLetterboxEducation= false isLetterboxEducationEnabled= false isLetterboxDoubleTapEnabled= false eligibleForUserAspectRatioButton= false topActivityBoundsLetterboxed= false isFromLetterboxDoubleTap= false topActivityLetterboxVerticalPosition= -1 topActivityLetterboxHorizontalPosition= -1 topActivityLetterboxWidth=-1 topActivityLetterboxHeight=-1 topActivityLetterboxAppWidth=-1 topActivityLetterboxAppHeight=-1 isUserFullscreenOverrideEnabled=false isSystemFullscreenOverrideEnabled=false hasMinAspectRatioOverride=false topActivityLetterboxBounds=null cameraCompatTaskInfo=CameraCompatTaskInfo { freeformCameraCompatMode=inactive}} topActivityMainWindowFrame=null}, pipChange = null, remoteTransition = null, displayChange = null, flags = 0, debugId = 363 }
06-08 17:55:34.616  1292  2248 I ActivityTaskManager: START u0 {act=android.intent.action.MAIN cat=[android.intent.category.LAUNCHER] flg=0x10000000 pkg=com.example.dynamicisland.core cmp=com.example.dynamicisland.core/.ui.ConfigActivity} with LAUNCH_MULTIPLE from uid 10690 (sr=88872903) (BAL_ALLOW_VISIBLE_WINDOW) result code=0
06-08 17:55:34.616  2746  3000 D ShellSplitScreen: logExit: no-op, mLoggerSessionId is null
06-08 17:55:34.618  1292  2254 D CoreBackPreview: Window{6a6bf4d u0 bin.mt.plus/bin.mt.plus.Main}: Setting back callback null
06-08 17:55:34.631  1292  1870 I ActivityManager: Start proc 31079:com.example.dynamicisland.core/u0a656 for next-top-activity {com.example.dynamicisland.core/com.example.dynamicisland.core.ui.ConfigActivity}
06-08 17:55:34.631  1292  1858 V WindowManager: Unknown focus tokens, dropping reportFocusChanged
06-08 17:55:34.638  1292  2408 D BackgroundInstallControlService: Package event received: 0
06-08 17:55:34.661  1292  2257 D CoreBackPreview: Window{e8b0476 u0 Splash Screen com.example.dynamicisland.core}: Setting back callback OnBackInvokedCallbackInfo{mCallback=android.window.IOnBackInvokedCallback$Stub$Proxy@6a0bf5a, mPriority=0, mIsAnimationCallback=false, mOverrideBehavior=0}
06-08 17:55:34.666  1292  2254 W ActivityManager: Unable to start service Intent { act=com.google.android.gms.wearable.ACTION_PACKAGE_CHANGED dat=package: cmp=com.google.android.gms/.wearable.service.WearableControlService } U=0: not found
06-08 17:55:34.676  2746 15851 V WindowManagerShell: onTransitionReady(transaction=5549097773873)
06-08 17:55:34.677  2746  3000 V WindowManagerShell: onTransitionReady (#363) android.os.BinderProxy@55dc2b5: {id=363 t=OPEN f=0x0 trk=0 r=[0@Point(0, 0)] c=[
06-08 17:55:34.677  2746  3000 V WindowManagerShell:         {m=OPEN f=NONE leash=Surface(name=Task=603)/@0x478cfa sb=Rect(0, 0 - 1080, 2400) eb=Rect(0, 0 - 1080, 2400) epz=Point(1080, 2400) d=0 taskParent=-1},
06-08 17:55:34.677  2746  3000 V WindowManagerShell:         {m=TO_BACK f=NONE leash=Surface(name=Task=602)/@0xec762ab sb=Rect(0, 0 - 1080, 2400) eb=Rect(0, 0 - 1080, 2400) epz=Point(1080, 2400) d=0 taskParent=-1}
06-08 17:55:34.677  2746  3000 V WindowManagerShell:     ]}
06-08 17:55:34.677  2746  3000 V WindowManagerShell: Playing animation for (#363) android.os.BinderProxy@55dc2b5@0
06-08 17:55:34.677  2746  3000 V ShellRecents: RecentsTransitionHandler.startAnimation: no controller found
06-08 17:55:34.677  2746  3000 V WindowManagerShell: Transition doesn't have explicit remote, search filters for match for {id=363 t=OPEN f=0x0 trk=0 r=[0@Point(0, 0)] c=[{m=OPEN f=NONE leash=Surface(name=Task=603)/@0x478cfa sb=Rect(0, 0 - 1080, 2400) eb=Rect(0, 0 - 1080, 2400) epz=Point(1080, 2400) d=0 taskParent=-1},{m=TO_BACK f=NONE leash=Surface(name=Task=602)/@0xec762ab sb=Rect(0, 0 - 1080, 2400) eb=Rect(0, 0 - 1080, 2400) epz=Point(1080, 2400) d=0 taskParent=-1}]}
06-08 17:55:34.677  2746  3000 V WindowManagerShell:  Checking filter Pair{{types=[] flags=0x0] notFlags=0x100 checks=[{atype=home independent=true modes=[OPEN,TO_FRONT] flags=NONE mustBeTask=false order=TOP topActivity=ComponentInfo{com.android.launcher3/com.android.launcher3.uioverrides.QuickstepLauncher} launchCookie=null windowingMode=undefined},{atype=standard independent=true modes=[CLOSE,TO_BACK] flags=NONE mustBeTask=false order=ANY topActivity=null launchCookie=null windowingMode=undefined},{NOT atype=undefined independent=true modes=[] flags=NONE mustBeTask=true order=ANY topActivity=null launchCookie=null customAnim=true windowingMode=undefined}]} RemoteTransition { remoteTransition = android.window.IRemoteTransition$Stub$Proxy@732ede7, appThread = android.app.IApplicationThread$Stub$Proxy@cd5dd94, debugName = QuickstepLaunchHome }}
06-08 17:55:34.677  2746  3000 V WindowManagerShell:  Delegate animation for (#363) to null
06-08 17:55:34.677  2746  3000 V WindowManagerShell: start default transition animation, info = {id=363 t=OPEN f=0x0 trk=0 r=[0@Point(0, 0)] c=[{m=OPEN f=NONE leash=Surface(name=Task=603)/@0x478cfa sb=Rect(0, 0 - 1080, 2400) eb=Rect(0, 0 - 1080, 2400) epz=Point(1080, 2400) d=0 taskParent=-1},{m=TO_BACK f=NONE leash=Surface(name=Task=602)/@0xec762ab sb=Rect(0, 0 - 1080, 2400) eb=Rect(0, 0 - 1080, 2400) epz=Point(1080, 2400) d=0 taskParent=-1}]}
06-08 17:55:34.678  2746  3000 V WindowManagerShell: loadAnimation: anim=android.view.animation.AnimationSet@b346ca1 animAttr=0x9 type=OPEN isEntrance=false
06-08 17:55:34.678  2746  3000 V WindowManagerShell: loadAnimation: anim=android.view.animation.AnimationSet@3f17ec6 animAttr=0x8 type=OPEN isEntrance=true
06-08 17:55:34.681  2746  3000 V WindowManagerShell:  animated by com.android.wm.shell.transition.DefaultTransitionHandler@e1b5ab2
06-08 17:55:34.698  1292  1855 V WindowManager: Sent Transition (#363) createdAt=06-08 17:55:34.605 via request=TransitionRequestInfo { type = OPEN, triggerTask = TaskInfo{userId=0 taskId=603 effectiveUid=10656 displayId=0 isRunning=true baseIntent=Intent { act=android.intent.action.MAIN cat=[android.intent.category.LAUNCHER] flg=0x10000000 pkg=com.example.dynamicisland.core cmp=com.example.dynamicisland.core/.ui.ConfigActivity } baseActivity=ComponentInfo{com.example.dynamicisland.core/com.example.dynamicisland.core.ui.ConfigActivity} topActivity=ComponentInfo{com.example.dynamicisland.core/com.example.dynamicisland.core.ui.ConfigActivity} origActivity=null realActivity=ComponentInfo{com.example.dynamicisland.core/com.example.dynamicisland.core.ui.ConfigActivity} numActivities=1 lastActiveTime=8390289 supportsMultiWindow=true resizeMode=1 isResizeable=true minWidth=-1 minHeight=-1 defaultMinSize=220 token=WCT{RemoteToken{c257775 Task{8327dc0 #603 type=standard A=10656:com.example.dynamicisland.core}}} topActivityType=1 pictureInPictureParams=null shouldDockBigOverlays=false launchIntoPipHostTaskId=-1 lastParentTaskIdBeforePip=-1 displayCutoutSafeInsets=Rect(0, 94 - 0, 0) topActivityInfo=ActivityInfo{fd7b30a com.example.dynamicisland.core.ui.ConfigActivity} launchCookies=[] positionInParent=Point(0, 0) parentTaskId=-1 isFocused=false isVisible=false isVisibleRequested=false isTopActivityNoDisplay=false isSleeping=false locusId=null displayAreaFeatureId=1 isTopActivityTransparent=false isActivityStackTransparent=false lastNonFullscreenBounds=Rect(281, 677 - 800, 1757) capturedLink=null capturedLinkTimestamp=0 requestedVisibleTypes=-9 topActivityRequestOpenInBrowserEducationTimestamp=0 appCompatTaskInfo=AppCompatTaskInfo { topActivityInSizeCompat=false eligibleForLetterboxEducation= false isLetterboxEducationEnabled= false isLetterboxDoubleTapEnabled= false eligibleForUserAspectRatioButton= false topActivityBoundsLetterboxed= false isFromLetterboxDoubleTap= false topActivityLetterboxVerticalPosition= -1 topActivityLetterboxHorizontalPosition= -1 topActivityLetterboxWidth=-1 topActivityLetterboxHeight=-1 topActivityLetterboxAppWidth=-1 topActivityLetterboxAppHeight=-1 isUserFullscreenOverrideEnabled=false isSystemFullscreenOverrideEnabled=false hasMinAspectRatioOverride=false topActivityLetterboxBounds=null cameraCompatTaskInfo=CameraCompatTaskInfo { freeformCameraCompatMode=inactive}} topActivityMainWindowFrame=null}, pipChange = null, remoteTransition = null, displayChange = null, flags = 0, debugId = 363 }
06-08 17:55:34.698  1292  1855 V WindowManager:     startWCT=WindowContainerTransaction { changes= {} hops= [] errorCallbackToken=null taskFragmentOrganizer=null }
06-08 17:55:34.698  1292  1855 V WindowManager:     info={id=363 t=OPEN f=0x0 trk=0 r=[0@Point(0, 0)] c=[
06-08 17:55:34.698  1292  1855 V WindowManager:         {WCT{RemoteToken{c257775 Task{8327dc0 #603 type=standard A=10656:com.example.dynamicisland.core}}} m=OPEN f=NONE leash=Surface(name=Task=603)/@0x4d8d114 sb=Rect(0, 0 - 1080, 2400) eb=Rect(0, 0 - 1080, 2400) epz=Point(1080, 2400) d=0 taskParent=-1},
06-08 17:55:34.698  1292  1855 V WindowManager:         {WCT{RemoteToken{927ba90 Task{b8ef1f4 #602 type=standard A=10690:bin.mt.plus}}} m=TO_BACK f=NONE leash=Surface(name=Task=602)/@0x7c13751 sb=Rect(0, 0 - 1080, 2400) eb=Rect(0, 0 - 1080, 2400) epz=Point(1080, 2400) d=0 taskParent=-1}
06-08 17:55:34.698  1292  1855 V WindowManager:     ]}
06-08 17:55:34.714  1292  2249 W UserManagerService: Requested status bar icon for non-badged user 0
06-08 17:55:34.821  1292  2408 D BackgroundInstallControlService: Package event received: 0
06-08 17:55:34.821  1292  2408 D BackgroundInstallControlService: Package event received: 0
06-08 17:55:35.189  2746  3000 V WindowManagerShell: Transition animation finished (aborted=false), notifying core (#363) android.os.BinderProxy@55dc2b5@0
06-08 17:55:35.191  1292  1855 V WindowManager: Finish Transition (#363): created at 06-08 17:55:34.605 collect-started=0.038ms request-sent=9.098ms started=24.509ms ready=66.177ms sent=69.266ms finished=585.16ms
06-08 17:55:35.194  2746  3000 V WindowManagerShell: Track 0 became idle
06-08 17:55:35.194  2746  3000 V WindowManagerShell: All active transition animations finished
06-08 17:55:35.196  1292  2248 W UserManagerService: Requested status bar icon for non-badged user 0
06-08 17:55:35.198  1292  2249 W UserManagerService: Requested status bar icon for non-badged user 0
06-08 17:55:35.665  1292  2408 D BackgroundInstallControlService: Package event received: 0
06-08 17:55:35.665  1292  2408 D BackgroundInstallControlService: Package event received: 0
06-08 17:55:35.672  1292  2199 V Configuration: Updating configuration, locales updated from [] to [en_IN]
06-08 17:55:35.673  1292  2199 V Configuration: Updating configuration, locales updated from [] to [en_IN]
06-08 17:55:35.673  1292  2199 V Configuration: Updating configuration, locales updated from [] to [en_IN]
06-08 17:55:35.673  1292  2199 V Configuration: Updating configuration, locales updated from [] to [en_IN]
06-08 17:55:35.673  1292  2199 V Configuration: Updating configuration, locales updated from [] to [en_IN]
06-08 17:55:35.673  1292  2199 V Configuration: Updating configuration, locales updated from [] to [en_IN]
06-08 17:55:35.674  1292  2249 W ActivityManager: Unable to start service Intent { act=com.google.android.gms.wearable.ACTION_PACKAGE_ADDED dat=package: cmp=com.google.android.gms/.wearable.service.WearableControlService } U=0: not found
06-08 17:55:35.701  1292  2199 V Configuration: Updating configuration, locales updated from [] to [en_IN]
06-08 17:55:35.701  1292  2199 V Configuration: Updating configuration, locales updated from [] to [en_IN]
06-08 17:55:35.701  1292  2199 V Configuration: Updating configuration, locales updated from [] to [en_IN]
06-08 17:55:35.701  1292  2199 V Configuration: Updating configuration, locales updated from [] to [en_IN]
06-08 17:55:35.702  1292  2199 V Configuration: Updating configuration, locales updated from [] to [en_IN]
06-08 17:55:35.702  1292  2199 V Configuration: Updating configuration, locales updated from [] to [en_IN]
06-08 17:55:35.702  1292  2199 V Configuration: Updating configuration, locales updated from [] to [en_IN]
06-08 17:55:35.712  1292  2199 V Configuration: Updating configuration, locales updated from [] to [en_IN]
06-08 17:55:35.712  1292  2199 V Configuration: Updating configuration, locales updated from [] to [en_IN]
06-08 17:55:35.712  1292  2199 V Configuration: Updating configuration, locales updated from [] to [en_IN]
06-08 17:55:35.712  1292  2199 V Configuration: Updating configuration, locales updated from [] to [en_IN]
06-08 17:55:35.712  1292  2199 V Configuration: Updating configuration, locales updated from [] to [en_IN]
06-08 17:55:35.712  1292  2199 V Configuration: Updating configuration, locales updated from [] to [en_IN]
06-08 17:55:35.712  1292  2199 V Configuration: Updating configuration, locales updated from [] to [en_IN]
06-08 17:55:35.712  1292  2199 V Configuration: Updating configuration, locales updated from [] to [en_IN]
06-08 17:55:35.712  1292  2199 V Configuration: Updating configuration, locales updated from [] to [en_IN]
06-08 17:55:35.712  1292  2199 V Configuration: Updating configuration, locales updated from [] to [en_IN]
06-08 17:55:35.712  1292  2199 V Configuration: Updating configuration, locales updated from [] to [en_IN]
06-08 17:55:35.712  1292  2199 V Configuration: Updating configuration, locales updated from [] to [en_IN]
06-08 17:55:35.712  1292  2199 V Configuration: Updating configuration, locales updated from [] to [en_IN]
06-08 17:55:35.727  1292  2199 V Configuration: Updating configuration, locales updated from [] to [en_IN]
06-08 17:55:35.727  1292  2199 V Configuration: Updating configuration, locales updated from [] to [en_IN]
06-08 17:55:35.727  1292  2199 V Configuration: Updating configuration, locales updated from [] to [en_IN]
06-08 17:55:35.727  1292  2199 V Configuration: Updating configuration, locales updated from [] to [en_IN]
06-08 17:55:35.727  1292  2199 V Configuration: Updating configuration, locales updated from [] to [en_IN]
06-08 17:55:35.727  1292  2199 V Configuration: Updating configuration, locales updated from [] to [en_IN]
06-08 17:55:35.740 31079 31079 E TransactionExecutor: Failed to execute the transaction: tId:576445151 ClientTransaction{
06-08 17:55:35.740 31079 31079 E TransactionExecutor: tId:576445151   transactionItems=[
06-08 17:55:35.740 31079 31079 E TransactionExecutor: tId:576445151     LaunchActivityItem{activityToken=android.os.BinderProxy@ee1036c,intent=Intent { act=android.intent.action.MAIN cat=[android.intent.category.LAUNCHER] flg=0x10000000 pkg=com.example.dynamicisland.core cmp=com.example.dynamicisland.core/.ui.ConfigActivity },ident=26379075,info=ActivityInfo{dfe78a6 com.example.dynamicisland.core.ui.ConfigActivity},curConfig={1.15 404mcc97mnc [en_IN] ldltr sw436dp w436dp h970dp 396dpi nrml long hdr widecg port night finger -keyb/v/h -nav/h winConfig={ mBounds=Rect(0, 0 - 1080, 2400) mAppBounds=Rect(0, 0 - 1080, 2400) mMaxBounds=Rect(0, 0 - 1080, 2400) mDisplayRotation=ROTATION_0 mWindowingMode=fullscreen mActivityType=undefined mAlwaysOnTop=undefined mRotation=ROTATION_0} as.3 s.147 fontWeightAdjustment=0},overrideConfig={1.15 404mcc97mnc [en_IN] ldltr sw436dp w436dp h970dp 396dpi nrml long hdr widecg port night finger -keyb/v/h -nav/h winConfig={ mBounds=Rect(0, 0 - 1080, 2400) mAppBounds=Rect(0, 0 - 1080, 2400) mMaxBounds=Rect(0, 0 - 1080, 2400) mDisplayRotation=ROTATION_0 mWindowingMode=fullscreen mActivityType=standard mAlwaysOnTop=undefined mRotation=ROTATION_0} as.3 s.2 fontWeightAdjustment=0},deviceId=0,referrer=bin.mt.plus,procState=2,state=null,persistentState=null,pendingResults=null,pendingNewIntents=null,sceneTransitionInfo=null,profilerInfo=null,assistToken=android.os.BinderProxy@90c810b,shareableActivityToken=android.os.BinderProxy@3267be8,activityWindowInfo=ActivityWindowInfo{isEmbedded=false, taskBounds=Rect(0, 0 - 1080, 2400), taskFragmentBounds=Rect(0, 0 - 1080, 2400)}}
06-08 17:55:35.740 31079 31079 E TransactionExecutor: tId:576445151     ResumeActivityItem{mActivityToken=android.os.BinderProxy@ee1036c,procState=-1,isForward=true,shouldSendCompatFakeFocus=false}
06-08 17:55:35.740 31079 31079 E TransactionExecutor: tId:576445151     Target activity: com.example.dynamicisland.core.ui.ConfigActivity
06-08 17:55:35.740 31079 31079 E TransactionExecutor: tId:576445151   ]
06-08 17:55:35.740 31079 31079 E TransactionExecutor: tId:576445151 }
06-08 17:55:35.743 31079 31079 E AndroidRuntime: FATAL EXCEPTION: main
06-08 17:55:35.743 31079 31079 E AndroidRuntime: Process: com.example.dynamicisland.core, PID: 31079
06-08 17:55:35.743 31079 31079 E AndroidRuntime: java.lang.RuntimeException: Unable to start activity ComponentInfo{com.example.dynamicisland.core/com.example.dynamicisland.core.ui.ConfigActivity}: java.lang.SecurityException: Failed to find provider com.example.dynamicisland.provider for user 0; expected to find a valid ContentProvider for this authority
06-08 17:55:35.743 31079 31079 E AndroidRuntime: 	at android.app.ActivityThread.performLaunchActivity(ActivityThread.java:4206)
06-08 17:55:35.743 31079 31079 E AndroidRuntime: 	at android.app.ActivityThread.handleLaunchActivity(ActivityThread.java:4393)
06-08 17:55:35.743 31079 31079 E AndroidRuntime: 	at android.app.servertransaction.LaunchActivityItem.execute(LaunchActivityItem.java:222)
06-08 17:55:35.743 31079 31079 E AndroidRuntime: 	at android.app.servertransaction.TransactionExecutor.executeNonLifecycleItem(TransactionExecutor.java:133)
06-08 17:55:35.743 31079 31079 E AndroidRuntime: 	at android.app.servertransaction.TransactionExecutor.executeTransactionItems(TransactionExecutor.java:103)
06-08 17:55:35.743 31079 31079 E AndroidRuntime: 	at android.app.servertransaction.TransactionExecutor.execute(TransactionExecutor.java:80)
06-08 17:55:35.743 31079 31079 E AndroidRuntime: 	at android.app.ActivityThread$H.handleMessage(ActivityThread.java:2773)
06-08 17:55:35.743 31079 31079 E AndroidRuntime: 	at android.os.Handler.dispatchMessage(Handler.java:109)
06-08 17:55:35.743 31079 31079 E AndroidRuntime: 	at android.os.Looper.loopOnce(Looper.java:232)
06-08 17:55:35.743 31079 31079 E AndroidRuntime: 	at android.os.Looper.loop(Looper.java:317)
06-08 17:55:35.743 31079 31079 E AndroidRuntime: 	at android.app.ActivityThread.main(ActivityThread.java:8929)
06-08 17:55:35.743 31079 31079 E AndroidRuntime: 	at java.lang.reflect.Method.invoke(Native Method)
06-08 17:55:35.743 31079 31079 E AndroidRuntime: 	at com.android.internal.os.RuntimeInit$MethodAndArgsCaller.run(RuntimeInit.java:591)
06-08 17:55:35.743 31079 31079 E AndroidRuntime: 	at com.android.internal.os.ZygoteInit.main(ZygoteInit.java:911)
06-08 17:55:35.743 31079 31079 E AndroidRuntime: Caused by: java.lang.SecurityException: Failed to find provider com.example.dynamicisland.provider for user 0; expected to find a valid ContentProvider for this authority
06-08 17:55:35.743 31079 31079 E AndroidRuntime: 	at android.os.Parcel.createExceptionOrNull(Parcel.java:3261)
06-08 17:55:35.743 31079 31079 E AndroidRuntime: 	at android.os.Parcel.createException(Parcel.java:3245)
06-08 17:55:35.743 31079 31079 E AndroidRuntime: 	at android.os.Parcel.readException(Parcel.java:3228)
06-08 17:55:35.743 31079 31079 E AndroidRuntime: 	at android.os.Parcel.readException(Parcel.java:3170)
06-08 17:55:35.743 31079 31079 E AndroidRuntime: 	at android.content.IContentService$Stub$Proxy.registerContentObserver(IContentService.java:1044)
06-08 17:55:35.743 31079 31079 E AndroidRuntime: 	at android.content.ContentResolver.registerContentObserver(ContentResolver.java:2728)
06-08 17:55:35.743 31079 31079 E AndroidRuntime: 	at android.content.ContentResolver.registerContentObserver(ContentResolver.java:2676)
06-08 17:55:35.743 31079 31079 E AndroidRuntime: 	at com.example.dynamicisland.core.ipc.IslandIPCClient.<init>(IslandIPCClient.kt:96)
06-08 17:55:35.743 31079 31079 E AndroidRuntime: 	at com.example.dynamicisland.core.ipc.IslandIPCClient.<init>(Unknown Source:0)
06-08 17:55:35.743 31079 31079 E AndroidRuntime: 	at com.example.dynamicisland.core.ipc.IslandIPCClient$Companion.get(IslandIPCClient.kt:40)
06-08 17:55:35.743 31079 31079 E AndroidRuntime: 	at com.example.dynamicisland.core.di.AppModule.provideIslandIPCClient(AppModule.kt:71)
06-08 17:55:35.743 31079 31079 E AndroidRuntime: 	at com.example.dynamicisland.core.di.AppModule_ProvideIslandIPCClientFactory.provideIslandIPCClient(AppModule_ProvideIslandIPCClientFactory.java:44)
06-08 17:55:35.743 31079 31079 E AndroidRuntime: 	at com.example.dynamicisland.core.DaggerIslandApplication_HiltComponents_SingletonC$SingletonCImpl$SwitchingProvider.get(DaggerIslandApplication_HiltComponents_SingletonC.java:802)
06-08 17:55:35.743 31079 31079 E AndroidRuntime: 	at dagger.internal.DoubleCheck.get(DoubleCheck.java:47)
06-08 17:55:35.743 31079 31079 E AndroidRuntime: 	at com.example.dynamicisland.core.DaggerIslandApplication_HiltComponents_SingletonC$SingletonCImpl$SwitchingProvider.get(DaggerIslandApplication_HiltComponents_SingletonC.java:799)
06-08 17:55:35.743 31079 31079 E AndroidRuntime: 	at dagger.internal.DoubleCheck.get(DoubleCheck.java:47)
06-08 17:55:35.743 31079 31079 E AndroidRuntime: 	at com.example.dynamicisland.core.DaggerIslandApplication_HiltComponents_SingletonC$ActivityCImpl.injectConfigActivity2(DaggerIslandApplication_HiltComponents_SingletonC.java:445)
06-08 17:55:35.743 31079 31079 E AndroidRuntime: 	at com.example.dynamicisland.core.DaggerIslandApplication_HiltComponents_SingletonC$ActivityCImpl.injectConfigActivity(DaggerIslandApplication_HiltComponents_SingletonC.java:415)
06-08 17:55:35.743 31079 31079 E AndroidRuntime: 	at com.example.dynamicisland.core.ui.Hilt_ConfigActivity.inject(Hilt_ConfigActivity.java:99)
06-08 17:55:35.743 31079 31079 E AndroidRuntime: 	at com.example.dynamicisland.core.ui.Hilt_ConfigActivity$1.onContextAvailable(Hilt_ConfigActivity.java:46)
06-08 17:55:35.743 31079 31079 E AndroidRuntime: 	at androidx.activity.contextaware.ContextAwareHelper.dispatchOnContextAvailable(ContextAwareHelper.kt:84)
06-08 17:55:35.743 31079 31079 E AndroidRuntime: 	at androidx.activity.ComponentActivity.onCreate(ComponentActivity.kt:331)
06-08 17:55:35.743 31079 31079 E AndroidRuntime: 	at com.example.dynamicisland.core.ui.Hilt_ConfigActivity.onCreate(Hilt_ConfigActivity.java:63)
06-08 17:55:35.743 31079 31079 E AndroidRuntime: 	at com.example.dynamicisland.core.ui.ConfigActivity.onCreate(ConfigActivity.kt:35)
06-08 17:55:35.744 31079 31079 E AndroidRuntime: 	at android.app.Activity.performCreate(Activity.java:9079)
06-08 17:55:35.744 31079 31079 E AndroidRuntime: 	at android.app.Activity.performCreate(Activity.java:9057)
06-08 17:55:35.744 31079 31079 E AndroidRuntime: 	at android.app.Instrumentation.callActivityOnCreate(Instrumentation.java:1533)
06-08 17:55:35.744 31079 31079 E AndroidRuntime: 	at android.app.ActivityThread.performLaunchActivity(ActivityThread.java:4188)
06-08 17:55:35.744 31079 31079 E AndroidRuntime: 	... 13 more
06-08 17:55:35.744 31079 31079 E AndroidRuntime: Caused by: android.os.RemoteException: Remote stack trace:
06-08 17:55:35.744 31079 31079 E AndroidRuntime: 	at com.android.server.content.ContentService.registerContentObserver(ContentService.java:379)
06-08 17:55:35.744 31079 31079 E AndroidRuntime: 	at android.content.IContentService$Stub.onTransact(IContentService.java:498)
06-08 17:55:35.744 31079 31079 E AndroidRuntime: 	at android.os.Binder.execTransactInternal(Binder.java:1406)
06-08 17:55:35.744 31079 31079 E AndroidRuntime: 	at android.os.Binder.execTransact(Binder.java:1350)
06-08 17:55:35.744 31079 31079 E AndroidRuntime: 
06-08 17:55:35.749  1292  2249 W ActivityTaskManager:   Force finishing activity com.example.dynamicisland.core/.ui.ConfigActivity
06-08 17:55:35.750  2746  3000 V WindowManagerShell: Transition requested (#364): android.os.BinderProxy@f588cb0 TransitionRequestInfo { type = CLOSE, triggerTask = null, pipChange = null, remoteTransition = null, displayChange = null, flags = 16, debugId = 364 }
06-08 17:55:35.759  1292  2199 V Configuration: Updating configuration, locales updated from [] to [en_IN]
06-08 17:55:35.759  1292  2199 V Configuration: Updating configuration, locales updated from [] to [en_IN]
06-08 17:55:35.759  1292  2199 V Configuration: Updating configuration, locales updated from [] to [en_IN]
06-08 17:55:35.759  1292  2199 V Configuration: Updating configuration, locales updated from [] to [en_IN]
06-08 17:55:35.759  1292  2199 V Configuration: Updating configuration, locales updated from [] to [en_IN]
06-08 17:55:35.760  1292  2199 V Configuration: Updating configuration, locales updated from [] to [en_IN]
06-08 17:55:35.775  1292  2199 V Configuration: Updating configuration, locales updated from [] to [en_IN]
06-08 17:55:35.775  1292  2199 V Configuration: Updating configuration, locales updated from [] to [en_IN]
06-08 17:55:35.775  1292  2199 V Configuration: Updating configuration, locales updated from [] to [en_IN]
06-08 17:55:35.775  1292  2199 V Configuration: Updating configuration, locales updated from [] to [en_IN]
06-08 17:55:35.775  1292  2199 V Configuration: Updating configuration, locales updated from [] to [en_IN]
06-08 17:55:35.776  1292  2199 V Configuration: Updating configuration, locales updated from [] to [en_IN]
06-08 17:55:35.776  1292  2199 V Configuration: Updating configuration, locales updated from [] to [en_IN]
06-08 17:55:35.776  1292  2199 V Configuration: Updating configuration, locales updated from [] to [en_IN]
06-08 17:55:35.776  1292  2199 V Configuration: Updating configuration, locales updated from [] to [en_IN]
06-08 17:55:35.776  1292  2199 V Configuration: Updating configuration, locales updated from [] to [en_IN]
06-08 17:55:35.788  1292  2254 I ActivityManager: Process com.example.dynamicisland.core (pid 31079) has died: fg  TOP 
06-08 17:55:35.793  1292  1856 D DisplayManagerService: Drop pending events for gone uid 10656
06-08 17:55:35.801  1292  2199 V Configuration: Updating configuration, locales updated from [] to [en_IN]
06-08 17:55:35.802  1292  2199 V Configuration: Updating configuration, locales updated from [] to [en_IN]
06-08 17:55:35.802  1292  2199 V Configuration: Updating configuration, locales updated from [] to [en_IN]
06-08 17:55:35.802  1292  2199 V Configuration: Updating configuration, locales updated from [] to [en_IN]
06-08 17:55:35.802  1292  2199 V Configuration: Updating configuration, locales updated from [] to [en_IN]
06-08 17:55:35.802  1292  2199 V Configuration: Updating configuration, locales updated from [] to [en_IN]
06-08 17:55:35.815  2746  3806 V WindowManagerShell: onTransitionReady(transaction=5549097773930)
06-08 17:55:35.816  2746  3000 V WindowManagerShell: onTransitionReady (#364) android.os.BinderProxy@f588cb0: {id=364 t=CLOSE f=0x10 trk=0 r=[0@Point(0, 0)] c=[
06-08 17:55:35.816  2746  3000 V WindowManagerShell:         {m=TO_FRONT f=MOVE_TO_TOP leash=Surface(name=Task=602)/@0x3b1b729 sb=Rect(0, 0 - 1080, 2400) eb=Rect(0, 0 - 1080, 2400) epz=Point(1080, 2400) d=0 taskParent=-1},
06-08 17:55:35.816  2746  3000 V WindowManagerShell:         {m=CLOSE f=NONE leash=Surface(name=Task=603)/@0xb2faaae sb=Rect(0, 0 - 1080, 2400) eb=Rect(0, 0 - 1080, 2400) epz=Point(1080, 2400) d=0 taskParent=-1}
06-08 17:55:35.816  2746  3000 V WindowManagerShell:     ]}
06-08 17:55:35.816  2746  3000 V WindowManagerShell: Playing animation for (#364) android.os.BinderProxy@f588cb0@0
06-08 17:55:35.816  2746  3000 V ShellRecents: RecentsTransitionHandler.startAnimation: no controller found
06-08 17:55:35.816  2746  3000 V WindowManagerShell: Transition doesn't have explicit remote, search filters for match for {id=364 t=CLOSE f=0x10 trk=0 r=[0@Point(0, 0)] c=[{m=TO_FRONT f=MOVE_TO_TOP leash=Surface(name=Task=602)/@0x3b1b729 sb=Rect(0, 0 - 1080, 2400) eb=Rect(0, 0 - 1080, 2400) epz=Point(1080, 2400) d=0 taskParent=-1},{m=CLOSE f=NONE leash=Surface(name=Task=603)/@0xb2faaae sb=Rect(0, 0 - 1080, 2400) eb=Rect(0, 0 - 1080, 2400) epz=Point(1080, 2400) d=0 taskParent=-1}]}
06-08 17:55:35.816  2746  3000 V WindowManagerShell:  Checking filter Pair{{types=[] flags=0x0] notFlags=0x100 checks=[{atype=home independent=true modes=[OPEN,TO_FRONT] flags=NONE mustBeTask=false order=TOP topActivity=ComponentInfo{com.android.launcher3/com.android.launcher3.uioverrides.QuickstepLauncher} launchCookie=null windowingMode=undefined},{atype=standard independent=true modes=[CLOSE,TO_BACK] flags=NONE mustBeTask=false order=ANY topActivity=null launchCookie=null windowingMode=undefined},{NOT atype=undefined independent=true modes=[] flags=NONE mustBeTask=true order=ANY topActivity=null launchCookie=null customAnim=true windowingMode=undefined}]} RemoteTransition { remoteTransition = android.window.IRemoteTransition$Stub$Proxy@732ede7, appThread = android.app.IApplicationThread$Stub$Proxy@cd5dd94, debugName = QuickstepLaunchHome }}
06-08 17:55:35.816  2746  3000 V WindowManagerShell:  Delegate animation for (#364) to null
06-08 17:55:35.817  2746  3000 V WindowManagerShell: start default transition animation, info = {id=364 t=CLOSE f=0x10 trk=0 r=[0@Point(0, 0)] c=[{m=TO_FRONT f=MOVE_TO_TOP leash=Surface(name=Task=602)/@0x3b1b729 sb=Rect(0, 0 - 1080, 2400) eb=Rect(0, 0 - 1080, 2400) epz=Point(1080, 2400) d=0 taskParent=-1},{m=CLOSE f=NONE leash=Surface(name=Task=603)/@0xb2faaae sb=Rect(0, 0 - 1080, 2400) eb=Rect(0, 0 - 1080, 2400) epz=Point(1080, 2400) d=0 taskParent=-1}]}
06-08 17:55:35.818  2746  3000 V WindowManagerShell: loadAnimation: anim=android.view.animation.AnimationSet@8059ce5 animAttr=0xb type=CLOSE isEntrance=false
06-08 17:55:35.820  2746  3000 V WindowManagerShell: loadAnimation: anim=android.view.animation.AnimationSet@175326b animAttr=0xa type=CLOSE isEntrance=true
06-08 17:55:35.821  1292  2408 D BackgroundInstallControlService: Package event received: 0
06-08 17:55:35.821  1292  2408 D BackgroundInstallControlService: Package event received: 0
06-08 17:55:35.822  1292  2408 D BackgroundInstallControlService: Package event received: 0
06-08 17:55:35.825  1292  1855 V WindowManager: Sent Transition (#364) createdAt=06-08 17:55:35.749 via request=TransitionRequestInfo { type = CLOSE, triggerTask = null, pipChange = null, remoteTransition = null, displayChange = null, flags = 16, debugId = 364 }
06-08 17:55:35.825  1292  1855 V WindowManager:     startWCT=WindowContainerTransaction { changes= {} hops= [] errorCallbackToken=null taskFragmentOrganizer=null }
06-08 17:55:35.825  1292  1855 V WindowManager:     info={id=364 t=CLOSE f=0x10 trk=0 r=[0@Point(0, 0)] c=[
06-08 17:55:35.825  1292  1855 V WindowManager:         {WCT{RemoteToken{927ba90 Task{b8ef1f4 #602 type=standard A=10690:bin.mt.plus}}} m=TO_FRONT f=MOVE_TO_TOP leash=Surface(name=Task=602)/@0x7c13751 sb=Rect(0, 0 - 1080, 2400) eb=Rect(0, 0 - 1080, 2400) epz=Point(1080, 2400) d=0 taskParent=-1},
06-08 17:55:35.825  1292  1855 V WindowManager:         {WCT{RemoteToken{c257775 Task{8327dc0 #603 type=standard A=10656:com.example.dynamicisland.core}}} m=CLOSE f=NONE leash=Surface(name=Task=603)/@0x4d8d114 sb=Rect(0, 0 - 1080, 2400) eb=Rect(0, 0 - 1080, 2400) epz=Point(1080, 2400) d=0 taskParent=-1}
06-08 17:55:35.825  1292  1855 V WindowManager:     ]}
06-08 17:55:35.827  2746  3000 V WindowManagerShell:  animated by com.android.wm.shell.transition.DefaultTransitionHandler@e1b5ab2
06-08 17:55:35.833  1292  2237 W UserManagerService: Requested status bar icon for non-badged user 0
06-08 17:55:35.843  1292  2235 D CoreBackPreview: Window{e8b0476 u0 Splash Screen com.example.dynamicisland.core EXITING}: Setting back callback null
06-08 17:55:36.141  1292  2408 D BackgroundInstallControlService: Package event received: 0
06-08 17:55:36.250  1292  1858 W ActivityTaskManager: Activity top resumed state loss timeout for ActivityRecord{26379075 u0 com.example.dynamicisland.core/.ui.ConfigActivity t603 f} isExiting}
06-08 17:55:36.334  2746  3000 V WindowManagerShell: Transition animation finished (aborted=false), notifying core (#364) android.os.BinderProxy@f588cb0@0
06-08 17:55:36.336  1292  1855 V WindowManager: Finish Transition (#364): created at 06-08 17:55:35.749 collect-started=0.083ms request-sent=0.108ms started=3.271ms ready=42.346ms sent=63.617ms finished=586.413ms
06-08 17:55:36.343  2746  3000 V WindowManagerShell: Track 0 became idle
06-08 17:55:36.343  2746  3000 V WindowManagerShell: All active transition animations finished
06-08 17:55:36.344  1292  2254 W UserManagerService: Requested status bar icon for non-badged user 0
06-08 17:55:36.348  1292  2249 W UserManagerService: Requested status bar icon for non-badged user 0
06-08 17:55:36.368  1292  2248 W ActivityManager: Unable to start service Intent { act=com.google.android.gms.wearable.ACTION_PACKAGE_CHANGED dat=package: cmp=com.google.android.gms/.wearable.service.WearableControlService } U=0: not found
06-08 17:55:36.379  1292  2408 D BackgroundInstallControlService: Package event received: 0
06-08 17:55:36.389  1292  1870 I ActivityManager: Start proc 31157:android.process.acore/u0a512 for content provider {com.android.providers.contacts/com.android.providers.contacts.ContactsProvider2}
06-08 17:55:36.572  1292  2408 D BackgroundInstallControlService: Package event received: 0
06-08 17:55:36.572  1292  2408 D BackgroundInstallControlService: Package event received: 0
06-08 17:55:36.572  1292  2408 D BackgroundInstallControlService: Package event received: 0
06-08 17:55:36.572  1292  2408 D BackgroundInstallControlService: Package event received: 0
06-08 17:55:36.638  1292  2406 D ShortcutService: received package broadcast intent: Intent { act=android.intent.action.PACKAGE_CHANGED dat=package: flg=0x45000010 (has extras) }
06-08 17:55:36.638  1292  2406 D ShortcutService: changing package: com.example.dynamicisland.core userId=0
06-08 17:55:36.645  1292  1868 V AutofillManagerService: onPackageModified(): com.example.dynamicisland.core
06-08 17:55:36.655  1292  2248 W AppOpService: Ignored setUidMode call for runtime permission app op: uid = 10560, code = READ_CELL_BROADCASTS, mode = allow, callingUid = 1001, oldMode = allow
06-08 17:55:36.663  1292  2235 W AppOpService: Ignored setUidMode call for runtime permission app op: uid = 1001, code = READ_SMS, mode = allow, callingUid = 1001, oldMode = allow
06-08 17:55:36.664  1292  2249 W AppOpService: Ignored setUidMode call for runtime permission app op: uid = 1001, code = RECEIVE_SMS, mode = allow, callingUid = 1001, oldMode = allow
06-08 17:55:36.665  1292  2254 W AppOpService: Ignored setUidMode call for runtime permission app op: uid = 1001, code = RECEIVE_WAP_PUSH, mode = allow, callingUid = 1001, oldMode = allow
06-08 17:55:36.665  1292  2254 W AppOpService: Ignored setUidMode call for runtime permission app op: uid = 1001, code = SEND_SMS, mode = allow, callingUid = 1001, oldMode = allow
06-08 17:55:36.666  1292  2235 W AppOpService: Ignored setUidMode call for runtime permission app op: uid = 1001, code = READ_CELL_BROADCASTS, mode = allow, callingUid = 1001, oldMode = allow
06-08 17:55:36.673  1292  2340 W MagnificationConnectionManager: requestConnection duplicated request: connect=false, mConnectionState=DISCONNECTED
06-08 17:55:36.679  1292  2248 W AppOpService: Ignored setUidMode call for runtime permission app op: uid = 10560, code = READ_CELL_BROADCASTS, mode = allow, callingUid = 1001, oldMode = allow
06-08 17:55:36.681  1292  2248 W AppOpService: Ignored setUidMode call for runtime permission app op: uid = 1001, code = READ_SMS, mode = allow, callingUid = 1001, oldMode = allow
06-08 17:55:36.681  1292  2248 W AppOpService: Ignored setUidMode call for runtime permission app op: uid = 1001, code = RECEIVE_SMS, mode = allow, callingUid = 1001, oldMode = allow
06-08 17:55:36.681  1292  2248 W AppOpService: Ignored setUidMode call for runtime permission app op: uid = 1001, code = RECEIVE_WAP_PUSH, mode = allow, callingUid = 1001, oldMode = allow
06-08 17:55:36.682  1292  2248 W AppOpService: Ignored setUidMode call for runtime permission app op: uid = 1001, code = SEND_SMS, mode = allow, callingUid = 1001, oldMode = allow
06-08 17:55:36.682  1292  2248 W AppOpService: Ignored setUidMode call for runtime permission app op: uid = 1001, code = READ_CELL_BROADCASTS, mode = allow, callingUid = 1001, oldMode = allow
06-08 17:55:36.696  1292  2588 E AppOpService: Blocked setUidMode call for runtime permission app op: uid = 10561, code = RECORD_AUDIO, mode = foreground, callingUid = 1000, oldMode = allow
06-08 17:55:36.696  1292  2588 E AppOpService: java.lang.RuntimeException
06-08 17:55:36.696  1292  2588 E AppOpService: 	at com.android.server.permission.access.appop.AppOpService.setUidMode(AppOpService.kt:268)
06-08 17:55:36.696  1292  2588 E AppOpService: 	at com.android.server.appop.AppOpsCheckingServiceTracingDecorator.setUidMode(AppOpsCheckingServiceTracingDecorator.java:120)
06-08 17:55:36.696  1292  2588 E AppOpService: 	at com.android.server.appop.AppOpsService.setUidMode(AppOpsService.java:2149)
06-08 17:55:36.696  1292  2588 E AppOpService: 	at com.android.server.appop.AppOpsService.setUidMode(AppOpsService.java:2093)
06-08 17:55:36.696  1292  2588 E AppOpService: 	at android.app.AppOpsManager.setUidMode(AppOpsManager.java:8294)
06-08 17:55:36.696  1292  2588 E AppOpService: 	at com.android.role.controller.model.Permissions.setAppOpModeAsUser(Permissions.java:908)
06-08 17:55:36.696  1292  2588 E AppOpService: 	at com.android.role.controller.model.Permissions.setAppOpUidModeAsUser(Permissions.java:885)
06-08 17:55:36.696  1292  2588 E AppOpService: 	at com.android.role.controller.model.Permissions.grantPermissionAndAppOpAsUser(Permissions.java:373)
06-08 17:55:36.696  1292  2588 E AppOpService: 	at com.android.role.controller.model.Permissions.grantSingleAsUser(Permissions.java:247)
06-08 17:55:36.696  1292  2588 E AppOpService: 	at com.android.role.controller.model.Permissions.grantAsUser(Permissions.java:205)
06-08 17:55:36.696  1292  2588 E AppOpService: 	at com.android.role.controller.model.Role.grantAsUser(Role.java:918)
06-08 17:55:36.696  1292  2588 E AppOpService: 	at com.android.role.controller.service.RoleControllerServiceImpl.addRoleHolderInternal(RoleControllerServiceImpl.java:376)
06-08 17:55:36.696  1292  2588 E AppOpService: 	at com.android.role.controller.service.RoleControllerServiceImpl.onGrantDefaultRoles(RoleControllerServiceImpl.java:163)
06-08 17:55:36.696  1292  2588 E AppOpService: 	at com.android.role.LocalRoleController.lambda$grantDefaultRoles$1(LocalRoleController.java:56)
