06-08 17:53:34.245  1292  2232 I Telecom : TelecomServiceImpl$1: isInEmergencyCall: false: TSI.iIEC@Dmw
06-08 17:53:34.246  1292  2232 I Telecom : TelecomServiceImpl$1: isInEmergencyCall: false: TSI.iIEC@Dm0
06-08 17:53:34.247  1292  2232 I Telecom : TelecomServiceImpl$1: isInEmergencyCall: false: TSI.iIEC@Dm4
06-08 17:53:34.248  1292  2232 I Telecom : TelecomServiceImpl$1: isInEmergencyCall: false: TSI.iIEC@Dm8
06-08 17:53:34.248  1292  2232 I Telecom : TelecomServiceImpl$1: isInEmergencyCall: false: TSI.iIEC@DnA
06-08 17:53:34.249  1292  2232 I Telecom : TelecomServiceImpl$1: isInEmergencyCall: false: TSI.iIEC@DnE
06-08 17:53:34.250  1292  2232 I Telecom : TelecomServiceImpl$1: isInEmergencyCall: false: TSI.iIEC@DnI
06-08 17:53:34.251  1292  2232 I Telecom : TelecomServiceImpl$1: isInEmergencyCall: false: TSI.iIEC@DnM
06-08 17:53:34.252  1292  2232 I Telecom : TelecomServiceImpl$1: isInEmergencyCall: false: TSI.iIEC@DnQ
06-08 17:53:34.253  1292  2232 I Telecom : TelecomServiceImpl$1: isInEmergencyCall: false: TSI.iIEC@DnU
06-08 17:53:46.695  1292  1914 D KernelCpuUidUserSysTimeReader: Removing uids 10652-10652
06-08 17:53:50.991  2746  3000 D ShellBackPreview: Finishing gesture with event action: 3
06-08 17:53:50.991  2746  3000 D ShellBackPreview: onGestureFinished called while no gesture is started
06-08 17:53:53.996  1292  2251 V AutofillInlineSuggestionsRequestSession: onInputMethodFinishInput() received
06-08 17:53:53.997  1292  2251 V AutofillInlineSuggestionsRequestSession: onInputMethodStartInput() received on 0
06-08 17:54:03.266  2746  3000 D ShellBackPreview: Finishing gesture with event action: 1
06-08 17:54:03.266  2746  3000 D ShellBackPreview: onGestureFinished called while no gesture is started
06-08 17:54:03.545  1292  2251 D CoreBackPreview: Window{6f28cae u0 PopupWindow:a4e2dfc}: Setting back callback OnBackInvokedCallbackInfo{mCallback=android.window.IOnBackInvokedCallback$Stub$Proxy@f0c8c61, mPriority=0, mIsAnimationCallback=false, mOverrideBehavior=0}
06-08 17:54:03.841  1292  2251 D CoreBackPreview: startBackNavigation currentTask=Task{787788b #599 type=standard A=10640:org.telegram.messenger}, topRunningActivity=ActivityRecord{117755482 u0 org.telegram.messenger/.DefaultIcon t599}, callbackInfo=OnBackInvokedCallbackInfo{mCallback=android.window.IOnBackInvokedCallback$Stub$Proxy@f0c8c61, mPriority=0, mIsAnimationCallback=false, mOverrideBehavior=0}, currentFocus=Window{6f28cae u0 PopupWindow:a4e2dfc}
06-08 17:54:03.842  2746  3000 D ShellBackPreview: Received backNavigationInfo:BackNavigationInfo{mType=TYPE_CALLBACK (4), mOnBackNavigationDone=android.os.RemoteCallback@471c7c9, mOnBackInvokedCallback=android.window.IOnBackInvokedCallback$Stub$Proxy@dc77ece, mPrepareRemoteAnimation=false, mAnimationCallback=false, mCustomizeAnimationInfo=null}
06-08 17:54:04.063  1292  2251 D CoreBackPreview: Window{6f28cae u0 PopupWindow:a4e2dfc}: Setting back callback null
06-08 17:54:04.068  1292  2251 E WindowManager: Unknown window type: 1000
06-08 17:54:04.081  1292  1858 V WindowManager: Unknown focus tokens, dropping reportFocusChanged
06-08 17:54:04.099  1292  2251 V AutofillInlineSuggestionsRequestSession: onInputMethodFinishInput() received
06-08 17:54:04.100  1292  2251 V AutofillInlineSuggestionsRequestSession: onInputMethodStartInput() received on 0
06-08 17:54:04.107  2746  3000 I ShellBackPreview: Navigation window gone.
06-08 17:54:04.107  2746  3000 D ShellBackPreview: BackAnimationController: finishBackNavigation()
06-08 17:54:04.107  2746  3000 D ShellBackPreview: resetTouchTracker -> reset an unfinished gesture
06-08 17:54:04.108  1292  2251 D CoreBackPreview: onBackNavigationDone backType=4, triggerBack=false
06-08 17:54:04.342  2746  3000 D ShellBackPreview: Finishing gesture with event action: 1
06-08 17:54:04.342  2746  3000 D ShellBackPreview: onGestureFinished called while no gesture is started
06-08 17:54:05.125  1292  2251 D CoreBackPreview: startBackNavigation currentTask=Task{787788b #599 type=standard A=10640:org.telegram.messenger}, topRunningActivity=ActivityRecord{117755482 u0 org.telegram.messenger/.DefaultIcon t599}, callbackInfo=OnBackInvokedCallbackInfo{mCallback=android.window.IOnBackInvokedCallback$Stub$Proxy@7ed2f3a, mPriority=0, mIsAnimationCallback=true, mOverrideBehavior=0}, currentFocus=Window{87288ae u0 org.telegram.messenger/org.telegram.messenger.DefaultIcon}
06-08 17:54:05.126  2746  3000 D ShellBackPreview: Received backNavigationInfo:BackNavigationInfo{mType=TYPE_CALLBACK (4), mOnBackNavigationDone=android.os.RemoteCallback@d384cde, mOnBackInvokedCallback=android.window.IOnBackInvokedCallback$Stub$Proxy@a188ebf, mPrepareRemoteAnimation=false, mAnimationCallback=true, mCustomizeAnimationInfo=null}
06-08 17:54:05.172  2746  3000 D ShellBackPreview: Finishing gesture with event action: 1
06-08 17:54:05.172  2746  3000 D ShellBackPreview: onGestureFinished() mTriggerBack == true
06-08 17:54:05.172  2746  3000 D ShellBackPreview: Trigger back without dispatching to animator.
06-08 17:54:05.172  2746  3000 D ShellBackPreview: BackAnimationController: finishBackNavigation()
06-08 17:54:05.173  1292  2251 D CoreBackPreview: onBackNavigationDone backType=4, triggerBack=true
06-08 17:54:13.895  1292  2251 D CoreBackPreview: startBackNavigation currentTask=Task{787788b #599 type=standard A=10640:org.telegram.messenger}, topRunningActivity=ActivityRecord{117755482 u0 org.telegram.messenger/.DefaultIcon t599}, callbackInfo=OnBackInvokedCallbackInfo{mCallback=android.window.IOnBackInvokedCallback$Stub$Proxy@7ed2f3a, mPriority=0, mIsAnimationCallback=true, mOverrideBehavior=0}, currentFocus=Window{87288ae u0 org.telegram.messenger/org.telegram.messenger.DefaultIcon}
06-08 17:54:13.896  2746  3000 D ShellBackPreview: Received backNavigationInfo:BackNavigationInfo{mType=TYPE_CALLBACK (4), mOnBackNavigationDone=android.os.RemoteCallback@12bf386, mOnBackInvokedCallback=android.window.IOnBackInvokedCallback$Stub$Proxy@38db447, mPrepareRemoteAnimation=false, mAnimationCallback=true, mCustomizeAnimationInfo=null}
06-08 17:54:13.995  2746  3000 D ShellBackPreview: Finishing gesture with event action: 1
06-08 17:54:13.995  2746  3000 D ShellBackPreview: onGestureFinished() mTriggerBack == true
06-08 17:54:13.995  2746  3000 D ShellBackPreview: Trigger back without dispatching to animator.
06-08 17:54:13.995  2746  3000 D ShellBackPreview: BackAnimationController: finishBackNavigation()
06-08 17:54:13.995  1292  2251 D CoreBackPreview: onBackNavigationDone backType=4, triggerBack=true
06-08 17:54:16.465  1292  2251 D CoreBackPreview: startBackNavigation currentTask=Task{787788b #599 type=standard A=10640:org.telegram.messenger}, topRunningActivity=ActivityRecord{117755482 u0 org.telegram.messenger/.DefaultIcon t599}, callbackInfo=OnBackInvokedCallbackInfo{mCallback=android.window.IOnBackInvokedCallback$Stub$Proxy@7ed2f3a, mPriority=0, mIsAnimationCallback=true, mOverrideBehavior=0}, currentFocus=Window{87288ae u0 org.telegram.messenger/org.telegram.messenger.DefaultIcon}
06-08 17:54:16.466  2746  3000 D ShellBackPreview: Received backNavigationInfo:BackNavigationInfo{mType=TYPE_CALLBACK (4), mOnBackNavigationDone=android.os.RemoteCallback@16d0bc7, mOnBackInvokedCallback=android.window.IOnBackInvokedCallback$Stub$Proxy@7eed5f4, mPrepareRemoteAnimation=false, mAnimationCallback=true, mCustomizeAnimationInfo=null}
06-08 17:54:16.581  2746  3000 D ShellBackPreview: Finishing gesture with event action: 1
06-08 17:54:16.581  2746  3000 D ShellBackPreview: onGestureFinished() mTriggerBack == true
06-08 17:54:16.581  2746  3000 D ShellBackPreview: Trigger back without dispatching to animator.
06-08 17:54:16.581  2746  3000 D ShellBackPreview: BackAnimationController: finishBackNavigation()
06-08 17:54:16.581  1292  2183 D CoreBackPreview: onBackNavigationDone backType=4, triggerBack=true
06-08 17:54:17.985  2746  3000 V ShellRecents: RecentsTransitionHandler.startRecentsTransition
06-08 17:54:17.986  2746  3000 V WindowManagerShell: Directly starting a new transition type=TO_FRONT wct=WindowContainerTransaction { changes= {} hops= [{pendingIntent: options=Bundle[{android.activity.splashScreenStyle=-1, android.activity.sourceInfo=Supplier{VAL_PARCELABLE@148+104}, android.pendingIntent.backgroundActivityAllowed=3, android:activity.animAbortListener=null, android.activity.transientLaunch=true}]}] errorCallbackToken=null taskFragmentOrganizer=null } handler=com.android.wm.shell.recents.RecentsTransitionHandler@33969f2
06-08 17:54:17.996  2746  3000 V ShellRecents: [22059671] RecentsController.setTransition: id=android.os.BinderProxy@84c4116
06-08 17:54:18.001  1292  2408 D BackgroundInstallControlService: Package event received: 0
06-08 17:54:18.001  1292  2408 D BackgroundInstallControlService: Package event received: 0
06-08 17:54:18.001  1292  2408 D BackgroundInstallControlService: Package event received: 0
06-08 17:54:18.031  2746  3034 V WindowManagerShell: onTransitionReady(transaction=5549097772603)
06-08 17:54:18.033  2746  3000 V WindowManagerShell: onTransitionReady (#347) android.os.BinderProxy@84c4116: {id=347 t=TO_FRONT f=0x80 trk=0 r=[0@Point(0, 0)] c=[
06-08 17:54:18.033  2746  3000 V WindowManagerShell:         {m=TO_FRONT f=SHOW_WALLPAPER|MOVE_TO_TOP leash=Surface(name=Task=1)/@0x6360484 sb=Rect(0, 0 - 1080, 2400) eb=Rect(0, 0 - 1080, 2400) epz=Point(1080, 2400) d=0 taskParent=-1},
06-08 17:54:18.033  2746  3000 V WindowManagerShell:         {m=TO_BACK f=NONE leash=Surface(name=Task=599)/@0xc78546d sb=Rect(0, 0 - 1080, 2400) eb=Rect(0, 0 - 1080, 2400) epz=Point(1080, 2400) d=0 taskParent=-1},
06-08 17:54:18.033  2746  3000 V WindowManagerShell:         {m=TO_FRONT f=IS_WALLPAPER leash=Surface(name=WallpaperWindowToken{a4f4a32 token=android.os.Binder@fdd23d})/@0x24358a2 sb=Rect(0, 0 - 1080, 2400) eb=Rect(0, 0 - 1080, 2400) epz=Point(1080, 2400) d=0}
06-08 17:54:18.033  2746  3000 V WindowManagerShell:     ]}
06-08 17:54:18.035  2746  3000 V WindowManagerShell: Playing animation for (#347) android.os.BinderProxy@84c4116@0
06-08 17:54:18.036  2746  3000 V WindowManagerShell:  try firstHandler com.android.wm.shell.recents.RecentsTransitionHandler@33969f2
06-08 17:54:18.036  2746  3000 V ShellRecents: [22059671] RecentsController.start
06-08 17:54:18.039  1292  2256 W UserManagerService: Requested status bar icon for non-badged user 0
06-08 17:54:18.044  2746  3000 V ShellRecents:   not handling home taskId=1
06-08 17:54:18.045  2746  3000 V ShellRecents:   adding pausing leaf taskId=599 at layer=8
06-08 17:54:18.046  2746  3000 V ShellRecents: Applying transaction=5549097772603
06-08 17:54:18.047  2746  3000 V ShellRecents: Trying to get a handler for takeover but the flag is disabled
06-08 17:54:18.047  2746  3000 V ShellSplitScreen: getSplitBoundsForTaskId: expected split bounds for taskId=599 but not found
06-08 17:54:18.047  2746  3000 V ShellRecents: [22059671] RecentsController.start: calling onAnimationStart with 2 apps
06-08 17:54:18.048  2746  3000 V WindowManagerShell:  animated by firstHandler
06-08 17:54:18.056  1292  1855 V WindowManager: Sent Transition (#347) createdAt=06-08 17:54:17.986
06-08 17:54:18.056  1292  1855 V WindowManager:     startWCT=WindowContainerTransaction { changes= {} hops= [{pendingIntent: options=Bundle[{android.activity.splashScreenStyle=-1, android.activity.sourceInfo=android.app.ActivityOptions$SourceInfo@d63bc5, android.pendingIntent.backgroundActivityAllowed=3, android:activity.animAbortListener=null, android.activity.transientLaunch=true}]}] errorCallbackToken=null taskFragmentOrganizer=null }
06-08 17:54:18.056  1292  1855 V WindowManager:     info={id=347 t=TO_FRONT f=0x80 trk=0 r=[0@Point(0, 0)] c=[
06-08 17:54:18.056  1292  1855 V WindowManager:         {WCT{RemoteToken{64aacf8 Task{327389d #1 type=home}}} m=TO_FRONT f=SHOW_WALLPAPER|MOVE_TO_TOP leash=Surface(name=Task=1)/@0x1795c21 sb=Rect(0, 0 - 1080, 2400) eb=Rect(0, 0 - 1080, 2400) epz=Point(1080, 2400) d=0 taskParent=-1},
06-08 17:54:18.056  1292  1855 V WindowManager:         {WCT{RemoteToken{1447098 Task{787788b #599 type=standard A=10640:org.telegram.messenger}}} m=TO_BACK f=NONE leash=Surface(name=Task=599)/@0x4dd820a sb=Rect(0, 0 - 1080, 2400) eb=Rect(0, 0 - 1080, 2400) epz=Point(1080, 2400) d=0 taskParent=-1},
06-08 17:54:18.056  1292  1855 V WindowManager:         {m=TO_FRONT f=IS_WALLPAPER leash=Surface(name=WallpaperWindowToken{a4f4a32 token=android.os.Binder@fdd23d})/@0x83ef02a sb=Rect(0, 0 - 1080, 2400) eb=Rect(0, 0 - 1080, 2400) epz=Point(1080, 2400) d=0}
06-08 17:54:18.056  1292  1855 V WindowManager:     ]}
06-08 17:54:18.056  1292  1855 D AutofillManagerService: Close system dialogs
06-08 17:54:18.056  1292  1856 V AutofillUI: hideSaveUiUiThread(): mSaveUi=null, callback=null, mCallback=null
06-08 17:54:18.060  2746  3000 V ShellRecents: [22059671] RecentsController.setInputConsumerEnabled: set focus to recents
06-08 17:54:18.088  1292  2336 E HandwritingModeController: Cannot get requestId: Handwriting was not initialized.
06-08 17:54:18.255  2746 15851 V ShellRecents: [22059671] RecentsController.screenshotTask: taskId=599
06-08 17:54:18.273  1292  2256 W ActivityTaskManager: callingPackage for (uid=-1, pid=-1) has no WPC
06-08 17:54:18.281  2746  3000 V WindowManagerShell: Transition requested (#348): android.os.BinderProxy@f45d544 TransitionRequestInfo { type = TO_FRONT, triggerTask = TaskInfo{userId=0 taskId=565 effectiveUid=10650 displayId=0 isRunning=true baseIntent=Intent { act=android.intent.action.MAIN cat=[android.intent.category.LAUNCHER] flg=0x10200000 cmp=com.termux/.app.TermuxActivity } baseActivity=ComponentInfo{com.termux/com.termux.app.TermuxActivity} topActivity=ComponentInfo{com.termux/com.termux.app.TermuxActivity} origActivity=null realActivity=ComponentInfo{com.termux/com.termux.app.TermuxActivity} numActivities=1 lastActiveTime=8147559 supportsMultiWindow=true resizeMode=2 isResizeable=true minWidth=-1 minHeight=-1 defaultMinSize=220 token=WCT{android.window.IWindowContainerToken$Stub$Proxy@e4eb62d} topActivityType=1 pictureInPictureParams=null shouldDockBigOverlays=false launchIntoPipHostTaskId=-1 lastParentTaskIdBeforePip=-1 displayCutoutSafeInsets=Rect(0, 94 - 0, 0) topActivityInfo=ActivityInfo{6d37762 com.termux.app.TermuxActivity} launchCookies=[android.os.BinderProxy@d9e1e5f] positionInParent=Point(0, 0) parentTaskId=-1 isFocused=false isVisible=false isVisibleRequested=false isTopActivityNoDisplay=false isSleeping=false locusId=null displayAreaFeatureId=1 isTopActivityTransparent=false isActivityStackTransparent=false lastNonFullscreenBounds=Rect(281, 677 - 800, 1757) capturedLink=null capturedLinkTimestamp=0 requestedVisibleTypes=-9 topActivityRequestOpenInBrowserEducationTimestamp=0 appCompatTaskInfo=AppCompatTaskInfo { topActivityInSizeCompat=false eligibleForLetterboxEducation= false isLetterboxEducationEnabled= false isLetterboxDoubleTapEnabled= false eligibleForUserAspectRatioButton= false topActivityBoundsLetterboxed= false isFromLetterboxDoubleTap= false topActivityLetterboxVerticalPosition= -1 topActivityLetterboxHorizontalPosition= -1 topActivityLetterboxWidth=-1 topActivityLetterboxHeight=-1 topActivityLetterboxAppWidth=-1 topActivityLetterboxAppHeight=-1 isUserFullscreenOverrideEnabled=false isSystemFullscreenOverrideEnabled=false hasMinAspectRatioOverride=false topActivityLetterboxBounds=null cameraCompatTaskInfo=CameraCompatTaskInfo { freeformCameraCompatMode=inactive}} topActivityMainWindowFrame=null}, pipChange = null, remoteTransition = null, displayChange = null, flags = 0, debugId = 348 }
06-08 17:54:18.281  2746  3000 D ShellSplitScreen: logExit: no-op, mLoggerSessionId is null
06-08 17:54:18.287  2746  3000 D WindowManagerShell: onActivityRestartAttempt: topActivity=ComponentInfo{com.termux/com.termux.app.TermuxActivity}, wasVisible=false
06-08 17:54:18.289  1292  2408 D BackgroundInstallControlService: Package event received: 0
06-08 17:54:18.297  1292  2408 D BackgroundInstallControlService: Package event received: 0
06-08 17:54:18.297  1292  2408 D BackgroundInstallControlService: Package event received: 0
06-08 17:54:18.297  1292  2408 D BackgroundInstallControlService: Package event received: 0
06-08 17:54:18.303  2746  3034 V WindowManagerShell: onTransitionReady(transaction=5549097772616)
06-08 17:54:18.304  2746  3000 V WindowManagerShell: onTransitionReady (#348) android.os.BinderProxy@f45d544: {id=348 t=TO_FRONT f=0x0 trk=0 r=[0@Point(0, 0)] c=[
06-08 17:54:18.304  2746  3000 V WindowManagerShell:         {m=TO_FRONT f=MOVE_TO_TOP leash=Surface(name=Task=565)/@0x10d8829 sb=Rect(0, 0 - 1080, 2400) eb=Rect(0, 0 - 1080, 2400) epz=Point(1080, 2400) d=0 taskParent=-1 opt={t=CUSTOM overrideTask=true enterResId=0 exitResId=0 mUserId=0}},
06-08 17:54:18.304  2746  3000 V WindowManagerShell:         {m=TO_BACK f=SHOW_WALLPAPER leash=Surface(name=Task=1)/@0xaf5a7ae sb=Rect(0, 0 - 1080, 2400) eb=Rect(0, 0 - 1080, 2400) epz=Point(1080, 2400) d=0 taskParent=-1 opt={t=CUSTOM overrideTask=true enterResId=0 exitResId=0 mUserId=0}},
06-08 17:54:18.304  2746  3000 V WindowManagerShell:         {m=TO_BACK f=NONE leash=Surface(name=Task=599)/@0x243994f sb=Rect(0, 0 - 1080, 2400) eb=Rect(0, 0 - 1080, 2400) epz=Point(1080, 2400) d=0 taskParent=-1 opt={t=CUSTOM overrideTask=true enterResId=0 exitResId=0 mUserId=0}}
06-08 17:54:18.304  2746  3000 V WindowManagerShell:     ]}
06-08 17:54:18.305  2746  3000 V WindowManagerShell: Transition (#348) android.os.BinderProxy@f45d544@0 ready while (#347) android.os.BinderProxy@84c4116@0 is still animating. Notify the animating transition in case they can be merged
06-08 17:54:18.305  2746  3000 V ShellRecents: [22059671] RecentsController.merge
06-08 17:54:18.310  2746  3000 V ShellRecents:   closing pausing taskId=599
06-08 17:54:18.310  2746  3000 V ShellRecents:   opening new leaf taskId=565 wasClosing=false
06-08 17:54:18.310  2746  3000 V ShellRecents: [22059671] RecentsController.merge: empty pausing tasks
06-08 17:54:18.311  2746  3000 V ShellRecents: [22059671] RecentsController.merge: calling onTasksAppeared
06-08 17:54:18.312  2746  3000 V WindowManagerShell: Transition was merged: (#348) android.os.BinderProxy@f45d544@0 into (#347) android.os.BinderProxy@84c4116@0
06-08 17:54:18.316  1292  1855 V WindowManager: Sent Transition (#348) createdAt=06-08 17:54:18.273 via request=TransitionRequestInfo { type = TO_FRONT, triggerTask = TaskInfo{userId=0 taskId=565 effectiveUid=10650 displayId=0 isRunning=true baseIntent=Intent { act=android.intent.action.MAIN cat=[android.intent.category.LAUNCHER] flg=0x10200000 cmp=com.termux/.app.TermuxActivity } baseActivity=ComponentInfo{com.termux/com.termux.app.TermuxActivity} topActivity=ComponentInfo{com.termux/com.termux.app.TermuxActivity} origActivity=null realActivity=ComponentInfo{com.termux/com.termux.app.TermuxActivity} numActivities=1 lastActiveTime=8147559 supportsMultiWindow=true resizeMode=2 isResizeable=true minWidth=-1 minHeight=-1 defaultMinSize=220 token=WCT{RemoteToken{66584f6 Task{3b54322 #565 type=standard A=10650:com.termux}}} topActivityType=1 pictureInPictureParams=null shouldDockBigOverlays=false launchIntoPipHostTaskId=-1 lastParentTaskIdBeforePip=-1 displayCutoutSafeInsets=Rect(0, 94 - 0, 0) topActivityInfo=ActivityInfo{400c0f7 com.termux.app.TermuxActivity} launchCookies=[android.os.BinderProxy@3dd0935] positionInParent=Point(0, 0) parentTaskId=-1 isFocused=false isVisible=false isVisibleRequested=false isTopActivityNoDisplay=false isSleeping=false locusId=null displayAreaFeatureId=1 isTopActivityTransparent=false isActivityStackTransparent=false lastNonFullscreenBounds=Rect(281, 677 - 800, 1757) capturedLink=null capturedLinkTimestamp=0 requestedVisibleTypes=-9 topActivityRequestOpenInBrowserEducationTimestamp=0 appCompatTaskInfo=AppCompatTaskInfo { topActivityInSizeCompat=false eligibleForLetterboxEducation= false isLetterboxEducationEnabled= false isLetterboxDoubleTapEnabled= false eligibleForUserAspectRatioButton= false topActivityBoundsLetterboxed= false isFromLetterboxDoubleTap= false topActivityLetterboxVerticalPosition= -1 topActivityLetterboxHorizontalPosition= -1 topActivityLetterboxWidth=-1 topActivityLetterboxHeight=-1 topActivityLetterboxAppWidth=-1 topActivityLetterboxAppHeight=-1 isUserFullscreenOverrideEnabled=false isSystemFullscreenOverrideEnabled=false hasMinAspectRatioOverride=false topActivityLetterboxBounds=null cameraCompatTaskInfo=CameraCompatTaskInfo { freeformCameraCompatMode=inactive}} topActivityMainWindowFrame=null}, pipChange = null, remoteTransition = null, displayChange = null, flags = 0, debugId = 348 }
06-08 17:54:18.316  1292  1855 V WindowManager:     startWCT=WindowContainerTransaction { changes= {} hops= [] errorCallbackToken=null taskFragmentOrganizer=null }
06-08 17:54:18.316  1292  1855 V WindowManager:     info={id=348 t=TO_FRONT f=0x0 trk=0 r=[0@Point(0, 0)] c=[
06-08 17:54:18.316  1292  1855 V WindowManager:         {WCT{RemoteToken{66584f6 Task{3b54322 #565 type=standard A=10650:com.termux}}} m=TO_FRONT f=MOVE_TO_TOP leash=Surface(name=Task=565)/@0x16902a sb=Rect(0, 0 - 1080, 2400) eb=Rect(0, 0 - 1080, 2400) epz=Point(1080, 2400) d=0 taskParent=-1 opt={t=CUSTOM overrideTask=true enterResId=0 exitResId=0 mUserId=0}},
06-08 17:54:18.316  1292  1855 V WindowManager:         {WCT{RemoteToken{64aacf8 Task{327389d #1 type=home}}} m=TO_BACK f=SHOW_WALLPAPER leash=Surface(name=Task=1)/@0x1795c21 sb=Rect(0, 0 - 1080, 2400) eb=Rect(0, 0 - 1080, 2400) epz=Point(1080, 2400) d=0 taskParent=-1 opt={t=CUSTOM overrideTask=true enterResId=0 exitResId=0 mUserId=0}},
06-08 17:54:18.316  1292  1855 V WindowManager:         {WCT{RemoteToken{1447098 Task{787788b #599 type=standard A=10640:org.telegram.messenger}}} m=TO_BACK f=NONE leash=Surface(name=Task=599)/@0x4dd820a sb=Rect(0, 0 - 1080, 2400) eb=Rect(0, 0 - 1080, 2400) epz=Point(1080, 2400) d=0 taskParent=-1 opt={t=CUSTOM overrideTask=true enterResId=0 exitResId=0 mUserId=0}}
06-08 17:54:18.316  1292  1855 V WindowManager:     ]}
06-08 17:54:18.324  1292  2183 W UserManagerService: Requested status bar icon for non-badged user 0
06-08 17:54:18.329  2746  3000 V ShellRecents: [22059671] RecentsController.finishInner: toHome=false userLeave=false willFinishToHome=false state=1 reason=requested
06-08 17:54:18.330  2746  3000 V ShellRecents:   normal finish
06-08 17:54:18.330  2746  3000 V ShellRecents: [22059671] RecentsController.finishInner: Completing finish
06-08 17:54:18.330  2746  3000 V ShellRecents: [22059671] RecentsController.cleanup
06-08 17:54:18.331  2746  3000 V WindowManagerShell: Transition animation finished (aborted=false), notifying core (#347) android.os.BinderProxy@84c4116@0
06-08 17:54:18.332  1292  2251 E TransitionChain: Can't collect into a chain with no transition
06-08 17:54:18.335  1292  1855 V WindowManager: Finish Transition (#347): created at 06-08 17:54:17.986 collect-started=0.259ms started=0.308ms ready=6.639ms sent=43.579ms finished=345.952ms
06-08 17:54:18.343  1292  1858 V WindowManager: Unknown focus tokens, dropping reportFocusChanged
06-08 17:54:18.344  1292  1855 V WindowManager: Finish Transition (#348): created at 06-08 17:54:18.273 collect-started=0.029ms request-sent=7.385ms started=9.578ms ready=19.796ms sent=28.278ms finished=70.714ms
06-08 17:54:18.348  2746  3000 V WindowManagerShell: Track 0 became idle
06-08 17:54:18.349  2746  3000 V WindowManagerShell: All active transition animations finished
06-08 17:54:18.349  2746  3000 V ShellRecents: [22059671] RecentsController.finishInner: calling finish callback
06-08 17:54:18.353  1292  2408 D BackgroundInstallControlService: Package event received: 0
06-08 17:54:18.357  1292  2256 W UserManagerService: Requested status bar icon for non-badged user 0
06-08 17:54:18.365  1292  2183 W UserManagerService: Requested status bar icon for non-badged user 0
06-08 17:54:18.367  1292  2256 W UserManagerService: Requested status bar icon for non-badged user 0
06-08 17:54:18.369  1292  2256 W UserManagerService: Requested status bar icon for non-badged user 0
06-08 17:54:18.370  1292  2408 D BackgroundInstallControlService: Package event received: 0
06-08 17:54:18.371  1292  2239 W UserManagerService: Requested status bar icon for non-badged user 0
06-08 17:54:18.382  1292  2183 V AutofillInlineSuggestionsRequestSession: onInputMethodFinishInput() received
06-08 17:54:18.382  1292  2183 V AutofillInlineSuggestionsRequestSession: onInputMethodStartInput() received on 1073741825
06-08 17:54:18.384  1292  2408 D BackgroundInstallControlService: Package event received: 0
06-08 17:54:18.384  1292  2183 V AutofillInlineSuggestionsRequestSession: onInputMethodShowInputRequested() received: true
06-08 17:54:18.385  1292  2183 V AutofillInlineSuggestionsRequestSession: onInputMethodStartInputView() received
06-08 17:54:18.390  2746  3000 D WindowManagerShell: onKeepClearAreasChanged: restricted={}, unrestricted={Rect(0, 1298 - 1080, 2500)}
06-08 17:54:18.395  1292  2408 D BackgroundInstallControlService: Package event received: 0
06-08 17:54:18.396  1292  2408 D BackgroundInstallControlService: Package event received: 0
06-08 17:54:18.418  1292  2247 D CoreBackPreview: Window{49c8792 u0 com.termux/com.termux.app.TermuxActivity}: Setting back callback OnBackInvokedCallbackInfo{mCallback=android.window.IOnBackInvokedCallback$Stub$Proxy@d6f9f5d, mPriority=0, mIsAnimationCallback=true, mOverrideBehavior=0}
06-08 17:54:18.420  1292  2256 V AutofillInlineSuggestionsRequestSession: onInputMethodShowInputRequested() received: true
06-08 17:54:18.421  1292  2232 D ImeInsetsSourceProvider: showImePostLayout cancelled, isScheduledAndReadyToShowIme: false, mImeRequester: null, serverVisible: true, frozen: false, mWindowContainer is: non-null, windowState: Window{1d045db u0 InputMethod}, isDrawn: true, mGivenInsetsPending: false, dcTarget: Window{f066cd4 u0 SnapshotStartingWindow for taskId=565}, controlTarget: Window{49c8792 u0 com.termux/com.termux.app.TermuxActivity}
06-08 17:54:18.422  1292  2251 V AutofillInlineSuggestionsRequestSession: onInputMethodShowInputRequested() received: true
06-08 17:54:19.468  1292  1870 I ActivityManager: Start proc 30472:com.google.android.apps.messaging/u0a560 for content provider {com.google.android.apps.messaging/com.google.android.apps.messaging.shared.datamodel.provider.sharedstorage.SharedStorageProvider}
06-08 17:54:19.931  1292  2408 D BackgroundInstallControlService: Package event received: 0
06-08 17:54:20.325  1292  2251 D CoreBackPreview: startBackNavigation currentTask=Task{3b54322 #565 type=standard A=10650:com.termux}, topRunningActivity=ActivityRecord{120412397 u0 com.termux/.app.TermuxActivity t565}, callbackInfo=OnBackInvokedCallbackInfo{mCallback=android.window.IOnBackInvokedCallback$Stub$Proxy@d6f9f5d, mPriority=0, mIsAnimationCallback=true, mOverrideBehavior=0}, currentFocus=Window{49c8792 u0 com.termux/com.termux.app.TermuxActivity}
06-08 17:54:20.326  2746  3000 D ShellBackPreview: Received backNavigationInfo:BackNavigationInfo{mType=TYPE_CALLBACK (4), mOnBackNavigationDone=android.os.RemoteCallback@413deef, mOnBackInvokedCallback=android.window.IOnBackInvokedCallback$Stub$Proxy@63cedfc, mPrepareRemoteAnimation=false, mAnimationCallback=true, mCustomizeAnimationInfo=null}
06-08 17:54:20.380  2746  3000 D ShellBackPreview: Finishing gesture with event action: 1
06-08 17:54:20.380  2746  3000 D ShellBackPreview: onGestureFinished() mTriggerBack == true
06-08 17:54:20.380  2746  3000 D ShellBackPreview: Trigger back without dispatching to animator.
06-08 17:54:20.380  2746  3000 D ShellBackPreview: BackAnimationController: finishBackNavigation()
06-08 17:54:20.380  1292  2251 D CoreBackPreview: onBackNavigationDone backType=4, triggerBack=true
06-08 17:54:20.422 17821 17821 D InsetsController: Setting requestedVisibleTypes to -9 (was -1)
06-08 17:54:20.422  1292  2251 D CoreBackPreview: Window{49c8792 u0 com.termux/com.termux.app.TermuxActivity}: Setting back callback OnBackInvokedCallbackInfo{mCallback=android.window.IOnBackInvokedCallback$Stub$Proxy@6f63bc, mPriority=0, mIsAnimationCallback=false, mOverrideBehavior=0}
06-08 17:54:20.658  2746  3000 D WindowManagerShell: onKeepClearAreasChanged: restricted={}, unrestricted={}
06-08 17:54:20.663  1292  2239 D ImeInsetsSourceProvider: showImePostLayout aborted, isScheduledAndReadyToShowIme: false, mImeRequester: null, serverVisible: true, frozen: false, mWindowContainer is: non-null, windowState: Window{1d045db u0 InputMethod}, isDrawn: true, mGivenInsetsPending: false, dcTarget: Window{49c8792 u0 com.termux/com.termux.app.TermuxActivity}, controlTarget: Window{49c8792 u0 com.termux/com.termux.app.TermuxActivity}
06-08 17:54:20.663  1292  2232 V AutofillInlineSuggestionsRequestSession: onInputMethodFinishInputView() received
06-08 17:54:34.098  2746  3000 V ShellRecents: RecentsTransitionHandler.startRecentsTransition
06-08 17:54:34.099  2746  3000 V WindowManagerShell: Directly starting a new transition type=TO_FRONT wct=WindowContainerTransaction { changes= {} hops= [{pendingIntent: options=Bundle[{android.activity.splashScreenStyle=-1, android.activity.sourceInfo=Supplier{VAL_PARCELABLE@148+104}, android.pendingIntent.backgroundActivityAllowed=3, android:activity.animAbortListener=null, android.activity.transientLaunch=true}]}] errorCallbackToken=null taskFragmentOrganizer=null } handler=com.android.wm.shell.recents.RecentsTransitionHandler@33969f2
06-08 17:54:34.107  2746  3000 V ShellRecents: [77075858] RecentsController.setTransition: id=android.os.BinderProxy@ac72f1d
06-08 17:54:34.109  1292  2408 D BackgroundInstallControlService: Package event received: 0
06-08 17:54:34.109  1292  2408 D BackgroundInstallControlService: Package event received: 0
06-08 17:54:34.115  1292  1855 D AutofillManagerService: Close system dialogs
06-08 17:54:34.116  1292  1856 V AutofillUI: hideSaveUiUiThread(): mSaveUi=null, callback=null, mCallback=null
06-08 17:54:34.116  1292  2408 D BackgroundInstallControlService: Package event received: 0
06-08 17:54:34.140  2746 15851 V WindowManagerShell: onTransitionReady(transaction=5549097772676)
06-08 17:54:34.141  2746  3000 V WindowManagerShell: onTransitionReady (#349) android.os.BinderProxy@ac72f1d: {id=349 t=TO_FRONT f=0x80 trk=0 r=[0@Point(0, 0)] c=[
06-08 17:54:34.141  2746  3000 V WindowManagerShell:         {m=TO_FRONT f=SHOW_WALLPAPER|MOVE_TO_TOP leash=Surface(name=Task=1)/@0xc3fdb63 sb=Rect(0, 0 - 1080, 2400) eb=Rect(0, 0 - 1080, 2400) epz=Point(1080, 2400) d=0 taskParent=-1},
06-08 17:54:34.141  2746  3000 V WindowManagerShell:         {m=TO_BACK f=NONE leash=Surface(name=Task=565)/@0xd9ac360 sb=Rect(0, 0 - 1080, 2400) eb=Rect(0, 0 - 1080, 2400) epz=Point(1080, 2400) d=0 taskParent=-1},
06-08 17:54:34.141  2746  3000 V WindowManagerShell:         {m=TO_FRONT f=IS_WALLPAPER leash=Surface(name=WallpaperWindowToken{a4f4a32 token=android.os.Binder@fdd23d})/@0xeaca019 sb=Rect(0, 0 - 1080, 2400) eb=Rect(0, 0 - 1080, 2400) epz=Point(1080, 2400) d=0}
06-08 17:54:34.141  2746  3000 V WindowManagerShell:     ]}
06-08 17:54:34.142  2746  3000 V WindowManagerShell: Playing animation for (#349) android.os.BinderProxy@ac72f1d@0
06-08 17:54:34.142  2746  3000 V WindowManagerShell:  try firstHandler com.android.wm.shell.recents.RecentsTransitionHandler@33969f2
06-08 17:54:34.142  2746  3000 V ShellRecents: [77075858] RecentsController.start
06-08 17:54:34.142  1292  2256 W UserManagerService: Requested status bar icon for non-badged user 0
06-08 17:54:34.143  2746  3000 V ShellRecents:   not handling home taskId=1
06-08 17:54:34.148  2746  3000 V ShellRecents:   adding pausing leaf taskId=565 at layer=8
06-08 17:54:34.149  2746  3000 V ShellRecents: Applying transaction=5549097772676
06-08 17:54:34.150  2746  3000 V ShellRecents: Trying to get a handler for takeover but the flag is disabled
06-08 17:54:34.150  2746  3000 V ShellSplitScreen: getSplitBoundsForTaskId: expected split bounds for taskId=565 but not found
06-08 17:54:34.150  2746  3000 V ShellRecents: [77075858] RecentsController.start: calling onAnimationStart with 2 apps
06-08 17:54:34.152  2746  3000 V WindowManagerShell:  animated by firstHandler
06-08 17:54:34.153  1292  2336 E HandwritingModeController: Cannot get requestId: Handwriting was not initialized.
06-08 17:54:34.154  2746  3000 D WindowManagerShell: setLauncherKeepClearAreaHeight: visible=true, height=265
06-08 17:54:34.158  1292  1855 V WindowManager: Sent Transition (#349) createdAt=06-08 17:54:34.099
06-08 17:54:34.158  1292  2183 W ActivityManager: Unable to start service Intent { act=com.android.launcher3.WINDOW_OVERLAY dat=app://com.android.launcher3:10584/... pkg=com.google.android.googlequicksearchbox } U=0: not found
06-08 17:54:34.158  1292  1855 V WindowManager:     startWCT=WindowContainerTransaction { changes= {} hops= [{pendingIntent: options=Bundle[{android.activity.splashScreenStyle=-1, android.activity.sourceInfo=android.app.ActivityOptions$SourceInfo@39e5a4a, android.pendingIntent.backgroundActivityAllowed=3, android:activity.animAbortListener=null, android.activity.transientLaunch=true}]}] errorCallbackToken=null taskFragmentOrganizer=null }
06-08 17:54:34.158  2746  3000 V ShellRecents: [77075858] RecentsController.setInputConsumerEnabled: set focus to recents
06-08 17:54:34.158  1292  1855 V WindowManager:     info={id=349 t=TO_FRONT f=0x80 trk=0 r=[0@Point(0, 0)] c=[
06-08 17:54:34.158  1292  1855 V WindowManager:         {WCT{RemoteToken{64aacf8 Task{327389d #1 type=home}}} m=TO_FRONT f=SHOW_WALLPAPER|MOVE_TO_TOP leash=Surface(name=Task=1)/@0x1795c21 sb=Rect(0, 0 - 1080, 2400) eb=Rect(0, 0 - 1080, 2400) epz=Point(1080, 2400) d=0 taskParent=-1},
06-08 17:54:34.158  1292  1855 V WindowManager:         {WCT{RemoteToken{66584f6 Task{3b54322 #565 type=standard A=10650:com.termux}}} m=TO_BACK f=NONE leash=Surface(name=Task=565)/@0x16902a sb=Rect(0, 0 - 1080, 2400) eb=Rect(0, 0 - 1080, 2400) epz=Point(1080, 2400) d=0 taskParent=-1},
06-08 17:54:34.158  1292  1855 V WindowManager:         {m=TO_FRONT f=IS_WALLPAPER leash=Surface(name=WallpaperWindowToken{a4f4a32 token=android.os.Binder@fdd23d})/@0x83ef02a sb=Rect(0, 0 - 1080, 2400) eb=Rect(0, 0 - 1080, 2400) epz=Point(1080, 2400) d=0}
06-08 17:54:34.158  1292  1855 V WindowManager:     ]}
06-08 17:54:34.158  1292  2408 D BackgroundInstallControlService: Package event received: 0
06-08 17:54:34.306  2746 15851 V ShellRecents: [77075858] RecentsController.screenshotTask: taskId=565
06-08 17:54:34.328  2746  3000 V ShellRecents: [77075858] RecentsController.finishInner: toHome=true userLeave=true willFinishToHome=true state=0 reason=requested
06-08 17:54:34.328  2746  3000 V ShellRecents:   normal finish
06-08 17:54:34.328  2746  3000 V ShellRecents: [77075858] RecentsController.finishInner: Completing finish
06-08 17:54:34.328  2746  3000 V ShellRecents: [77075858] RecentsController.cleanup
06-08 17:54:34.328  2746  3000 V WindowManagerShell: Transition animation finished (aborted=false), notifying core (#349) android.os.BinderProxy@ac72f1d@0
06-08 17:54:34.330  1292  1855 V WindowManager: Finish Transition (#349): created at 06-08 17:54:34.099 collect-started=0.156ms started=0.195ms ready=6.053ms sent=36.982ms finished=229.931ms
06-08 17:54:34.335  2746  3000 V WindowManagerShell: Track 0 became idle
06-08 17:54:34.335  2746  3000 V WindowManagerShell: All active transition animations finished
06-08 17:54:34.335  2746  3000 V ShellRecents: [77075858] RecentsController.finishInner: calling finish callback
06-08 17:54:34.338  1292  1858 V WindowManager: Unknown focus tokens, dropping reportFocusChanged
06-08 17:54:34.340  1292  2408 D BackgroundInstallControlService: Package event received: 0
06-08 17:54:34.340  1292  2242 W UserManagerService: Requested status bar icon for non-badged user 0
06-08 17:54:34.342  1292  2242 W UserManagerService: Requested status bar icon for non-badged user 0
06-08 17:54:34.361  2746  3000 D WindowManagerShell: setLauncherKeepClearAreaHeight: visible=false, height=265
06-08 17:54:34.363  1292  2408 D BackgroundInstallControlService: Package event received: 0
06-08 17:54:34.364  1292  2251 V AutofillInlineSuggestionsRequestSession: onInputMethodFinishInput() received
06-08 17:54:34.364  1292  2251 V AutofillInlineSuggestionsRequestSession: onInputMethodStartInput() received on 0
06-08 17:54:34.381  1292  2408 D BackgroundInstallControlService: Package event received: 0
06-08 17:54:34.399  1292  2408 D BackgroundInstallControlService: Package event received: 0
06-08 17:54:35.097  1292  2408 D BackgroundInstallControlService: Package event received: 0
06-08 17:54:35.540  1292  2235 W ActivityManager: Unable to start service Intent { act=com.google.android.gms.wearable.BIND pkg=com.google.android.gms } U=0: not found
06-08 17:54:35.541  1292  2235 W ActivityManager: Unbind failed: could not find connection for android.os.BinderProxy@4df27ca
06-08 17:54:36.687  1292  2241 V AutofillInlineSuggestionsRequestSession: onInputMethodFinishInput() received
06-08 17:54:36.687  1292  2232 V AutofillInlineSuggestionsRequestSession: onInputMethodStartInput() received on 0
06-08 17:54:37.645  1292  1855 D AutofillManagerService: Close system dialogs
06-08 17:54:37.645  1292  1856 V AutofillUI: hideSaveUiUiThread(): mSaveUi=null, callback=null, mCallback=null
06-08 17:54:37.667  1292  1855 D AutofillManagerService: Close system dialogs
06-08 17:54:37.668  1292  1856 V AutofillUI: hideSaveUiUiThread(): mSaveUi=null, callback=null, mCallback=null
06-08 17:54:37.669  2746  3000 D WindowManagerShell: setLauncherKeepClearAreaHeight: visible=true, height=265
06-08 17:54:37.670  1292  2408 D BackgroundInstallControlService: Package event received: 0
06-08 17:54:38.128  2746  3000 D WindowManagerShell: setLauncherKeepClearAreaHeight: visible=false, height=265
06-08 17:54:38.130  1292  2408 D BackgroundInstallControlService: Package event received: 0
06-08 17:54:38.132  1292  1855 D AutofillManagerService: Close system dialogs
06-08 17:54:38.132  1292  1856 V AutofillUI: hideSaveUiUiThread(): mSaveUi=null, callback=null, mCallback=null
06-08 17:54:38.173  2746  3000 D WindowManagerShell: setLauncherKeepClearAreaHeight: visible=true, height=265
06-08 17:54:38.179  1292  2408 D BackgroundInstallControlService: Package event received: 0
06-08 17:54:38.695  1292  2235 W ActivityTaskManager: callingPackage for (uid=-1, pid=-1) has no WPC
06-08 17:54:38.698  2746  3000 V WindowManagerShell: Transition requested (#350): android.os.BinderProxy@4853d7a TransitionRequestInfo { type = TO_FRONT, triggerTask = TaskInfo{userId=0 taskId=565 effectiveUid=10650 displayId=0 isRunning=true baseIntent=Intent { act=android.intent.action.MAIN cat=[android.intent.category.LAUNCHER] flg=0x10200000 cmp=com.termux/.app.TermuxActivity } baseActivity=ComponentInfo{com.termux/com.termux.app.TermuxActivity} topActivity=ComponentInfo{com.termux/com.termux.app.TermuxActivity} origActivity=null realActivity=ComponentInfo{com.termux/com.termux.app.TermuxActivity} numActivities=1 lastActiveTime=8330006 supportsMultiWindow=true resizeMode=2 isResizeable=true minWidth=-1 minHeight=-1 defaultMinSize=220 token=WCT{android.window.IWindowContainerToken$Stub$Proxy@bd2892b} topActivityType=1 pictureInPictureParams=null shouldDockBigOverlays=false launchIntoPipHostTaskId=-1 lastParentTaskIdBeforePip=-1 displayCutoutSafeInsets=Rect(0, 94 - 0, 0) topActivityInfo=ActivityInfo{b1b188 com.termux.app.TermuxActivity} launchCookies=[android.os.BinderProxy@d9e1e5f] positionInParent=Point(0, 0) parentTaskId=-1 isFocused=false isVisible=false isVisibleRequested=false isTopActivityNoDisplay=false isSleeping=false locusId=null displayAreaFeatureId=1 isTopActivityTransparent=false isActivityStackTransparent=false lastNonFullscreenBounds=Rect(281, 677 - 800, 1757) capturedLink=null capturedLinkTimestamp=0 requestedVisibleTypes=-9 topActivityRequestOpenInBrowserEducationTimestamp=0 appCompatTaskInfo=AppCompatTaskInfo { topActivityInSizeCompat=false eligibleForLetterboxEducation= false isLetterboxEducationEnabled= false isLetterboxDoubleTapEnabled= false eligibleForUserAspectRatioButton= false topActivityBoundsLetterboxed= false isFromLetterboxDoubleTap= false topActivityLetterboxVerticalPosition= -1 topActivityLetterboxHorizontalPosition= -1 topActivityLetterboxWidth=-1 topActivityLetterboxHeight=-1 topActivityLetterboxAppWidth=-1 topActivityLetterboxAppHeight=-1 isUserFullscreenOverrideEnabled=false isSystemFullscreenOverrideEnabled=false hasMinAspectRatioOverride=false topActivityLetterboxBounds=null cameraCompatTaskInfo=CameraCompatTaskInfo { freeformCameraCompatMode=inactive}} topActivityMainWindowFrame=null}, pipChange = null, remoteTransition = RemoteTransition { remoteTransition = android.window.IRemoteTransition$Stub$Proxy@6f03721, appThread = android.app.IApplicationThread$Stub$Proxy@999b746, debugName = QuickstepLaunch }, displayChange = null, flags = 0, debugId = 350 }
06-08 17:54:38.698  2746  3000 D ShellSplitScreen: logExit: no-op, mLoggerSessionId is null
06-08 17:54:38.698  2746  3000 V WindowManagerShell: RemoteTransition directly requested for (#350) android.os.BinderProxy@4853d7a: RemoteTransition { remoteTransition = android.window.IRemoteTransition$Stub$Proxy@6f03721, appThread = android.app.IApplicationThread$Stub$Proxy@999b746, debugName = QuickstepLaunch }
06-08 17:54:38.700  2746  3000 D WindowManagerShell: onActivityRestartAttempt: topActivity=ComponentInfo{com.termux/com.termux.app.TermuxActivity}, wasVisible=false
06-08 17:54:38.703  2746  3000 D WindowManagerShell: setLauncherKeepClearAreaHeight: visible=false, height=265
06-08 17:54:38.706  1292  2408 D BackgroundInstallControlService: Package event received: 0
06-08 17:54:38.715  1292  2408 D BackgroundInstallControlService: Package event received: 0
06-08 17:54:38.715  1292  2408 D BackgroundInstallControlService: Package event received: 0
06-08 17:54:38.715  1292  2408 D BackgroundInstallControlService: Package event received: 0
06-08 17:54:38.722  1292  1855 V WindowManager: Sent Transition (#350) createdAt=06-08 17:54:38.695 via request=TransitionRequestInfo { type = TO_FRONT, triggerTask = TaskInfo{userId=0 taskId=565 effectiveUid=10650 displayId=0 isRunning=true baseIntent=Intent { act=android.intent.action.MAIN cat=[android.intent.category.LAUNCHER] flg=0x10200000 cmp=com.termux/.app.TermuxActivity } baseActivity=ComponentInfo{com.termux/com.termux.app.TermuxActivity} topActivity=ComponentInfo{com.termux/com.termux.app.TermuxActivity} origActivity=null realActivity=ComponentInfo{com.termux/com.termux.app.TermuxActivity} numActivities=1 lastActiveTime=8330006 supportsMultiWindow=true resizeMode=2 isResizeable=true minWidth=-1 minHeight=-1 defaultMinSize=220 token=WCT{RemoteToken{66584f6 Task{3b54322 #565 type=standard A=10650:com.termux}}} topActivityType=1 pictureInPictureParams=null shouldDockBigOverlays=false launchIntoPipHostTaskId=-1 lastParentTaskIdBeforePip=-1 displayCutoutSafeInsets=Rect(0, 94 - 0, 0) topActivityInfo=ActivityInfo{400c0f7 com.termux.app.TermuxActivity} launchCookies=[android.os.BinderProxy@3dd0935] positionInParent=Point(0, 0) parentTaskId=-1 isFocused=false isVisible=false isVisibleRequested=false isTopActivityNoDisplay=false isSleeping=false locusId=null displayAreaFeatureId=1 isTopActivityTransparent=false isActivityStackTransparent=false lastNonFullscreenBounds=Rect(281, 677 - 800, 1757) capturedLink=null capturedLinkTimestamp=0 requestedVisibleTypes=-9 topActivityRequestOpenInBrowserEducationTimestamp=0 appCompatTaskInfo=AppCompatTaskInfo { topActivityInSizeCompat=false eligibleForLetterboxEducation= false isLetterboxEducationEnabled= false isLetterboxDoubleTapEnabled= false eligibleForUserAspectRatioButton= false topActivityBoundsLetterboxed= false isFromLetterboxDoubleTap= false topActivityLetterboxVerticalPosition= -1 topActivityLetterboxHorizontalPosition= -1 topActivityLetterboxWidth=-1 topActivityLetterboxHeight=-1 topActivityLetterboxAppWidth=-1 topActivityLetterboxAppHeight=-1 isUserFullscreenOverrideEnabled=false isSystemFullscreenOverrideEnabled=false hasMinAspectRatioOverride=false topActivityLetterboxBounds=null cameraCompatTaskInfo=CameraCompatTaskInfo { freeformCameraCompatMode=inactive}} topActivityMainWindowFrame=null}, pipChange = null, remoteTransition = RemoteTransition { remoteTransition = android.window.IRemoteTransition$Stub$Proxy@8125b2b, appThread = android.app.IApplicationThread$Stub$Proxy@5da1b88, debugName = QuickstepLaunch }, displayChange = null, flags = 0, debugId = 350 }
06-08 17:54:38.722  1292  1855 V WindowManager:     startWCT=WindowContainerTransaction { changes= {} hops= [] errorCallbackToken=null taskFragmentOrganizer=null }
06-08 17:54:38.722  1292  1855 V WindowManager:     info={id=350 t=TO_FRONT f=0x0 trk=0 r=[0@Point(0, 0)] c=[
06-08 17:54:38.722  1292  1855 V WindowManager:         {WCT{RemoteToken{66584f6 Task{3b54322 #565 type=standard A=10650:com.termux}}} m=TO_FRONT f=MOVE_TO_TOP leash=Surface(name=Task=565)/@0x16902a sb=Rect(0, 0 - 1080, 2400) eb=Rect(0, 0 - 1080, 2400) epz=Point(1080, 2400) d=0 taskParent=-1},
06-08 17:54:38.722  1292  1855 V WindowManager:         {WCT{RemoteToken{64aacf8 Task{327389d #1 type=home}}} m=TO_BACK f=SHOW_WALLPAPER leash=Surface(name=Task=1)/@0x1795c21 sb=Rect(0, 0 - 1080, 2400) eb=Rect(0, 0 - 1080, 2400) epz=Point(1080, 2400) d=0 taskParent=-1}
06-08 17:54:38.722  1292  1855 V WindowManager:     ]}
06-08 17:54:38.722  2746 15851 V WindowManagerShell: onTransitionReady(transaction=5549097772848)
06-08 17:54:38.723  2746  3000 V WindowManagerShell: onTransitionReady (#350) android.os.BinderProxy@4853d7a: {id=350 t=TO_FRONT f=0x0 trk=0 r=[0@Point(0, 0)] c=[
06-08 17:54:38.723  2746  3000 V WindowManagerShell:         {m=TO_FRONT f=MOVE_TO_TOP leash=Surface(name=Task=565)/@0x78245d sb=Rect(0, 0 - 1080, 2400) eb=Rect(0, 0 - 1080, 2400) epz=Point(1080, 2400) d=0 taskParent=-1},
06-08 17:54:38.723  2746  3000 V WindowManagerShell:         {m=TO_BACK f=SHOW_WALLPAPER leash=Surface(name=Task=1)/@0xb2a01d2 sb=Rect(0, 0 - 1080, 2400) eb=Rect(0, 0 - 1080, 2400) epz=Point(1080, 2400) d=0 taskParent=-1}
06-08 17:54:38.723  2746  3000 V WindowManagerShell:     ]}
06-08 17:54:38.724  2746  3000 V WindowManagerShell: Playing animation for (#350) android.os.BinderProxy@4853d7a@0
06-08 17:54:38.724  2746  3000 V WindowManagerShell:  try firstHandler com.android.wm.shell.transition.DefaultMixedHandler@cb70dd7
06-08 17:54:38.725  2746  3000 V WindowManagerShell: Mixed transition for opening an intent with a remote transition and PIP or Desktop #350
06-08 17:54:38.725  2746  3000 V WindowManagerShell: tryAnimateOpenIntentWithRemoteAndPipOrDesktop
06-08 17:54:38.725  2746  3000 V WindowManagerShell:  Delegate animation for (#350) to RemoteTransition { remoteTransition = android.window.IRemoteTransition$Stub$Proxy@6f03721, appThread = android.app.IApplicationThread$Stub$Proxy@999b746, debugName = QuickstepLaunch }
06-08 17:54:38.727  2746  3000 V WindowManagerShell:  animated by firstHandler
06-08 17:54:38.732  1292  2242 W UserManagerService: Requested status bar icon for non-badged user 0
06-08 17:54:38.792  1292  2251 V AutofillInlineSuggestionsRequestSession: onInputMethodFinishInput() received
06-08 17:54:38.792  1292  2232 V AutofillInlineSuggestionsRequestSession: onInputMethodStartInput() received on 1073741825
06-08 17:54:38.795 17821 17821 D InsetsController: Setting requestedVisibleTypes to -1 (was -9)
06-08 17:54:38.798  1292  2408 D BackgroundInstallControlService: Package event received: 0
06-08 17:54:38.799  1292  2251 V AutofillInlineSuggestionsRequestSession: onInputMethodShowInputRequested() received: true
06-08 17:54:38.800  1292  2251 V AutofillInlineSuggestionsRequestSession: onInputMethodStartInputView() received
06-08 17:54:38.825  1292  2247 D CoreBackPreview: Window{49c8792 u0 com.termux/com.termux.app.TermuxActivity}: Setting back callback OnBackInvokedCallbackInfo{mCallback=android.window.IOnBackInvokedCallback$Stub$Proxy@9ad89cc, mPriority=0, mIsAnimationCallback=true, mOverrideBehavior=0}
06-08 17:54:38.831  2746  3000 D WindowManagerShell: onKeepClearAreasChanged: restricted={}, unrestricted={Rect(0, 1397 - 1080, 2400)}
06-08 17:54:38.839  2746  3000 D WindowManagerShell: onKeepClearAreasChanged: restricted={}, unrestricted={Rect(0, 1298 - 1080, 2500)}
06-08 17:54:39.072  2746  3000 V WindowManagerShell: Transition animation finished (aborted=false), notifying core (#350) android.os.BinderProxy@4853d7a@0
06-08 17:54:39.075  1292  1855 V WindowManager: Finish Transition (#350): created at 06-08 17:54:38.695 collect-started=0.032ms request-sent=2.189ms started=3.578ms ready=14.124ms sent=25.893ms finished=378.095ms
06-08 17:54:39.076  2746  3000 V WindowManagerShell: Track 0 became idle
06-08 17:54:39.076  2746  3000 V WindowManagerShell: All active transition animations finished
06-08 17:54:39.077  1292  2251 W UserManagerService: Requested status bar icon for non-badged user 0
06-08 17:54:39.079  1292  2235 W UserManagerService: Requested status bar icon for non-badged user 0
06-08 17:54:39.090  1292  2408 D BackgroundInstallControlService: Package event received: 0
06-08 17:54:39.095  1292  2408 D BackgroundInstallControlService: Package event received: 0
06-08 17:54:39.107  1292  2408 D BackgroundInstallControlService: Package event received: 0
06-08 17:54:51.509  2746  3000 V ShellRecents: RecentsTransitionHandler.startRecentsTransition
