06-08 17:52:42.102  1292  1857 E NotiHistoryDatabase: 	at com.android.server.notification.NotificationHistoryProtoHelper.writeIcon(NotificationHistoryProtoHelper.java:230)
06-08 17:52:42.102  1292  1857 E NotiHistoryDatabase: 	at com.android.server.notification.NotificationHistoryProtoHelper.writeNotification(NotificationHistoryProtoHelper.java:301)
06-08 17:52:42.102  1292  1857 E NotiHistoryDatabase: 	at com.android.server.notification.NotificationHistoryProtoHelper.write(NotificationHistoryProtoHelper.java:337)
06-08 17:52:42.102  1292  1857 E NotiHistoryDatabase: 	at com.android.server.notification.NotificationHistoryDatabase.writeLocked(NotificationHistoryDatabase.java:298)
06-08 17:52:42.102  1292  1857 E NotiHistoryDatabase: 	at com.android.server.notification.NotificationHistoryDatabase.-$$Nest$mwriteLocked(NotificationHistoryDatabase.java:0)
06-08 17:52:42.102  1292  1857 E NotiHistoryDatabase: 	at com.android.server.notification.NotificationHistoryDatabase$RemovePackageRunnable.run(NotificationHistoryDatabase.java:379)
06-08 17:52:42.102  1292  1857 E NotiHistoryDatabase: 	at android.os.Handler.handleCallback(Handler.java:991)
06-08 17:52:42.102  1292  1857 E NotiHistoryDatabase: 	at android.os.Handler.dispatchMessage(Handler.java:102)
06-08 17:52:42.102  1292  1857 E NotiHistoryDatabase: 	at android.os.Looper.loopOnce(Looper.java:232)
06-08 17:52:42.102  1292  1857 E NotiHistoryDatabase: 	at android.os.Looper.loop(Looper.java:317)
06-08 17:52:42.102  1292  1857 E NotiHistoryDatabase: 	at android.os.HandlerThread.run(HandlerThread.java:85)
06-08 17:52:42.102  1292  1857 E NotiHistoryDatabase: 	at com.android.server.ServiceThread.run(ServiceThread.java:49)
06-08 17:52:42.103  1292 14205 V Configuration: Updating configuration, locales updated from [] to [en_IN]
06-08 17:52:42.104  1292 14205 V Configuration: Updating configuration, locales updated from [] to [en_IN]
06-08 17:52:42.104  1292 14205 V Configuration: Updating configuration, locales updated from [] to [en_IN]
06-08 17:52:42.104  1292 14205 V Configuration: Updating configuration, locales updated from [] to [en_IN]
06-08 17:52:42.104  1292 14205 V Configuration: Updating configuration, locales updated from [] to [en_IN]
06-08 17:52:42.104  1292 14205 V Configuration: Updating configuration, locales updated from [] to [en_IN]
06-08 17:52:42.106  1292  1857 E NotiHistoryDatabase: Cannot clean up file on pkg removal /data/system_ce/0/notification_history/history/1780914568864
06-08 17:52:42.106  1292  1857 E NotiHistoryDatabase: java.lang.NullPointerException: Attempt to invoke virtual method 'int android.graphics.drawable.Icon.getType()' on a null object reference
06-08 17:52:42.106  1292  1857 E NotiHistoryDatabase: 	at com.android.server.notification.NotificationHistoryProtoHelper.writeIcon(NotificationHistoryProtoHelper.java:230)
06-08 17:52:42.106  1292  1857 E NotiHistoryDatabase: 	at com.android.server.notification.NotificationHistoryProtoHelper.writeNotification(NotificationHistoryProtoHelper.java:301)
06-08 17:52:42.106  1292  1857 E NotiHistoryDatabase: 	at com.android.server.notification.NotificationHistoryProtoHelper.write(NotificationHistoryProtoHelper.java:337)
06-08 17:52:42.106  1292  1857 E NotiHistoryDatabase: 	at com.android.server.notification.NotificationHistoryDatabase.writeLocked(NotificationHistoryDatabase.java:298)
06-08 17:52:42.106  1292  1857 E NotiHistoryDatabase: 	at com.android.server.notification.NotificationHistoryDatabase.-$$Nest$mwriteLocked(NotificationHistoryDatabase.java:0)
06-08 17:52:42.106  1292  1857 E NotiHistoryDatabase: 	at com.android.server.notification.NotificationHistoryDatabase$RemovePackageRunnable.run(NotificationHistoryDatabase.java:379)
06-08 17:52:42.106  1292  1857 E NotiHistoryDatabase: 	at android.os.Handler.handleCallback(Handler.java:991)
06-08 17:52:42.106  1292  1857 E NotiHistoryDatabase: 	at android.os.Handler.dispatchMessage(Handler.java:102)
06-08 17:52:42.106  1292  1857 E NotiHistoryDatabase: 	at android.os.Looper.loopOnce(Looper.java:232)
06-08 17:52:42.106  1292  1857 E NotiHistoryDatabase: 	at android.os.Looper.loop(Looper.java:317)
06-08 17:52:42.106  1292  1857 E NotiHistoryDatabase: 	at android.os.HandlerThread.run(HandlerThread.java:85)
06-08 17:52:42.106  1292  1857 E NotiHistoryDatabase: 	at com.android.server.ServiceThread.run(ServiceThread.java:49)
06-08 17:52:42.119  1292 14205 V Configuration: Updating configuration, locales updated from [] to [en_IN]
06-08 17:52:42.119  1292 14205 V Configuration: Updating configuration, locales updated from [] to [en_IN]
06-08 17:52:42.119  1292 14205 V Configuration: Updating configuration, locales updated from [] to [en_IN]
06-08 17:52:42.119  1292 14205 V Configuration: Updating configuration, locales updated from [] to [en_IN]
06-08 17:52:42.119  1292 14205 V Configuration: Updating configuration, locales updated from [] to [en_IN]
06-08 17:52:42.119  1292 14205 V Configuration: Updating configuration, locales updated from [] to [en_IN]
06-08 17:52:42.122  1292  1292 W Looper  : Drained
06-08 17:52:42.135  1292 14205 V Configuration: Updating configuration, locales updated from [] to [en_IN]
06-08 17:52:42.135  1292 14205 V Configuration: Updating configuration, locales updated from [] to [en_IN]
06-08 17:52:42.135  1292 14205 V Configuration: Updating configuration, locales updated from [] to [en_IN]
06-08 17:52:42.135  1292 14205 V Configuration: Updating configuration, locales updated from [] to [en_IN]
06-08 17:52:42.136  1292 14205 V Configuration: Updating configuration, locales updated from [] to [en_IN]
06-08 17:52:42.136  1292 14205 V Configuration: Updating configuration, locales updated from [] to [en_IN]
06-08 17:52:42.146  1292 14205 V Configuration: Updating configuration, locales updated from [] to [en_IN]
06-08 17:52:42.146  1292 14205 V Configuration: Updating configuration, locales updated from [] to [en_IN]
06-08 17:52:42.146  1292 14205 V Configuration: Updating configuration, locales updated from [] to [en_IN]
06-08 17:52:42.146  1292 14205 V Configuration: Updating configuration, locales updated from [] to [en_IN]
06-08 17:52:42.146  1292 14205 V Configuration: Updating configuration, locales updated from [] to [en_IN]
06-08 17:52:42.146  1292 14205 V Configuration: Updating configuration, locales updated from [] to [en_IN]
06-08 17:52:42.146  1292 14205 V Configuration: Updating configuration, locales updated from [] to [en_IN]
06-08 17:52:42.152  1292 14205 V Configuration: Updating configuration, locales updated from [] to [en_IN]
06-08 17:52:42.152  1292 14205 V Configuration: Updating configuration, locales updated from [] to [en_IN]
06-08 17:52:42.152  1292 14205 V Configuration: Updating configuration, locales updated from [] to [en_IN]
06-08 17:52:42.152  1292 14205 V Configuration: Updating configuration, locales updated from [] to [en_IN]
06-08 17:52:42.152  1292 14205 V Configuration: Updating configuration, locales updated from [] to [en_IN]
06-08 17:52:42.153  1292 14205 V Configuration: Updating configuration, locales updated from [] to [en_IN]
06-08 17:52:42.153  1292 14205 V Configuration: Updating configuration, locales updated from [] to [en_IN]
06-08 17:52:42.153  1292 14205 V Configuration: Updating configuration, locales updated from [] to [en_IN]
06-08 17:52:42.153  1292 14205 V Configuration: Updating configuration, locales updated from [] to [en_IN]
06-08 17:52:42.153  1292 14205 V Configuration: Updating configuration, locales updated from [] to [en_IN]
06-08 17:52:42.153  1292 14205 V Configuration: Updating configuration, locales updated from [] to [en_IN]
06-08 17:52:42.153  1292 14205 V Configuration: Updating configuration, locales updated from [] to [en_IN]
06-08 17:52:42.153  1292 14205 V Configuration: Updating configuration, locales updated from [] to [en_IN]
06-08 17:52:42.160  1292  1857 E NotiHistoryDatabase: Cannot clean up file on pkg removal /data/system_ce/0/notification_history/history/1780898943309
06-08 17:52:42.160  1292  1857 E NotiHistoryDatabase: java.lang.NullPointerException: Attempt to invoke virtual method 'int android.graphics.drawable.Icon.getType()' on a null object reference
06-08 17:52:42.160  1292  1857 E NotiHistoryDatabase: 	at com.android.server.notification.NotificationHistoryProtoHelper.writeIcon(NotificationHistoryProtoHelper.java:230)
06-08 17:52:42.160  1292  1857 E NotiHistoryDatabase: 	at com.android.server.notification.NotificationHistoryProtoHelper.writeNotification(NotificationHistoryProtoHelper.java:301)
06-08 17:52:42.160  1292  1857 E NotiHistoryDatabase: 	at com.android.server.notification.NotificationHistoryProtoHelper.write(NotificationHistoryProtoHelper.java:337)
06-08 17:52:42.160  1292  1857 E NotiHistoryDatabase: 	at com.android.server.notification.NotificationHistoryDatabase.writeLocked(NotificationHistoryDatabase.java:298)
06-08 17:52:42.160  1292  1857 E NotiHistoryDatabase: 	at com.android.server.notification.NotificationHistoryDatabase.-$$Nest$mwriteLocked(NotificationHistoryDatabase.java:0)
06-08 17:52:42.160  1292  1857 E NotiHistoryDatabase: 	at com.android.server.notification.NotificationHistoryDatabase$RemovePackageRunnable.run(NotificationHistoryDatabase.java:379)
06-08 17:52:42.160  1292  1857 E NotiHistoryDatabase: 	at android.os.Handler.handleCallback(Handler.java:991)
06-08 17:52:42.160  1292  1857 E NotiHistoryDatabase: 	at android.os.Handler.dispatchMessage(Handler.java:102)
06-08 17:52:42.160  1292  1857 E NotiHistoryDatabase: 	at android.os.Looper.loopOnce(Looper.java:232)
06-08 17:52:42.160  1292  1857 E NotiHistoryDatabase: 	at android.os.Looper.loop(Looper.java:317)
06-08 17:52:42.160  1292  1857 E NotiHistoryDatabase: 	at android.os.HandlerThread.run(HandlerThread.java:85)
06-08 17:52:42.160  1292  1857 E NotiHistoryDatabase: 	at com.android.server.ServiceThread.run(ServiceThread.java:49)
06-08 17:52:42.166  1292 14205 V Configuration: Updating configuration, locales updated from [] to [en_IN]
06-08 17:52:42.166  1292 14205 V Configuration: Updating configuration, locales updated from [] to [en_IN]
06-08 17:52:42.166  1292 14205 V Configuration: Updating configuration, locales updated from [] to [en_IN]
06-08 17:52:42.166  1292 14205 V Configuration: Updating configuration, locales updated from [] to [en_IN]
06-08 17:52:42.166  1292 14205 V Configuration: Updating configuration, locales updated from [] to [en_IN]
06-08 17:52:42.167  1292 14205 V Configuration: Updating configuration, locales updated from [] to [en_IN]
06-08 17:52:42.174  1292  1857 E NotiHistoryDatabase: Cannot clean up file on pkg removal /data/system_ce/0/notification_history/history/1780897344339
06-08 17:52:42.174  1292  1857 E NotiHistoryDatabase: java.lang.NullPointerException: Attempt to invoke virtual method 'int android.graphics.drawable.Icon.getType()' on a null object reference
06-08 17:52:42.174  1292  1857 E NotiHistoryDatabase: 	at com.android.server.notification.NotificationHistoryProtoHelper.writeIcon(NotificationHistoryProtoHelper.java:230)
06-08 17:52:42.174  1292  1857 E NotiHistoryDatabase: 	at com.android.server.notification.NotificationHistoryProtoHelper.writeNotification(NotificationHistoryProtoHelper.java:301)
06-08 17:52:42.174  1292  1857 E NotiHistoryDatabase: 	at com.android.server.notification.NotificationHistoryProtoHelper.write(NotificationHistoryProtoHelper.java:337)
06-08 17:52:42.174  1292  1857 E NotiHistoryDatabase: 	at com.android.server.notification.NotificationHistoryDatabase.writeLocked(NotificationHistoryDatabase.java:298)
06-08 17:52:42.174  1292  1857 E NotiHistoryDatabase: 	at com.android.server.notification.NotificationHistoryDatabase.-$$Nest$mwriteLocked(NotificationHistoryDatabase.java:0)
06-08 17:52:42.174  1292  1857 E NotiHistoryDatabase: 	at com.android.server.notification.NotificationHistoryDatabase$RemovePackageRunnable.run(NotificationHistoryDatabase.java:379)
06-08 17:52:42.174  1292  1857 E NotiHistoryDatabase: 	at android.os.Handler.handleCallback(Handler.java:991)
06-08 17:52:42.174  1292  1857 E NotiHistoryDatabase: 	at android.os.Handler.dispatchMessage(Handler.java:102)
06-08 17:52:42.174  1292  1857 E NotiHistoryDatabase: 	at android.os.Looper.loopOnce(Looper.java:232)
06-08 17:52:42.174  1292  1857 E NotiHistoryDatabase: 	at android.os.Looper.loop(Looper.java:317)
06-08 17:52:42.174  1292  1857 E NotiHistoryDatabase: 	at android.os.HandlerThread.run(HandlerThread.java:85)
06-08 17:52:42.174  1292  1857 E NotiHistoryDatabase: 	at com.android.server.ServiceThread.run(ServiceThread.java:49)
06-08 17:52:42.176  1292 14205 V Configuration: Updating configuration, locales updated from [] to [en_IN]
06-08 17:52:42.176  1292 14205 V Configuration: Updating configuration, locales updated from [] to [en_IN]
06-08 17:52:42.176  1292 14205 V Configuration: Updating configuration, locales updated from [] to [en_IN]
06-08 17:52:42.176  1292 14205 V Configuration: Updating configuration, locales updated from [] to [en_IN]
06-08 17:52:42.176  1292 14205 V Configuration: Updating configuration, locales updated from [] to [en_IN]
06-08 17:52:42.176  1292 14205 V Configuration: Updating configuration, locales updated from [] to [en_IN]
06-08 17:52:42.177  1292  1857 E NotiHistoryDatabase: Cannot clean up file on pkg removal /data/system_ce/0/notification_history/history/1780895793548
06-08 17:52:42.177  1292  1857 E NotiHistoryDatabase: java.lang.NullPointerException: Attempt to invoke virtual method 'int android.graphics.drawable.Icon.getType()' on a null object reference
06-08 17:52:42.177  1292  1857 E NotiHistoryDatabase: 	at com.android.server.notification.NotificationHistoryProtoHelper.writeIcon(NotificationHistoryProtoHelper.java:230)
06-08 17:52:42.177  1292  1857 E NotiHistoryDatabase: 	at com.android.server.notification.NotificationHistoryProtoHelper.writeNotification(NotificationHistoryProtoHelper.java:301)
06-08 17:52:42.177  1292  1857 E NotiHistoryDatabase: 	at com.android.server.notification.NotificationHistoryProtoHelper.write(NotificationHistoryProtoHelper.java:337)
06-08 17:52:42.177  1292  1857 E NotiHistoryDatabase: 	at com.android.server.notification.NotificationHistoryDatabase.writeLocked(NotificationHistoryDatabase.java:298)
06-08 17:52:42.177  1292  1857 E NotiHistoryDatabase: 	at com.android.server.notification.NotificationHistoryDatabase.-$$Nest$mwriteLocked(NotificationHistoryDatabase.java:0)
06-08 17:52:42.177  1292  1857 E NotiHistoryDatabase: 	at com.android.server.notification.NotificationHistoryDatabase$RemovePackageRunnable.run(NotificationHistoryDatabase.java:379)
06-08 17:52:42.177  1292  1857 E NotiHistoryDatabase: 	at android.os.Handler.handleCallback(Handler.java:991)
06-08 17:52:42.177  1292  1857 E NotiHistoryDatabase: 	at android.os.Handler.dispatchMessage(Handler.java:102)
06-08 17:52:42.177  1292  1857 E NotiHistoryDatabase: 	at android.os.Looper.loopOnce(Looper.java:232)
06-08 17:52:42.177  1292  1857 E NotiHistoryDatabase: 	at android.os.Looper.loop(Looper.java:317)
06-08 17:52:42.177  1292  1857 E NotiHistoryDatabase: 	at android.os.HandlerThread.run(HandlerThread.java:85)
06-08 17:52:42.177  1292  1857 E NotiHistoryDatabase: 	at com.android.server.ServiceThread.run(ServiceThread.java:49)
06-08 17:52:42.184  1292 14205 V Configuration: Updating configuration, locales updated from [] to [en_IN]
06-08 17:52:42.184  1292 14205 V Configuration: Updating configuration, locales updated from [] to [en_IN]
06-08 17:52:42.184  1292 14205 V Configuration: Updating configuration, locales updated from [] to [en_IN]
06-08 17:52:42.184  1292 14205 V Configuration: Updating configuration, locales updated from [] to [en_IN]
06-08 17:52:42.184  1292 14205 V Configuration: Updating configuration, locales updated from [] to [en_IN]
06-08 17:52:42.184  1292 14205 V Configuration: Updating configuration, locales updated from [] to [en_IN]
06-08 17:52:42.184  1292 14205 V Configuration: Updating configuration, locales updated from [] to [en_IN]
06-08 17:52:42.185  1292 14205 V Configuration: Updating configuration, locales updated from [] to [en_IN]
06-08 17:52:42.185  1292 14205 V Configuration: Updating configuration, locales updated from [] to [en_IN]
06-08 17:52:42.198  1292 14205 V Configuration: Updating configuration, locales updated from [] to [en_IN]
06-08 17:52:42.198  1292 14205 V Configuration: Updating configuration, locales updated from [] to [en_IN]
06-08 17:52:42.199  1292 14205 V Configuration: Updating configuration, locales updated from [] to [en_IN]
06-08 17:52:42.199  1292 14205 V Configuration: Updating configuration, locales updated from [] to [en_IN]
06-08 17:52:42.199  1292 14205 V Configuration: Updating configuration, locales updated from [] to [en_IN]
06-08 17:52:42.199  1292 14205 V Configuration: Updating configuration, locales updated from [] to [en_IN]
06-08 17:52:42.225  1292  1857 E NotiHistoryDatabase: Cannot clean up file on pkg removal /data/system_ce/0/notification_history/history/1780880307291
06-08 17:52:42.225  1292  1857 E NotiHistoryDatabase: java.lang.NullPointerException: Attempt to invoke virtual method 'int android.graphics.drawable.Icon.getType()' on a null object reference
06-08 17:52:42.225  1292  1857 E NotiHistoryDatabase: 	at com.android.server.notification.NotificationHistoryProtoHelper.writeIcon(NotificationHistoryProtoHelper.java:230)
06-08 17:52:42.225  1292  1857 E NotiHistoryDatabase: 	at com.android.server.notification.NotificationHistoryProtoHelper.writeNotification(NotificationHistoryProtoHelper.java:301)
06-08 17:52:42.225  1292  1857 E NotiHistoryDatabase: 	at com.android.server.notification.NotificationHistoryProtoHelper.write(NotificationHistoryProtoHelper.java:337)
06-08 17:52:42.225  1292  1857 E NotiHistoryDatabase: 	at com.android.server.notification.NotificationHistoryDatabase.writeLocked(NotificationHistoryDatabase.java:298)
06-08 17:52:42.225  1292  1857 E NotiHistoryDatabase: 	at com.android.server.notification.NotificationHistoryDatabase.-$$Nest$mwriteLocked(NotificationHistoryDatabase.java:0)
06-08 17:52:42.225  1292  1857 E NotiHistoryDatabase: 	at com.android.server.notification.NotificationHistoryDatabase$RemovePackageRunnable.run(NotificationHistoryDatabase.java:379)
06-08 17:52:42.225  1292  1857 E NotiHistoryDatabase: 	at android.os.Handler.handleCallback(Handler.java:991)
06-08 17:52:42.225  1292  1857 E NotiHistoryDatabase: 	at android.os.Handler.dispatchMessage(Handler.java:102)
06-08 17:52:42.225  1292  1857 E NotiHistoryDatabase: 	at android.os.Looper.loopOnce(Looper.java:232)
06-08 17:52:42.225  1292  1857 E NotiHistoryDatabase: 	at android.os.Looper.loop(Looper.java:317)
06-08 17:52:42.225  1292  1857 E NotiHistoryDatabase: 	at android.os.HandlerThread.run(HandlerThread.java:85)
06-08 17:52:42.225  1292  1857 E NotiHistoryDatabase: 	at com.android.server.ServiceThread.run(ServiceThread.java:49)
06-08 17:52:42.238  1292  1857 E NotiHistoryDatabase: Cannot clean up file on pkg removal /data/system_ce/0/notification_history/history/1780878920102
06-08 17:52:42.238  1292  1857 E NotiHistoryDatabase: java.lang.NullPointerException: Attempt to invoke virtual method 'int android.graphics.drawable.Icon.getType()' on a null object reference
06-08 17:52:42.238  1292  1857 E NotiHistoryDatabase: 	at com.android.server.notification.NotificationHistoryProtoHelper.writeIcon(NotificationHistoryProtoHelper.java:230)
06-08 17:52:42.238  1292  1857 E NotiHistoryDatabase: 	at com.android.server.notification.NotificationHistoryProtoHelper.writeNotification(NotificationHistoryProtoHelper.java:301)
06-08 17:52:42.238  1292  1857 E NotiHistoryDatabase: 	at com.android.server.notification.NotificationHistoryProtoHelper.write(NotificationHistoryProtoHelper.java:337)
06-08 17:52:42.238  1292  1857 E NotiHistoryDatabase: 	at com.android.server.notification.NotificationHistoryDatabase.writeLocked(NotificationHistoryDatabase.java:298)
06-08 17:52:42.238  1292  1857 E NotiHistoryDatabase: 	at com.android.server.notification.NotificationHistoryDatabase.-$$Nest$mwriteLocked(NotificationHistoryDatabase.java:0)
06-08 17:52:42.238  1292  1857 E NotiHistoryDatabase: 	at com.android.server.notification.NotificationHistoryDatabase$RemovePackageRunnable.run(NotificationHistoryDatabase.java:379)
06-08 17:52:42.238  1292  1857 E NotiHistoryDatabase: 	at android.os.Handler.handleCallback(Handler.java:991)
06-08 17:52:42.238  1292  1857 E NotiHistoryDatabase: 	at android.os.Handler.dispatchMessage(Handler.java:102)
06-08 17:52:42.238  1292  1857 E NotiHistoryDatabase: 	at android.os.Looper.loopOnce(Looper.java:232)
06-08 17:52:42.238  1292  1857 E NotiHistoryDatabase: 	at android.os.Looper.loop(Looper.java:317)
06-08 17:52:42.238  1292  1857 E NotiHistoryDatabase: 	at android.os.HandlerThread.run(HandlerThread.java:85)
06-08 17:52:42.238  1292  1857 E NotiHistoryDatabase: 	at com.android.server.ServiceThread.run(ServiceThread.java:49)
06-08 17:52:42.242  1292  1857 E NotiHistoryDatabase: Cannot clean up file on pkg removal /data/system_ce/0/notification_history/history/1780857444729
06-08 17:52:42.242  1292  1857 E NotiHistoryDatabase: java.lang.NullPointerException: Attempt to invoke virtual method 'int android.graphics.drawable.Icon.getType()' on a null object reference
06-08 17:52:42.242  1292  1857 E NotiHistoryDatabase: 	at com.android.server.notification.NotificationHistoryProtoHelper.writeIcon(NotificationHistoryProtoHelper.java:230)
06-08 17:52:42.242  1292  1857 E NotiHistoryDatabase: 	at com.android.server.notification.NotificationHistoryProtoHelper.writeNotification(NotificationHistoryProtoHelper.java:301)
06-08 17:52:42.242  1292  1857 E NotiHistoryDatabase: 	at com.android.server.notification.NotificationHistoryProtoHelper.write(NotificationHistoryProtoHelper.java:337)
06-08 17:52:42.242  1292  1857 E NotiHistoryDatabase: 	at com.android.server.notification.NotificationHistoryDatabase.writeLocked(NotificationHistoryDatabase.java:298)
06-08 17:52:42.242  1292  1857 E NotiHistoryDatabase: 	at com.android.server.notification.NotificationHistoryDatabase.-$$Nest$mwriteLocked(NotificationHistoryDatabase.java:0)
06-08 17:52:42.242  1292  1857 E NotiHistoryDatabase: 	at com.android.server.notification.NotificationHistoryDatabase$RemovePackageRunnable.run(NotificationHistoryDatabase.java:379)
06-08 17:52:42.242  1292  1857 E NotiHistoryDatabase: 	at android.os.Handler.handleCallback(Handler.java:991)
06-08 17:52:42.242  1292  1857 E NotiHistoryDatabase: 	at android.os.Handler.dispatchMessage(Handler.java:102)
06-08 17:52:42.242  1292  1857 E NotiHistoryDatabase: 	at android.os.Looper.loopOnce(Looper.java:232)
06-08 17:52:42.242  1292  1857 E NotiHistoryDatabase: 	at android.os.Looper.loop(Looper.java:317)
06-08 17:52:42.242  1292  1857 E NotiHistoryDatabase: 	at android.os.HandlerThread.run(HandlerThread.java:85)
06-08 17:52:42.242  1292  1857 E NotiHistoryDatabase: 	at com.android.server.ServiceThread.run(ServiceThread.java:49)
06-08 17:52:42.268  1292  2239 I ActivityManager: Process com.google.android.gm (pid 27126) has died: cch+85 CEM 
06-08 17:52:42.269  1292  1857 E NotiHistoryDatabase: Cannot clean up file on pkg removal /data/system_ce/0/notification_history/history/1780847869574
06-08 17:52:42.269  1292  1857 E NotiHistoryDatabase: java.lang.NullPointerException: Attempt to invoke virtual method 'int android.graphics.drawable.Icon.getType()' on a null object reference
06-08 17:52:42.269  1292  1857 E NotiHistoryDatabase: 	at com.android.server.notification.NotificationHistoryProtoHelper.writeIcon(NotificationHistoryProtoHelper.java:230)
06-08 17:52:42.269  1292  1857 E NotiHistoryDatabase: 	at com.android.server.notification.NotificationHistoryProtoHelper.writeNotification(NotificationHistoryProtoHelper.java:301)
06-08 17:52:42.269  1292  1857 E NotiHistoryDatabase: 	at com.android.server.notification.NotificationHistoryProtoHelper.write(NotificationHistoryProtoHelper.java:337)
06-08 17:52:42.269  1292  1857 E NotiHistoryDatabase: 	at com.android.server.notification.NotificationHistoryDatabase.writeLocked(NotificationHistoryDatabase.java:298)
06-08 17:52:42.269  1292  1857 E NotiHistoryDatabase: 	at com.android.server.notification.NotificationHistoryDatabase.-$$Nest$mwriteLocked(NotificationHistoryDatabase.java:0)
06-08 17:52:42.269  1292  1857 E NotiHistoryDatabase: 	at com.android.server.notification.NotificationHistoryDatabase$RemovePackageRunnable.run(NotificationHistoryDatabase.java:379)
06-08 17:52:42.269  1292  1857 E NotiHistoryDatabase: 	at android.os.Handler.handleCallback(Handler.java:991)
06-08 17:52:42.269  1292  1857 E NotiHistoryDatabase: 	at android.os.Handler.dispatchMessage(Handler.java:102)
06-08 17:52:42.269  1292  1857 E NotiHistoryDatabase: 	at android.os.Looper.loopOnce(Looper.java:232)
06-08 17:52:42.269  1292  1857 E NotiHistoryDatabase: 	at android.os.Looper.loop(Looper.java:317)
06-08 17:52:42.269  1292  1857 E NotiHistoryDatabase: 	at android.os.HandlerThread.run(HandlerThread.java:85)
06-08 17:52:42.269  1292  1857 E NotiHistoryDatabase: 	at com.android.server.ServiceThread.run(ServiceThread.java:49)
06-08 17:52:42.271  1292  1856 D DisplayManagerService: Drop pending events for gone uid 10637
06-08 17:52:42.276  1292  1857 E NotiHistoryDatabase: Cannot clean up file on pkg removal /data/system_ce/0/notification_history/history/1780846165474
06-08 17:52:42.276  1292  1857 E NotiHistoryDatabase: java.lang.NullPointerException: Attempt to invoke virtual method 'int android.graphics.drawable.Icon.getType()' on a null object reference
06-08 17:52:42.276  1292  1857 E NotiHistoryDatabase: 	at com.android.server.notification.NotificationHistoryProtoHelper.writeIcon(NotificationHistoryProtoHelper.java:230)
06-08 17:52:42.276  1292  1857 E NotiHistoryDatabase: 	at com.android.server.notification.NotificationHistoryProtoHelper.writeNotification(NotificationHistoryProtoHelper.java:301)
06-08 17:52:42.276  1292  1857 E NotiHistoryDatabase: 	at com.android.server.notification.NotificationHistoryProtoHelper.write(NotificationHistoryProtoHelper.java:337)
06-08 17:52:42.276  1292  1857 E NotiHistoryDatabase: 	at com.android.server.notification.NotificationHistoryDatabase.writeLocked(NotificationHistoryDatabase.java:298)
06-08 17:52:42.276  1292  1857 E NotiHistoryDatabase: 	at com.android.server.notification.NotificationHistoryDatabase.-$$Nest$mwriteLocked(NotificationHistoryDatabase.java:0)
06-08 17:52:42.276  1292  1857 E NotiHistoryDatabase: 	at com.android.server.notification.NotificationHistoryDatabase$RemovePackageRunnable.run(NotificationHistoryDatabase.java:379)
06-08 17:52:42.276  1292  1857 E NotiHistoryDatabase: 	at android.os.Handler.handleCallback(Handler.java:991)
06-08 17:52:42.276  1292  1857 E NotiHistoryDatabase: 	at android.os.Handler.dispatchMessage(Handler.java:102)
06-08 17:52:42.276  1292  1857 E NotiHistoryDatabase: 	at android.os.Looper.loopOnce(Looper.java:232)
06-08 17:52:42.276  1292  1857 E NotiHistoryDatabase: 	at android.os.Looper.loop(Looper.java:317)
06-08 17:52:42.276  1292  1857 E NotiHistoryDatabase: 	at android.os.HandlerThread.run(HandlerThread.java:85)
06-08 17:52:42.276  1292  1857 E NotiHistoryDatabase: 	at com.android.server.ServiceThread.run(ServiceThread.java:49)
06-08 17:52:42.288  1292  1857 E NotiHistoryDatabase: Cannot clean up file on pkg removal /data/system_ce/0/notification_history/history/1780844492030
06-08 17:52:42.288  1292  1857 E NotiHistoryDatabase: java.lang.NullPointerException: Attempt to invoke virtual method 'int android.graphics.drawable.Icon.getType()' on a null object reference
06-08 17:52:42.288  1292  1857 E NotiHistoryDatabase: 	at com.android.server.notification.NotificationHistoryProtoHelper.writeIcon(NotificationHistoryProtoHelper.java:230)
06-08 17:52:42.288  1292  1857 E NotiHistoryDatabase: 	at com.android.server.notification.NotificationHistoryProtoHelper.writeNotification(NotificationHistoryProtoHelper.java:301)
06-08 17:52:42.288  1292  1857 E NotiHistoryDatabase: 	at com.android.server.notification.NotificationHistoryProtoHelper.write(NotificationHistoryProtoHelper.java:337)
06-08 17:52:42.288  1292  1857 E NotiHistoryDatabase: 	at com.android.server.notification.NotificationHistoryDatabase.writeLocked(NotificationHistoryDatabase.java:298)
06-08 17:52:42.288  1292  1857 E NotiHistoryDatabase: 	at com.android.server.notification.NotificationHistoryDatabase.-$$Nest$mwriteLocked(NotificationHistoryDatabase.java:0)
06-08 17:52:42.288  1292  1857 E NotiHistoryDatabase: 	at com.android.server.notification.NotificationHistoryDatabase$RemovePackageRunnable.run(NotificationHistoryDatabase.java:379)
06-08 17:52:42.288  1292  1857 E NotiHistoryDatabase: 	at android.os.Handler.handleCallback(Handler.java:991)
06-08 17:52:42.288  1292  1857 E NotiHistoryDatabase: 	at android.os.Handler.dispatchMessage(Handler.java:102)
06-08 17:52:42.288  1292  1857 E NotiHistoryDatabase: 	at android.os.Looper.loopOnce(Looper.java:232)
06-08 17:52:42.288  1292  1857 E NotiHistoryDatabase: 	at android.os.Looper.loop(Looper.java:317)
06-08 17:52:42.288  1292  1857 E NotiHistoryDatabase: 	at android.os.HandlerThread.run(HandlerThread.java:85)
06-08 17:52:42.288  1292  1857 E NotiHistoryDatabase: 	at com.android.server.ServiceThread.run(ServiceThread.java:49)
06-08 17:52:42.310  1292  1857 E NotiHistoryDatabase: Cannot clean up file on pkg removal /data/system_ce/0/notification_history/history/1780842504094
06-08 17:52:42.310  1292  1857 E NotiHistoryDatabase: java.lang.NullPointerException: Attempt to invoke virtual method 'int android.graphics.drawable.Icon.getType()' on a null object reference
06-08 17:52:42.310  1292  1857 E NotiHistoryDatabase: 	at com.android.server.notification.NotificationHistoryProtoHelper.writeIcon(NotificationHistoryProtoHelper.java:230)
06-08 17:52:42.310  1292  1857 E NotiHistoryDatabase: 	at com.android.server.notification.NotificationHistoryProtoHelper.writeNotification(NotificationHistoryProtoHelper.java:301)
06-08 17:52:42.310  1292  1857 E NotiHistoryDatabase: 	at com.android.server.notification.NotificationHistoryProtoHelper.write(NotificationHistoryProtoHelper.java:337)
06-08 17:52:42.310  1292  1857 E NotiHistoryDatabase: 	at com.android.server.notification.NotificationHistoryDatabase.writeLocked(NotificationHistoryDatabase.java:298)
06-08 17:52:42.310  1292  1857 E NotiHistoryDatabase: 	at com.android.server.notification.NotificationHistoryDatabase.-$$Nest$mwriteLocked(NotificationHistoryDatabase.java:0)
06-08 17:52:42.310  1292  1857 E NotiHistoryDatabase: 	at com.android.server.notification.NotificationHistoryDatabase$RemovePackageRunnable.run(NotificationHistoryDatabase.java:379)
06-08 17:52:42.310  1292  1857 E NotiHistoryDatabase: 	at android.os.Handler.handleCallback(Handler.java:991)
06-08 17:52:42.310  1292  1857 E NotiHistoryDatabase: 	at android.os.Handler.dispatchMessage(Handler.java:102)
06-08 17:52:42.310  1292  1857 E NotiHistoryDatabase: 	at android.os.Looper.loopOnce(Looper.java:232)
06-08 17:52:42.310  1292  1857 E NotiHistoryDatabase: 	at android.os.Looper.loop(Looper.java:317)
06-08 17:52:42.310  1292  1857 E NotiHistoryDatabase: 	at android.os.HandlerThread.run(HandlerThread.java:85)
06-08 17:52:42.310  1292  1857 E NotiHistoryDatabase: 	at com.android.server.ServiceThread.run(ServiceThread.java:49)
06-08 17:52:42.327  1292  1857 E NotiHistoryDatabase: Cannot clean up file on pkg removal /data/system_ce/0/notification_history/history/1780840993194
06-08 17:52:42.327  1292  1857 E NotiHistoryDatabase: java.lang.NullPointerException: Attempt to invoke virtual method 'int android.graphics.drawable.Icon.getType()' on a null object reference
06-08 17:52:42.327  1292  1857 E NotiHistoryDatabase: 	at com.android.server.notification.NotificationHistoryProtoHelper.writeIcon(NotificationHistoryProtoHelper.java:230)
06-08 17:52:42.327  1292  1857 E NotiHistoryDatabase: 	at com.android.server.notification.NotificationHistoryProtoHelper.writeNotification(NotificationHistoryProtoHelper.java:301)
06-08 17:52:42.327  1292  1857 E NotiHistoryDatabase: 	at com.android.server.notification.NotificationHistoryProtoHelper.write(NotificationHistoryProtoHelper.java:337)
06-08 17:52:42.327  1292  1857 E NotiHistoryDatabase: 	at com.android.server.notification.NotificationHistoryDatabase.writeLocked(NotificationHistoryDatabase.java:298)
06-08 17:52:42.327  1292  1857 E NotiHistoryDatabase: 	at com.android.server.notification.NotificationHistoryDatabase.-$$Nest$mwriteLocked(NotificationHistoryDatabase.java:0)
06-08 17:52:42.327  1292  1857 E NotiHistoryDatabase: 	at com.android.server.notification.NotificationHistoryDatabase$RemovePackageRunnable.run(NotificationHistoryDatabase.java:379)
06-08 17:52:42.327  1292  1857 E NotiHistoryDatabase: 	at android.os.Handler.handleCallback(Handler.java:991)
06-08 17:52:42.327  1292  1857 E NotiHistoryDatabase: 	at android.os.Handler.dispatchMessage(Handler.java:102)
06-08 17:52:42.327  1292  1857 E NotiHistoryDatabase: 	at android.os.Looper.loopOnce(Looper.java:232)
06-08 17:52:42.327  1292  1857 E NotiHistoryDatabase: 	at android.os.Looper.loop(Looper.java:317)
06-08 17:52:42.327  1292  1857 E NotiHistoryDatabase: 	at android.os.HandlerThread.run(HandlerThread.java:85)
06-08 17:52:42.327  1292  1857 E NotiHistoryDatabase: 	at com.android.server.ServiceThread.run(ServiceThread.java:49)
06-08 17:52:42.352  1292  1857 E NotiHistoryDatabase: Cannot clean up file on pkg removal /data/system_ce/0/notification_history/history/1780836234958
06-08 17:52:42.352  1292  1857 E NotiHistoryDatabase: java.lang.NullPointerException: Attempt to invoke virtual method 'int android.graphics.drawable.Icon.getType()' on a null object reference
06-08 17:52:42.352  1292  1857 E NotiHistoryDatabase: 	at com.android.server.notification.NotificationHistoryProtoHelper.writeIcon(NotificationHistoryProtoHelper.java:230)
06-08 17:52:42.352  1292  1857 E NotiHistoryDatabase: 	at com.android.server.notification.NotificationHistoryProtoHelper.writeNotification(NotificationHistoryProtoHelper.java:301)
06-08 17:52:42.352  1292  1857 E NotiHistoryDatabase: 	at com.android.server.notification.NotificationHistoryProtoHelper.write(NotificationHistoryProtoHelper.java:337)
06-08 17:52:42.352  1292  1857 E NotiHistoryDatabase: 	at com.android.server.notification.NotificationHistoryDatabase.writeLocked(NotificationHistoryDatabase.java:298)
06-08 17:52:42.352  1292  1857 E NotiHistoryDatabase: 	at com.android.server.notification.NotificationHistoryDatabase.-$$Nest$mwriteLocked(NotificationHistoryDatabase.java:0)
06-08 17:52:42.352  1292  1857 E NotiHistoryDatabase: 	at com.android.server.notification.NotificationHistoryDatabase$RemovePackageRunnable.run(NotificationHistoryDatabase.java:379)
06-08 17:52:42.352  1292  1857 E NotiHistoryDatabase: 	at android.os.Handler.handleCallback(Handler.java:991)
06-08 17:52:42.352  1292  1857 E NotiHistoryDatabase: 	at android.os.Handler.dispatchMessage(Handler.java:102)
06-08 17:52:42.352  1292  1857 E NotiHistoryDatabase: 	at android.os.Looper.loopOnce(Looper.java:232)
06-08 17:52:42.352  1292  1857 E NotiHistoryDatabase: 	at android.os.Looper.loop(Looper.java:317)
06-08 17:52:42.352  1292  1857 E NotiHistoryDatabase: 	at android.os.HandlerThread.run(HandlerThread.java:85)
06-08 17:52:42.352  1292  1857 E NotiHistoryDatabase: 	at com.android.server.ServiceThread.run(ServiceThread.java:49)
06-08 17:52:42.363  1292  1857 E NotiHistoryDatabase: Cannot clean up file on pkg removal /data/system_ce/0/notification_history/history/1780834669230
06-08 17:52:42.363  1292  1857 E NotiHistoryDatabase: java.lang.NullPointerException: Attempt to invoke virtual method 'int android.graphics.drawable.Icon.getType()' on a null object reference
06-08 17:52:42.363  1292  1857 E NotiHistoryDatabase: 	at com.android.server.notification.NotificationHistoryProtoHelper.writeIcon(NotificationHistoryProtoHelper.java:230)
06-08 17:52:42.363  1292  1857 E NotiHistoryDatabase: 	at com.android.server.notification.NotificationHistoryProtoHelper.writeNotification(NotificationHistoryProtoHelper.java:301)
06-08 17:52:42.363  1292  1857 E NotiHistoryDatabase: 	at com.android.server.notification.NotificationHistoryProtoHelper.write(NotificationHistoryProtoHelper.java:337)
06-08 17:52:42.363  1292  1857 E NotiHistoryDatabase: 	at com.android.server.notification.NotificationHistoryDatabase.writeLocked(NotificationHistoryDatabase.java:298)
06-08 17:52:42.363  1292  1857 E NotiHistoryDatabase: 	at com.android.server.notification.NotificationHistoryDatabase.-$$Nest$mwriteLocked(NotificationHistoryDatabase.java:0)
06-08 17:52:42.363  1292  1857 E NotiHistoryDatabase: 	at com.android.server.notification.NotificationHistoryDatabase$RemovePackageRunnable.run(NotificationHistoryDatabase.java:379)
06-08 17:52:42.363  1292  1857 E NotiHistoryDatabase: 	at android.os.Handler.handleCallback(Handler.java:991)
06-08 17:52:42.363  1292  1857 E NotiHistoryDatabase: 	at android.os.Handler.dispatchMessage(Handler.java:102)
06-08 17:52:42.363  1292  1857 E NotiHistoryDatabase: 	at android.os.Looper.loopOnce(Looper.java:232)
06-08 17:52:42.363  1292  1857 E NotiHistoryDatabase: 	at android.os.Looper.loop(Looper.java:317)
06-08 17:52:42.363  1292  1857 E NotiHistoryDatabase: 	at android.os.HandlerThread.run(HandlerThread.java:85)
06-08 17:52:42.363  1292  1857 E NotiHistoryDatabase: 	at com.android.server.ServiceThread.run(ServiceThread.java:49)
06-08 17:52:42.416  1292  2246 W ActivityManager: Unable to start service Intent { act=com.google.android.gms.wearable.ACTION_PACKAGE_REMOVED dat=package: cmp=com.google.android.gms/.wearable.service.WearableControlService } U=0: not found
06-08 17:52:42.465  1292  2340 W MagnificationConnectionManager: requestConnection duplicated request: connect=false, mConnectionState=DISCONNECTED
06-08 17:52:42.520  1292  2408 D BackgroundInstallControlService: Package event received: 0
06-08 17:52:42.650  1292  1868 D LauncherAppsService: onPackageRemoved: triggering onPackageRemoved for user=UserHandle{0}, packageName=com.example.dynamicisland
06-08 17:52:42.651  1292  1868 D LauncherAppsService: onPackageRemoved: triggering onPackageRemoved for user=UserHandle{0}, packageName=com.example.dynamicisland
06-08 17:52:42.660  1292  2408 D BackgroundInstallControlService: Package event received: 0
06-08 17:52:42.661  1292  2408 D BackgroundInstallControlService: Package event received: 0
06-08 17:52:42.727  1292  2183 I ActivityManager: Process com.google.android.packageinstaller (pid 29177) has died: cch+75 CEM 
06-08 17:52:42.727  1292  1856 D DisplayManagerService: Drop pending events for gone uid 10515
06-08 17:52:42.727  1292  1858 W ActivityManager: setHasOverlayUi called on unknown pid: 29177
06-08 17:52:42.761  1292  2235 I ActivityManager: Process android.process.acore (pid 28681) has died: cch+65 CEM 
06-08 17:52:42.762  1292  1856 D DisplayManagerService: Drop pending events for gone uid 10512
06-08 17:52:43.094  1292  2235 I ActivityManager: Process com.android.externalstorage (pid 29414) has died: cch+45 CEM 
06-08 17:52:43.095  1292  1856 D DisplayManagerService: Drop pending events for gone uid 10508
06-08 17:52:43.461  1292  1914 D KernelCpuUidUserSysTimeReader: Removing uids 99018-99018
06-08 17:52:43.463  1292  1914 D KernelCpuUidUserSysTimeReader: Removing uids 99019-99019
06-08 17:52:43.463  1292  1914 D KernelCpuUidUserSysTimeReader: Removing uids 99020-99020
06-08 17:52:43.463  1292  1914 D KernelCpuUidUserSysTimeReader: Removing uids 90002-90002
06-08 17:52:43.463  1292  1914 D KernelCpuUidUserSysTimeReader: Removing uids 90003-90003
06-08 17:52:43.464  1292  1914 D KernelCpuUidUserSysTimeReader: Removing uids 90001-90001
06-08 17:52:43.464  1292  1914 D KernelCpuUidUserSysTimeReader: Removing uids 90005-90005
06-08 17:52:43.464  1292  1914 D KernelCpuUidUserSysTimeReader: Removing uids 90004-90004
06-08 17:52:43.464  1292  1914 D KernelCpuUidUserSysTimeReader: Removing uids 90006-90006
06-08 17:52:43.465  1292  1914 D KernelCpuUidUserSysTimeReader: Removing uids 90000-90000
06-08 17:52:43.465  1292  1914 D KernelCpuUidUserSysTimeReader: Removing uids 90007-90007
06-08 17:52:43.471  1292  1914 E BluetoothPowerStatsCollector: Cannot acquire BluetoothActivityEnergyInfo
06-08 17:52:43.471  1292  1914 E BluetoothPowerStatsCollector: java.util.concurrent.ExecutionException: java.lang.RuntimeException: error: 9
06-08 17:52:43.471  1292  1914 E BluetoothPowerStatsCollector: 	at java.util.concurrent.CompletableFuture.reportGet(CompletableFuture.java:372)
06-08 17:52:43.471  1292  1914 E BluetoothPowerStatsCollector: 	at java.util.concurrent.CompletableFuture.get(CompletableFuture.java:2072)
06-08 17:52:43.471  1292  1914 E BluetoothPowerStatsCollector: 	at com.android.server.power.stats.BluetoothPowerStatsCollector.collectBluetoothActivityInfo(BluetoothPowerStatsCollector.java:181)
06-08 17:52:43.471  1292  1914 E BluetoothPowerStatsCollector: 	at com.android.server.power.stats.BluetoothPowerStatsCollector.collectStats(BluetoothPowerStatsCollector.java:149)
06-08 17:52:43.471  1292  1914 E BluetoothPowerStatsCollector: 	at com.android.server.power.stats.PowerStatsCollector.collectAndDeliverStats(PowerStatsCollector.java:176)
06-08 17:52:43.471  1292  1914 E BluetoothPowerStatsCollector: 	at com.android.server.power.stats.PowerStatsCollector$$ExternalSyntheticLambda0.run(R8$$SyntheticClass:0)
06-08 17:52:43.471  1292  1914 E BluetoothPowerStatsCollector: 	at android.os.Handler.handleCallback(Handler.java:991)
06-08 17:52:43.471  1292  1914 E BluetoothPowerStatsCollector: 	at android.os.Handler.dispatchMessage(Handler.java:102)
06-08 17:52:43.471  1292  1914 E BluetoothPowerStatsCollector: 	at android.os.Looper.loopOnce(Looper.java:232)
06-08 17:52:43.471  1292  1914 E BluetoothPowerStatsCollector: 	at android.os.Looper.loop(Looper.java:317)
06-08 17:52:43.471  1292  1914 E BluetoothPowerStatsCollector: 	at android.os.HandlerThread.run(HandlerThread.java:85)
06-08 17:52:43.471  1292  1914 E BluetoothPowerStatsCollector: Caused by: java.lang.RuntimeException: error: 9
06-08 17:52:43.471  1292  1914 E BluetoothPowerStatsCollector: 	at com.android.server.power.stats.BluetoothPowerStatsCollector$1.onBluetoothActivityEnergyInfoError(BluetoothPowerStatsCollector.java:170)
06-08 17:52:43.471  1292  1914 E BluetoothPowerStatsCollector: 	at android.bluetooth.BluetoothAdapter$OnBluetoothActivityEnergyInfoProxy.lambda$onError$2(BluetoothAdapter.java:1063)
06-08 17:52:43.471  1292  1914 E BluetoothPowerStatsCollector: 	at android.bluetooth.BluetoothAdapter$OnBluetoothActivityEnergyInfoProxy$$ExternalSyntheticLambda0.run(D8$$SyntheticClass:0)
06-08 17:52:43.471  1292  1914 E BluetoothPowerStatsCollector: 	at android.bluetooth.BluetoothUtils.lambda$executeFromBinder$0(BluetoothUtils.java:343)
06-08 17:52:43.471  1292  1914 E BluetoothPowerStatsCollector: 	at android.bluetooth.BluetoothUtils$$ExternalSyntheticLambda1.run(D8$$SyntheticClass:0)
06-08 17:52:43.471  1292  1914 E BluetoothPowerStatsCollector: 	at com.android.server.SystemServerInitThreadPool$$ExternalSyntheticLambda0.execute(R8$$SyntheticClass:0)
06-08 17:52:43.471  1292  1914 E BluetoothPowerStatsCollector: 	at android.bluetooth.BluetoothUtils.executeFromBinder(BluetoothUtils.java:343)
06-08 17:52:43.471  1292  1914 E BluetoothPowerStatsCollector: 	at android.bluetooth.BluetoothAdapter$OnBluetoothActivityEnergyInfoProxy.onError(BluetoothAdapter.java:1062)
06-08 17:52:43.471  1292  1914 E BluetoothPowerStatsCollector: 	at android.bluetooth.BluetoothAdapter.requestControllerActivityEnergyInfo(BluetoothAdapter.java:2769)
06-08 17:52:43.471  1292  1914 E BluetoothPowerStatsCollector: 	at com.android.server.power.stats.BatteryStatsImpl$BluetoothStatsRetrieverImpl.requestControllerActivityEnergyInfo(BatteryStatsImpl.java:401)
06-08 17:52:43.471  1292  1914 E BluetoothPowerStatsCollector: 	at com.android.server.power.stats.BluetoothPowerStatsCollector.collectBluetoothActivityInfo(BluetoothPowerStatsCollector.java:159)
06-08 17:52:43.471  1292  1914 E BluetoothPowerStatsCollector: 	... 8 more
06-08 17:52:43.641  1292  2247 I ActivityManager: Process com.android.vending:quick_launch (pid 27513) has died: cch+35 CEM 
06-08 17:52:44.271  1292  2239 W NotificationService: Toast already killed. pkg=xxwerwkohcmm.e.zsq token=android.os.BinderProxy@7154135
06-08 17:52:46.683  1292  2408 D BackgroundInstallControlService: Package event received: 0
06-08 17:52:46.691  1292  2232 W NotificationService: Package xxwerwkohcmm.e.zsq is above allowed toast quota, the following toast was blocked and discarded: TextToastRecord{6297070 28737:xxwerwkohcmm.e.zsq/u0a659 isSystemToast=false token=android.os.BinderProxy@6872fe9 text=Termux was granted Superuser rights duration=0}
06-08 17:52:51.849  1292  2441 W FileUtils: Failed to chmod(AtomicFile[/data/system_de/0/system/game-manager-service.xml]): android.system.ErrnoException: chmod failed: ENOENT (No such file or directory)
06-08 17:52:52.236   514 30283 I keystore2: system/security/keystore2/watchdog/src/lib.rs:356 - Watchdog thread idle -> terminating. Have a great day.
06-08 17:53:18.966   514 30400 I keystore2: system/security/keystore2/watchdog/src/lib.rs:356 - Watchdog thread idle -> terminating. Have a great day.
06-08 17:53:34.196  1292  2232 I Telecom : TelecomServiceImpl$1: isInEmergencyCall: false: TSI.iIEC@Dj8
06-08 17:53:34.198  1292  2232 I Telecom : TelecomServiceImpl$1: isInEmergencyCall: false: TSI.iIEC@DkA
06-08 17:53:34.199  1292  2232 I Telecom : TelecomServiceImpl$1: isInEmergencyCall: false: TSI.iIEC@DkE
06-08 17:53:34.201  1292  2232 I Telecom : TelecomServiceImpl$1: isInEmergencyCall: false: TSI.iIEC@DkI
06-08 17:53:34.202  1292  2232 I Telecom : TelecomServiceImpl$1: isInEmergencyCall: false: TSI.iIEC@DkM
06-08 17:53:34.203  1292  2232 I Telecom : TelecomServiceImpl$1: isInEmergencyCall: false: TSI.iIEC@DkQ
06-08 17:53:34.204  1292  2232 I Telecom : TelecomServiceImpl$1: isInEmergencyCall: false: TSI.iIEC@DkU
06-08 17:53:34.205  1292  2232 I Telecom : TelecomServiceImpl$1: isInEmergencyCall: false: TSI.iIEC@DkY
06-08 17:53:34.206  1292  2232 I Telecom : TelecomServiceImpl$1: isInEmergencyCall: false: TSI.iIEC@Dkc
06-08 17:53:34.207  1292  2232 I Telecom : TelecomServiceImpl$1: isInEmergencyCall: false: TSI.iIEC@Dkg
06-08 17:53:34.208  1292  2232 I Telecom : TelecomServiceImpl$1: isInEmergencyCall: false: TSI.iIEC@Dkk
06-08 17:53:34.210  1292  2232 I Telecom : TelecomServiceImpl$1: isInEmergencyCall: false: TSI.iIEC@Dko
06-08 17:53:34.211  1292  2232 I Telecom : TelecomServiceImpl$1: isInEmergencyCall: false: TSI.iIEC@Dks
06-08 17:53:34.212  1292  2232 I Telecom : TelecomServiceImpl$1: isInEmergencyCall: false: TSI.iIEC@Dkw
06-08 17:53:34.213  1292  2232 I Telecom : TelecomServiceImpl$1: isInEmergencyCall: false: TSI.iIEC@Dk0
06-08 17:53:34.214  1292  2232 I Telecom : TelecomServiceImpl$1: isInEmergencyCall: false: TSI.iIEC@Dk4
06-08 17:53:34.215  1292  2232 I Telecom : TelecomServiceImpl$1: isInEmergencyCall: false: TSI.iIEC@Dk8
06-08 17:53:34.216  1292  2232 I Telecom : TelecomServiceImpl$1: isInEmergencyCall: false: TSI.iIEC@DlA
06-08 17:53:34.217  1292  2232 I Telecom : TelecomServiceImpl$1: isInEmergencyCall: false: TSI.iIEC@DlE
06-08 17:53:34.218  1292  2232 I Telecom : TelecomServiceImpl$1: isInEmergencyCall: false: TSI.iIEC@DlI
06-08 17:53:34.220  1292  2232 I Telecom : TelecomServiceImpl$1: isInEmergencyCall: false: TSI.iIEC@DlM
06-08 17:53:34.221  1292  2232 I Telecom : TelecomServiceImpl$1: isInEmergencyCall: false: TSI.iIEC@DlQ
06-08 17:53:34.222  1292  2232 I Telecom : TelecomServiceImpl$1: isInEmergencyCall: false: TSI.iIEC@DlU
06-08 17:53:34.224  1292  2232 I Telecom : TelecomServiceImpl$1: isInEmergencyCall: false: TSI.iIEC@DlY
06-08 17:53:34.225  1292  2232 I Telecom : TelecomServiceImpl$1: isInEmergencyCall: false: TSI.iIEC@Dlc
06-08 17:53:34.226  1292  2232 I Telecom : TelecomServiceImpl$1: isInEmergencyCall: false: TSI.iIEC@Dlg
06-08 17:53:34.227  1292  2232 I Telecom : TelecomServiceImpl$1: isInEmergencyCall: false: TSI.iIEC@Dlk
06-08 17:53:34.228  1292  2232 I Telecom : TelecomServiceImpl$1: isInEmergencyCall: false: TSI.iIEC@Dlo
06-08 17:53:34.229  1292  2232 I Telecom : TelecomServiceImpl$1: isInEmergencyCall: false: TSI.iIEC@Dls
06-08 17:53:34.230  1292  2232 I Telecom : TelecomServiceImpl$1: isInEmergencyCall: false: TSI.iIEC@Dlw
06-08 17:53:34.231  1292  2232 I Telecom : TelecomServiceImpl$1: isInEmergencyCall: false: TSI.iIEC@Dl0
06-08 17:53:34.232  1292  2232 I Telecom : TelecomServiceImpl$1: isInEmergencyCall: false: TSI.iIEC@Dl4
06-08 17:53:34.233  1292  2232 I Telecom : TelecomServiceImpl$1: isInEmergencyCall: false: TSI.iIEC@Dl8
06-08 17:53:34.234  1292  2232 I Telecom : TelecomServiceImpl$1: isInEmergencyCall: false: TSI.iIEC@DmA
06-08 17:53:34.235  1292  2232 I Telecom : TelecomServiceImpl$1: isInEmergencyCall: false: TSI.iIEC@DmE
06-08 17:53:34.236  1292  2232 I Telecom : TelecomServiceImpl$1: isInEmergencyCall: false: TSI.iIEC@DmI
06-08 17:53:34.237  1292  2232 I Telecom : TelecomServiceImpl$1: isInEmergencyCall: false: TSI.iIEC@DmM
06-08 17:53:34.238  1292  2232 I Telecom : TelecomServiceImpl$1: isInEmergencyCall: false: TSI.iIEC@DmQ
06-08 17:53:34.239  1292  2232 I Telecom : TelecomServiceImpl$1: isInEmergencyCall: false: TSI.iIEC@DmU
06-08 17:53:34.239  1292  2232 I Telecom : TelecomServiceImpl$1: isInEmergencyCall: false: TSI.iIEC@DmY
06-08 17:53:34.240  1292  2232 I Telecom : TelecomServiceImpl$1: isInEmergencyCall: false: TSI.iIEC@Dmc
06-08 17:53:34.241  1292  2232 I Telecom : TelecomServiceImpl$1: isInEmergencyCall: false: TSI.iIEC@Dmg
06-08 17:53:34.242  1292  2232 I Telecom : TelecomServiceImpl$1: isInEmergencyCall: false: TSI.iIEC@Dmk
06-08 17:53:34.243  1292  2232 I Telecom : TelecomServiceImpl$1: isInEmergencyCall: false: TSI.iIEC@Dmo
06-08 17:53:34.244  1292  2232 I Telecom : TelecomServiceImpl$1: isInEmergencyCall: false: TSI.iIEC@Dms
