06-04 13:35:38.367  3923  3923 I ActivityThread: assets removed: [/data/resource-cache/com.android.systemui-accent-eCxs.frro, /data/resource-cache/com.android.systemui-dynamic-jLa7.frro, /data/resource-cache/com.android.systemui-neutral-qt66.frro]
06-04 13:35:38.367  3923  3923 I ActivityThread: assets added: [/data/resource-cache/com.android.systemui-neutral-8aCO.frro, /data/resource-cache/com.android.systemui-accent-ioRt.frro, /data/resource-cache/com.android.systemui-dynamic-KIzB.frro]
06-04 13:35:38.367  3898  3898 I ActivityThread: assets removed: [/data/resource-cache/com.android.systemui-accent-eCxs.frro, /data/resource-cache/com.android.systemui-dynamic-jLa7.frro, /data/resource-cache/com.android.systemui-neutral-qt66.frro]
06-04 13:35:38.367  3898  3898 I ActivityThread: assets added: [/data/resource-cache/com.android.systemui-neutral-8aCO.frro, /data/resource-cache/com.android.systemui-accent-ioRt.frro, /data/resource-cache/com.android.systemui-dynamic-KIzB.frro]
06-04 13:35:38.371  2724  2724 I ActivityThread: assets removed: [/data/resource-cache/com.android.systemui-accent-eCxs.frro, /data/resource-cache/com.android.systemui-dynamic-jLa7.frro, /data/resource-cache/com.android.systemui-neutral-qt66.frro]
06-04 13:35:38.371  2724  2724 I ActivityThread: assets added: [/data/resource-cache/com.android.systemui-neutral-8aCO.frro, /data/resource-cache/com.android.systemui-accent-ioRt.frro, /data/resource-cache/com.android.systemui-dynamic-KIzB.frro]
06-04 13:35:38.373  2728  2728 I ActivityThread: assets removed: [/data/resource-cache/com.android.systemui-accent-eCxs.frro, /data/resource-cache/com.android.systemui-dynamic-jLa7.frro, /data/resource-cache/com.android.systemui-neutral-qt66.frro]
06-04 13:35:38.373  2728  2728 I ActivityThread: assets added: [/data/resource-cache/com.android.systemui-neutral-8aCO.frro, /data/resource-cache/com.android.systemui-accent-ioRt.frro, /data/resource-cache/com.android.systemui-dynamic-KIzB.frro]
06-04 13:35:38.377  2731  2731 I ActivityThread: assets removed: [/data/resource-cache/com.android.systemui-accent-eCxs.frro, /data/resource-cache/com.android.systemui-dynamic-jLa7.frro, /data/resource-cache/com.android.systemui-neutral-qt66.frro]
06-04 13:35:38.377  2731  2731 I ActivityThread: assets added: [/data/resource-cache/com.android.systemui-neutral-8aCO.frro, /data/resource-cache/com.android.systemui-accent-ioRt.frro, /data/resource-cache/com.android.systemui-dynamic-KIzB.frro]
06-04 13:35:38.377  3895  3895 I ActivityThread: assets removed: [/data/resource-cache/com.android.systemui-accent-eCxs.frro, /data/resource-cache/com.android.systemui-dynamic-jLa7.frro, /data/resource-cache/com.android.systemui-neutral-qt66.frro]
06-04 13:35:38.377  3895  3895 I ActivityThread: assets added: [/data/resource-cache/com.android.systemui-neutral-8aCO.frro, /data/resource-cache/com.android.systemui-accent-ioRt.frro, /data/resource-cache/com.android.systemui-dynamic-KIzB.frro]
06-04 13:35:38.380 22863 22863 I ActivityThread: assets removed: [/data/resource-cache/com.android.systemui-accent-eCxs.frro, /data/resource-cache/com.android.systemui-dynamic-jLa7.frro, /data/resource-cache/com.android.systemui-neutral-qt66.frro]
06-04 13:35:38.380 22863 22863 I ActivityThread: assets added: [/data/resource-cache/com.android.systemui-neutral-8aCO.frro, /data/resource-cache/com.android.systemui-accent-ioRt.frro, /data/resource-cache/com.android.systemui-dynamic-KIzB.frro]
06-04 13:35:38.364  2719  2719 I ActivityThread: assets removed: [/data/resource-cache/com.android.systemui-accent-eCxs.frro, /data/resource-cache/com.android.systemui-dynamic-jLa7.frro, /data/resource-cache/com.android.systemui-neutral-qt66.frro]
06-04 13:35:38.364  2719  2719 I ActivityThread: assets added: [/data/resource-cache/com.android.systemui-neutral-8aCO.frro, /data/resource-cache/com.android.systemui-accent-ioRt.frro, /data/resource-cache/com.android.systemui-dynamic-KIzB.frro]
06-04 13:35:38.385  3916  3916 I ActivityThread: assets removed: [/data/resource-cache/com.android.systemui-accent-eCxs.frro, /data/resource-cache/com.android.systemui-dynamic-jLa7.frro, /data/resource-cache/com.android.systemui-neutral-qt66.frro]
06-04 13:35:38.385  3916  3916 I ActivityThread: assets added: [/data/resource-cache/com.android.systemui-neutral-8aCO.frro, /data/resource-cache/com.android.systemui-accent-ioRt.frro, /data/resource-cache/com.android.systemui-dynamic-KIzB.frro]
06-04 13:35:38.386  2715  2715 I ActivityThread: assets removed: [/data/resource-cache/com.android.systemui-accent-eCxs.frro, /data/resource-cache/com.android.systemui-dynamic-jLa7.frro, /data/resource-cache/com.android.systemui-neutral-qt66.frro]
06-04 13:35:38.386  2715  2715 I ActivityThread: assets added: [/data/resource-cache/com.android.systemui-neutral-8aCO.frro, /data/resource-cache/com.android.systemui-accent-ioRt.frro, /data/resource-cache/com.android.systemui-dynamic-KIzB.frro]
06-04 13:35:38.387  3079  3079 I ActivityThread: assets removed: [/data/resource-cache/com.android.systemui-accent-eCxs.frro, /data/resource-cache/com.android.systemui-dynamic-jLa7.frro, /data/resource-cache/com.android.systemui-neutral-qt66.frro]
06-04 13:35:38.387  3079  3079 I ActivityThread: assets added: [/data/resource-cache/com.android.systemui-neutral-8aCO.frro, /data/resource-cache/com.android.systemui-accent-ioRt.frro, /data/resource-cache/com.android.systemui-dynamic-KIzB.frro]
06-04 13:35:38.388  3893  3893 I ActivityThread: assets removed: [/data/resource-cache/com.android.systemui-accent-eCxs.frro, /data/resource-cache/com.android.systemui-dynamic-jLa7.frro, /data/resource-cache/com.android.systemui-neutral-qt66.frro]
06-04 13:35:38.388  3893  3893 I ActivityThread: assets added: [/data/resource-cache/com.android.systemui-neutral-8aCO.frro, /data/resource-cache/com.android.systemui-accent-ioRt.frro, /data/resource-cache/com.android.systemui-dynamic-KIzB.frro]
06-04 13:35:38.390 24929 24929 I ActivityThread: assets removed: [/data/resource-cache/com.android.systemui-accent-eCxs.frro, /data/resource-cache/com.android.systemui-dynamic-jLa7.frro, /data/resource-cache/com.android.systemui-neutral-qt66.frro]
06-04 13:35:38.390 24929 24929 I ActivityThread: assets added: [/data/resource-cache/com.android.systemui-neutral-8aCO.frro, /data/resource-cache/com.android.systemui-accent-ioRt.frro, /data/resource-cache/com.android.systemui-dynamic-KIzB.frro]
06-04 13:35:38.391 24421 24421 I ActivityThread: assets removed: [/data/resource-cache/com.android.systemui-accent-eCxs.frro, /data/resource-cache/com.android.systemui-dynamic-jLa7.frro, /data/resource-cache/com.android.systemui-neutral-qt66.frro]
06-04 13:35:38.391 24421 24421 I ActivityThread: assets added: [/data/resource-cache/com.android.systemui-neutral-8aCO.frro, /data/resource-cache/com.android.systemui-accent-ioRt.frro, /data/resource-cache/com.android.systemui-dynamic-KIzB.frro]
06-04 13:35:38.392  2721  2721 I ActivityThread: assets removed: [/data/resource-cache/com.android.systemui-accent-eCxs.frro, /data/resource-cache/com.android.systemui-dynamic-jLa7.frro, /data/resource-cache/com.android.systemui-neutral-qt66.frro]
06-04 13:35:38.392  2721  2721 I ActivityThread: assets added: [/data/resource-cache/com.android.systemui-neutral-8aCO.frro, /data/resource-cache/com.android.systemui-accent-ioRt.frro, /data/resource-cache/com.android.systemui-dynamic-KIzB.frro]
06-04 13:35:38.396 27917 27939 I ndroid.systemui: AssetManager2(0xb400006e24913c18) locale list changing from [] to [en-IN]
06-04 13:35:38.397  2690  2690 I ActivityThread: assets removed: [/data/resource-cache/com.android.systemui-accent-eCxs.frro, /data/resource-cache/com.android.systemui-dynamic-jLa7.frro, /data/resource-cache/com.android.systemui-neutral-qt66.frro]
06-04 13:35:38.397  2690  2690 I ActivityThread: assets added: [/data/resource-cache/com.android.systemui-neutral-8aCO.frro, /data/resource-cache/com.android.systemui-accent-ioRt.frro, /data/resource-cache/com.android.systemui-dynamic-KIzB.frro]
06-04 13:35:38.397 25277 25277 I ActivityThread: assets removed: [/data/resource-cache/com.android.systemui-accent-eCxs.frro, /data/resource-cache/com.android.systemui-dynamic-jLa7.frro, /data/resource-cache/com.android.systemui-neutral-qt66.frro]
06-04 13:35:38.397 25277 25277 I ActivityThread: assets added: [/data/resource-cache/com.android.systemui-neutral-8aCO.frro, /data/resource-cache/com.android.systemui-accent-ioRt.frro, /data/resource-cache/com.android.systemui-dynamic-KIzB.frro]
06-04 13:35:38.399 27917 27939 I ndroid.systemui: AssetManager2(0xb400006e24946bb8) locale list changing from [] to [en-IN]
06-04 13:35:38.399  2726  2726 I ActivityThread: assets removed: [/data/resource-cache/com.android.systemui-accent-eCxs.frro, /data/resource-cache/com.android.systemui-dynamic-jLa7.frro, /data/resource-cache/com.android.systemui-neutral-qt66.frro]
06-04 13:35:38.399  2726  2726 I ActivityThread: assets added: [/data/resource-cache/com.android.systemui-neutral-8aCO.frro, /data/resource-cache/com.android.systemui-accent-ioRt.frro, /data/resource-cache/com.android.systemui-dynamic-KIzB.frro]
06-04 13:35:38.399  3897  3897 I ActivityThread: assets removed: [/data/resource-cache/com.android.systemui-accent-eCxs.frro, /data/resource-cache/com.android.systemui-dynamic-jLa7.frro, /data/resource-cache/com.android.systemui-neutral-qt66.frro]
06-04 13:35:38.399  3897  3897 I ActivityThread: assets added: [/data/resource-cache/com.android.systemui-neutral-8aCO.frro, /data/resource-cache/com.android.systemui-accent-ioRt.frro, /data/resource-cache/com.android.systemui-dynamic-KIzB.frro]
06-04 13:35:38.399 27917 27939 I ndroid.systemui: AssetManager2(0xb400006e24918718) locale list changing from [] to [en-IN]
06-04 13:35:38.401 27917 27939 I ndroid.systemui: AssetManager2(0xb400006e24917a98) locale list changing from [] to [en-IN]
06-04 13:35:38.401  2737  2737 I ActivityThread: assets removed: [/data/resource-cache/com.android.systemui-accent-eCxs.frro, /data/resource-cache/com.android.systemui-dynamic-jLa7.frro, /data/resource-cache/com.android.systemui-neutral-qt66.frro]
06-04 13:35:38.401  2737  2737 I ActivityThread: assets added: [/data/resource-cache/com.android.systemui-neutral-8aCO.frro, /data/resource-cache/com.android.systemui-accent-ioRt.frro, /data/resource-cache/com.android.systemui-dynamic-KIzB.frro]
06-04 13:35:38.401  4732  4732 I ActivityThread: assets removed: [/data/resource-cache/com.android.systemui-accent-eCxs.frro, /data/resource-cache/com.android.systemui-dynamic-jLa7.frro, /data/resource-cache/com.android.systemui-neutral-qt66.frro]
06-04 13:35:38.401  4732  4732 I ActivityThread: assets added: [/data/resource-cache/com.android.systemui-neutral-8aCO.frro, /data/resource-cache/com.android.systemui-accent-ioRt.frro, /data/resource-cache/com.android.systemui-dynamic-KIzB.frro]
06-04 13:35:38.401 27917 27939 I ndroid.systemui: AssetManager2(0xb400006e24949a98) locale list changing from [] to [en-IN]
06-04 13:35:38.402 27917 27939 I ndroid.systemui: AssetManager2(0xb400006e24947e78) locale list changing from [] to [en-IN]
06-04 13:35:38.403  3216  3216 I ActivityThread: assets removed: [/data/resource-cache/com.android.systemui-accent-eCxs.frro, /data/resource-cache/com.android.systemui-dynamic-jLa7.frro, /data/resource-cache/com.android.systemui-neutral-qt66.frro]
06-04 13:35:38.403  3216  3216 I ActivityThread: assets added: [/data/resource-cache/com.android.systemui-neutral-8aCO.frro, /data/resource-cache/com.android.systemui-accent-ioRt.frro, /data/resource-cache/com.android.systemui-dynamic-KIzB.frro]
06-04 13:35:38.403 17258 17258 I ActivityThread: assets removed: [/data/resource-cache/com.android.systemui-accent-eCxs.frro, /data/resource-cache/com.android.systemui-dynamic-jLa7.frro, /data/resource-cache/com.android.systemui-neutral-qt66.frro]
06-04 13:35:38.403 17258 17258 I ActivityThread: assets added: [/data/resource-cache/com.android.systemui-neutral-8aCO.frro, /data/resource-cache/com.android.systemui-accent-ioRt.frro, /data/resource-cache/com.android.systemui-dynamic-KIzB.frro]
06-04 13:35:38.407  3420  3420 I ActivityThread: assets removed: [/data/resource-cache/com.android.systemui-accent-eCxs.frro, /data/resource-cache/com.android.systemui-dynamic-jLa7.frro, /data/resource-cache/com.android.systemui-neutral-qt66.frro]
06-04 13:35:38.407  3420  3420 I ActivityThread: assets added: [/data/resource-cache/com.android.systemui-neutral-8aCO.frro, /data/resource-cache/com.android.systemui-accent-ioRt.frro, /data/resource-cache/com.android.systemui-dynamic-KIzB.frro]
06-04 13:35:38.410  3927  3927 I ActivityThread: assets removed: [/data/resource-cache/com.android.systemui-accent-eCxs.frro, /data/resource-cache/com.android.systemui-dynamic-jLa7.frro, /data/resource-cache/com.android.systemui-neutral-qt66.frro]
06-04 13:35:38.410  3927  3927 I ActivityThread: assets added: [/data/resource-cache/com.android.systemui-neutral-8aCO.frro, /data/resource-cache/com.android.systemui-accent-ioRt.frro, /data/resource-cache/com.android.systemui-dynamic-KIzB.frro]
06-04 13:35:38.414 22536 22536 I ActivityThread: assets added: [/data/resource-cache/com.android.systemui-neutral-8aCO.frro, /data/resource-cache/com.android.systemui-accent-ioRt.frro, /data/resource-cache/com.android.systemui-dynamic-KIzB.frro]
06-04 13:35:38.415 28016 28016 I ActivityThread: assets removed: [/data/resource-cache/com.android.systemui-accent-eCxs.frro, /data/resource-cache/com.android.systemui-dynamic-jLa7.frro, /data/resource-cache/com.android.systemui-neutral-qt66.frro]
06-04 13:35:38.415 28016 28016 I ActivityThread: assets added: [/data/resource-cache/com.android.systemui-neutral-8aCO.frro, /data/resource-cache/com.android.systemui-accent-ioRt.frro, /data/resource-cache/com.android.systemui-dynamic-KIzB.frro]
06-04 13:35:38.415 23071 23071 I ActivityThread: assets removed: [/data/resource-cache/com.android.systemui-accent-eCxs.frro, /data/resource-cache/com.android.systemui-dynamic-jLa7.frro, /data/resource-cache/com.android.systemui-neutral-qt66.frro]
06-04 13:35:38.415 23071 23071 I ActivityThread: assets added: [/data/resource-cache/com.android.systemui-neutral-8aCO.frro, /data/resource-cache/com.android.systemui-accent-ioRt.frro, /data/resource-cache/com.android.systemui-dynamic-KIzB.frro]
06-04 13:35:38.417  2739  2739 I ActivityThread: assets removed: [/data/resource-cache/com.android.systemui-accent-eCxs.frro, /data/resource-cache/com.android.systemui-dynamic-jLa7.frro, /data/resource-cache/com.android.systemui-neutral-qt66.frro]
06-04 13:35:38.417  2739  2739 I ActivityThread: assets added: [/data/resource-cache/com.android.systemui-neutral-8aCO.frro, /data/resource-cache/com.android.systemui-accent-ioRt.frro, /data/resource-cache/com.android.systemui-dynamic-KIzB.frro]
06-04 13:35:38.424  2733  2733 I ActivityThread: assets removed: [/data/resource-cache/com.android.systemui-accent-eCxs.frro, /data/resource-cache/com.android.systemui-dynamic-jLa7.frro, /data/resource-cache/com.android.systemui-neutral-qt66.frro]
06-04 13:35:38.424  2733  2733 I ActivityThread: assets added: [/data/resource-cache/com.android.systemui-neutral-8aCO.frro, /data/resource-cache/com.android.systemui-accent-ioRt.frro, /data/resource-cache/com.android.systemui-dynamic-KIzB.frro]
06-04 13:35:38.430 25811 25811 I ActivityThread: assets removed: [/data/resource-cache/com.android.systemui-accent-eCxs.frro, /data/resource-cache/com.android.systemui-dynamic-jLa7.frro, /data/resource-cache/com.android.systemui-neutral-qt66.frro]
06-04 13:35:38.430 25811 25811 I ActivityThread: assets added: [/data/resource-cache/com.android.systemui-accent-ioRt.frro, /data/resource-cache/com.android.systemui-dynamic-KIzB.frro, /data/resource-cache/com.android.systemui-neutral-8aCO.frro]
06-04 13:35:38.436 25352 25352 I ActivityThread: assets removed: [/data/resource-cache/com.android.systemui-accent-eCxs.frro, /data/resource-cache/com.android.systemui-dynamic-jLa7.frro, /data/resource-cache/com.android.systemui-neutral-qt66.frro]
06-04 13:35:38.436 25352 25352 I ActivityThread: assets added: [/data/resource-cache/com.android.systemui-neutral-8aCO.frro, /data/resource-cache/com.android.systemui-accent-ioRt.frro, /data/resource-cache/com.android.systemui-dynamic-KIzB.frro]
06-04 13:35:38.441 24933 24933 I ActivityThread: assets removed: [/data/resource-cache/com.android.systemui-accent-eCxs.frro, /data/resource-cache/com.android.systemui-dynamic-jLa7.frro, /data/resource-cache/com.android.systemui-neutral-qt66.frro]
06-04 13:35:38.441 24933 24933 I ActivityThread: assets added: [/data/resource-cache/com.android.systemui-accent-ioRt.frro, /data/resource-cache/com.android.systemui-dynamic-KIzB.frro, /data/resource-cache/com.android.systemui-neutral-8aCO.frro]
06-04 13:35:38.449 25089 25089 I ActivityThread: assets removed: [/data/resource-cache/com.android.systemui-accent-eCxs.frro, /data/resource-cache/com.android.systemui-dynamic-jLa7.frro, /data/resource-cache/com.android.systemui-neutral-qt66.frro]
06-04 13:35:38.449 25089 25089 I ActivityThread: assets added: [/data/app/~~uWsUnemCBQlpw6c31mlJdg==/com.google.android.gms-RXEgXQ0xOMdnLyAf9I8P1Q==/split_AdsDynamite_installtime.apk, /data/app/~~uWsUnemCBQlpw6c31mlJdg==/com.google.android.gms-RXEgXQ0xOMdnLyAf9I8P1Q==/split_CronetDynamite_installtime.apk, /data/app/~~uWsUnemCBQlpw6c31mlJdg==/com.google.android.gms-RXEgXQ0xOMdnLyAf9I8P1Q==/split_DynamiteLoader_installtime.apk, /data/app/~~uWsUnemCBQlpw6c31mlJdg==/com.google.android.gms-RXEgXQ0xOMdnLyAf9I8P1Q==/split_DynamiteModulesA_installtime.apk, /data/app/~~uWsUnemCBQlpw6c31mlJdg==/com.google.android.gms-RXEgXQ0xOMdnLyAf9I8P1Q==/split_DynamiteModulesC_installtime.apk, /data/app/~~uWsUnemCBQlpw6c31mlJdg==/com.google.android.gms-RXEgXQ0xOMdnLyAf9I8P1Q==/split_GoogleCertificates_installtime.apk, /data/app/~~uWsUnemCBQlpw6c31mlJdg==/com.google.android.gms-RXEgXQ0xOMdnLyAf9I8P1Q==/split_MapsDynamite_installtime.apk, /data/app/~~uWsUnemCBQlpw6c31mlJdg==/com.google.android.gms-RXEgXQ0xOMdnLyAf9I8P1Q==/split_MeasurementDynamite_installtime.apk, /data/app/~~uWsUnemCBQlpw6c31mlJdg==/com.google.android.gms-RXEgXQ0xOMdnLyAf9I8P1Q==/split_maps_core_dynamite_ondemand.apk, /data/resource-cache/com.android.systemui-neutral-8aCO.frro, /data/resource-cache/com.android.systemui-accent-ioRt.frro, /data/resource-cache/com.android.systemui-dynamic-KIzB.frro]
06-04 13:35:38.452  3513  3513 I ActivityThread: assets removed: [/data/resource-cache/com.android.systemui-accent-eCxs.frro, /data/resource-cache/com.android.systemui-dynamic-jLa7.frro, /data/resource-cache/com.android.systemui-neutral-qt66.frro]
06-04 13:35:38.452  3513  3513 I ActivityThread: assets added: [/data/app/~~uWsUnemCBQlpw6c31mlJdg==/com.google.android.gms-RXEgXQ0xOMdnLyAf9I8P1Q==/split_AdsDynamite_installtime.apk, /data/app/~~uWsUnemCBQlpw6c31mlJdg==/com.google.android.gms-RXEgXQ0xOMdnLyAf9I8P1Q==/split_CronetDynamite_installtime.apk, /data/app/~~uWsUnemCBQlpw6c31mlJdg==/com.google.android.gms-RXEgXQ0xOMdnLyAf9I8P1Q==/split_DynamiteLoader_installtime.apk, /data/app/~~uWsUnemCBQlpw6c31mlJdg==/com.google.android.gms-RXEgXQ0xOMdnLyAf9I8P1Q==/split_DynamiteModulesA_installtime.apk, /data/app/~~uWsUnemCBQlpw6c31mlJdg==/com.google.android.gms-RXEgXQ0xOMdnLyAf9I8P1Q==/split_DynamiteModulesC_installtime.apk, /data/app/~~uWsUnemCBQlpw6c31mlJdg==/com.google.android.gms-RXEgXQ0xOMdnLyAf9I8P1Q==/split_GoogleCertificates_installtime.apk, /data/app/~~uWsUnemCBQlpw6c31mlJdg==/com.google.android.gms-RXEgXQ0xOMdnLyAf9I8P1Q==/split_MapsDynamite_installtime.apk, /data/app/~~uWsUnemCBQlpw6c31mlJdg==/com.google.android.gms-RXEgXQ0xOMdnLyAf9I8P1Q==/split_MeasurementDynamite_installtime.apk, /data/app/~~uWsUnemCBQlpw6c31mlJdg==/com.google.android.gms-RXEgXQ0xOMdnLyAf9I8P1Q==/split_maps_core_dynamite_ondemand.apk, /data/resource-cache/com.android.systemui-neutral-8aCO.frro, /data/resource-cache/com.android.systemui-accent-ioRt.frro, /data/resource-cache/com.android.systemui-dynamic-KIzB.frro]
06-04 13:35:38.462 27917 27939 I ndroid.systemui: AssetManager2(0xb400006e2494c338) locale list changing from [] to [en-IN]
06-04 13:35:38.464 27917 27939 I ndroid.systemui: AssetManager2(0xb400006e24947b58) locale list changing from [] to [en-IN]
06-04 13:35:38.465 27917 27939 I ndroid.systemui: AssetManager2(0xb400006e2493fb38) locale list changing from [] to [en-IN]
06-04 13:35:38.465 27917 27939 I ndroid.systemui: AssetManager2(0xb400006e24944f98) locale list changing from [] to [en-IN]
06-04 13:35:38.466 27917 27939 I ndroid.systemui: AssetManager2(0xb400006e2494e278) locale list changing from [] to [en-IN]
06-04 13:35:38.466 27917 27939 I ndroid.systemui: AssetManager2(0xb400006e2494ad58) locale list changing from [] to [en-IN]
06-04 13:35:38.467 27917 27939 I ndroid.systemui: AssetManager2(0xb400006e24949778) locale list changing from [] to [en-IN]
06-04 13:35:38.473 25237 25237 I ActivityThread: assets added: [/data/resource-cache/com.android.systemui-accent-ioRt.frro, /data/resource-cache/com.android.systemui-dynamic-KIzB.frro, /data/resource-cache/com.android.systemui-neutral-8aCO.frro]
06-04 13:35:38.479 27917 27917 I ndroid.systemui: AssetManager2(0xb400006e24949138) locale list changing from [] to [en-IN]
06-04 13:35:38.492 27917 27917 I ndroid.systemui: AssetManager2(0xb400006e2494cfb8) locale list changing from [] to [en-IN]
06-04 13:35:38.500 21609 21609 I ActivityThread: assets removed: [/data/resource-cache/com.android.systemui-accent-eCxs.frro, /data/resource-cache/com.android.systemui-dynamic-jLa7.frro, /data/resource-cache/com.android.systemui-neutral-qt66.frro]
06-04 13:35:38.500 21609 21609 I ActivityThread: assets added: [/data/app/~~L_Md1M65tc37h5izVc-cng==/com.brave.browser-4aml7wE9nQ1_j9jxPBPP1g==/split_chrome.apk, /data/app/~~L_Md1M65tc37h5izVc-cng==/com.brave.browser-4aml7wE9nQ1_j9jxPBPP1g==/split_on_demand.apk, /data/resource-cache/com.android.systemui-accent-ioRt.frro, /data/resource-cache/com.android.systemui-dynamic-KIzB.frro, /data/resource-cache/com.android.systemui-neutral-8aCO.frro]
06-04 13:35:38.516 27917 27917 W View    : requestLayout() improperly called by ModernStatusBarMobileView(slot='mobile', subId=1, isCollecting=true, visibleState=ICON); viewString=com.android.systemui.statusbar.pipeline.mobile.ui.view.ModernStatusBarMobileView{eab5a36 V.E...... ......ID 0,0-43,58 #7f0b0532 app:id/mobile_combo} during layout: running second layout pass
06-04 13:35:38.517 28024 28024 I e.dynamicisland: AssetManager2(0xb400006e2490cb98) locale list changing from [] to [en-IN]
06-04 13:35:38.520 27917 27917 W View    : requestLayout() improperly called by ModernStatusBarMobileView(slot='mobile', subId=1, isCollecting=true, visibleState=ICON); viewString=com.android.systemui.statusbar.pipeline.mobile.ui.view.ModernStatusBarMobileView{517bf03 V.E...... ......ID 0,0-43,58 #7f0b0532 app:id/mobile_combo} during layout: running second layout pass
06-04 13:35:38.536  3120  3120 I ActivityThread: assets removed: [/data/resource-cache/com.android.systemui-accent-eCxs.frro, /data/resource-cache/com.android.systemui-dynamic-jLa7.frro, /data/resource-cache/com.android.systemui-neutral-qt66.frro]
06-04 13:35:38.536  3120  3120 I ActivityThread: assets added: [/data/resource-cache/com.android.systemui-accent-ioRt.frro, /data/resource-cache/com.android.systemui-dynamic-KIzB.frro, /data/resource-cache/com.android.systemui-neutral-8aCO.frro]
06-04 13:35:38.537 28024 28024 I ActivityThread: ApplicationInfo updating for com.example.dynamicisland, new timestamp: 11856246
06-04 13:35:38.537 28024 28024 I ActivityThread: assets removed: [/data/resource-cache/com.android.systemui-accent-eCxs.frro, /data/resource-cache/com.android.systemui-dynamic-jLa7.frro, /data/resource-cache/com.android.systemui-neutral-qt66.frro]
06-04 13:35:38.537 28024 28024 I ActivityThread: assets added: [/data/resource-cache/com.android.systemui-accent-ioRt.frro, /data/resource-cache/com.android.systemui-dynamic-KIzB.frro, /data/resource-cache/com.android.systemui-neutral-8aCO.frro]
06-04 13:35:38.537  6491  6491 I ActivityThread: assets removed: [/data/resource-cache/com.android.systemui-accent-eCxs.frro, /data/resource-cache/com.android.systemui-dynamic-jLa7.frro, /data/resource-cache/com.android.systemui-neutral-qt66.frro]
06-04 13:35:38.537  6491  6491 I ActivityThread: assets added: [/data/resource-cache/com.android.systemui-accent-ioRt.frro, /data/resource-cache/com.android.systemui-dynamic-KIzB.frro, /data/resource-cache/com.android.systemui-neutral-8aCO.frro]
06-04 13:35:38.544 26453 26453 I ActivityThread: assets removed: [/data/resource-cache/com.android.systemui-accent-eCxs.frro, /data/resource-cache/com.android.systemui-dynamic-jLa7.frro, /data/resource-cache/com.android.systemui-neutral-qt66.frro]
06-04 13:35:38.544 26453 26453 I ActivityThread: assets added: [/data/resource-cache/com.android.systemui-neutral-8aCO.frro, /data/resource-cache/com.android.systemui-accent-ioRt.frro, /data/resource-cache/com.android.systemui-dynamic-KIzB.frro]
06-04 13:35:38.560 21523 21523 I ActivityThread: assets removed: [/data/resource-cache/com.android.systemui-accent-eCxs.frro, /data/resource-cache/com.android.systemui-dynamic-jLa7.frro, /data/resource-cache/com.android.systemui-neutral-qt66.frro]
06-04 13:35:38.560 21523 21523 I ActivityThread: assets added: [/data/app/~~L_Md1M65tc37h5izVc-cng==/com.brave.browser-4aml7wE9nQ1_j9jxPBPP1g==/split_on_demand.apk, /data/resource-cache/com.android.systemui-neutral-8aCO.frro, /data/resource-cache/com.android.systemui-accent-ioRt.frro, /data/resource-cache/com.android.systemui-dynamic-KIzB.frro]
06-04 13:35:38.592 27917 27917 I ndroid.systemui: AssetManager2(0xb400006e2494d918) locale list changing from [] to [en-IN]
06-04 13:35:38.592 27917 27917 I ndroid.systemui: AssetManager2(0xb400006e24956bf8) locale list changing from [] to [en-IN]
06-04 13:35:38.622  1691  2356 D ConnectivityService: requestNetwork for uid/pid:10590/27917 activeRequest: null callbackRequest: 1190 [NetworkRequest [ REQUEST id=1191, [ Capabilities: INTERNET&NOT_RESTRICTED&TRUSTED&NOT_VCN_MANAGED&NOT_BANDWIDTH_CONSTRAINED Uid: 10590 RequestorUid: 10590 RequestorPkg: com.android.systemui UnderlyingNetworks: Null] ]] callback flags: 0 order: 2147483647 isUidTracked: false declaredMethods: ALL
06-04 13:35:38.628  1691  2470 D WifiNetworkFactory: got request NetworkRequest [ REQUEST id=1191, [ Capabilities: INTERNET&NOT_RESTRICTED&TRUSTED&NOT_VCN_MANAGED&NOT_BANDWIDTH_CONSTRAINED Uid: 10590 RequestorUid: 10590 RequestorPkg: com.android.systemui UnderlyingNetworks: Null] ]
06-04 13:35:38.628  1691  2470 D UntrustedWifiNetworkFactory: got request NetworkRequest [ REQUEST id=1191, [ Capabilities: INTERNET&NOT_RESTRICTED&TRUSTED&NOT_VCN_MANAGED&NOT_BANDWIDTH_CONSTRAINED Uid: 10590 RequestorUid: 10590 RequestorPkg: com.android.systemui UnderlyingNetworks: Null] ]
06-04 13:35:38.628  1691  2470 D OemPaidWifiNetworkFactory: got request NetworkRequest [ REQUEST id=1191, [ Capabilities: INTERNET&NOT_RESTRICTED&TRUSTED&NOT_VCN_MANAGED&NOT_BANDWIDTH_CONSTRAINED Uid: 10590 RequestorUid: 10590 RequestorPkg: com.android.systemui UnderlyingNetworks: Null] ]
06-04 13:35:38.628  1691  2470 D MultiInternetWifiNetworkFactory: got request NetworkRequest [ REQUEST id=1191, [ Capabilities: INTERNET&NOT_RESTRICTED&TRUSTED&NOT_VCN_MANAGED&NOT_BANDWIDTH_CONSTRAINED Uid: 10590 RequestorUid: 10590 RequestorPkg: com.android.systemui UnderlyingNetworks: Null] ]
06-04 13:35:38.679  1691  4579 D ConnectivityService: requestNetwork for uid/pid:10590/27917 activeRequest: null callbackRequest: 1193 [NetworkRequest [ REQUEST id=1194, [ Capabilities: INTERNET&NOT_RESTRICTED&TRUSTED&NOT_VCN_MANAGED&NOT_BANDWIDTH_CONSTRAINED Uid: 10590 RequestorUid: 10590 RequestorPkg: com.android.systemui UnderlyingNetworks: Null] ]] callback flags: 0 order: 2147483647 isUidTracked: false declaredMethods: ALL
06-04 13:35:38.685  1691  2470 D WifiNetworkFactory: got request NetworkRequest [ REQUEST id=1194, [ Capabilities: INTERNET&NOT_RESTRICTED&TRUSTED&NOT_VCN_MANAGED&NOT_BANDWIDTH_CONSTRAINED Uid: 10590 RequestorUid: 10590 RequestorPkg: com.android.systemui UnderlyingNetworks: Null] ]
06-04 13:35:38.685  1691  2470 D UntrustedWifiNetworkFactory: got request NetworkRequest [ REQUEST id=1194, [ Capabilities: INTERNET&NOT_RESTRICTED&TRUSTED&NOT_VCN_MANAGED&NOT_BANDWIDTH_CONSTRAINED Uid: 10590 RequestorUid: 10590 RequestorPkg: com.android.systemui UnderlyingNetworks: Null] ]
06-04 13:35:38.686  1691  2470 D OemPaidWifiNetworkFactory: got request NetworkRequest [ REQUEST id=1194, [ Capabilities: INTERNET&NOT_RESTRICTED&TRUSTED&NOT_VCN_MANAGED&NOT_BANDWIDTH_CONSTRAINED Uid: 10590 RequestorUid: 10590 RequestorPkg: com.android.systemui UnderlyingNetworks: Null] ]
06-04 13:35:38.686  1691  2470 D MultiInternetWifiNetworkFactory: got request NetworkRequest [ REQUEST id=1194, [ Capabilities: INTERNET&NOT_RESTRICTED&TRUSTED&NOT_VCN_MANAGED&NOT_BANDWIDTH_CONSTRAINED Uid: 10590 RequestorUid: 10590 RequestorPkg: com.android.systemui UnderlyingNetworks: Null] ]
06-04 13:35:38.720  1691  3245 D ConnectivityService: requestNetwork for uid/pid:10590/27917 activeRequest: null callbackRequest: 1196 [NetworkRequest [ REQUEST id=1197, [ Capabilities: INTERNET&NOT_RESTRICTED&TRUSTED&NOT_VCN_MANAGED&NOT_BANDWIDTH_CONSTRAINED Uid: 10590 RequestorUid: 10590 RequestorPkg: com.android.systemui UnderlyingNetworks: Null] ]] callback flags: 0 order: 2147483647 isUidTracked: false declaredMethods: ALL
06-04 13:35:38.725  1691  2470 D WifiNetworkFactory: got request NetworkRequest [ REQUEST id=1197, [ Capabilities: INTERNET&NOT_RESTRICTED&TRUSTED&NOT_VCN_MANAGED&NOT_BANDWIDTH_CONSTRAINED Uid: 10590 RequestorUid: 10590 RequestorPkg: com.android.systemui UnderlyingNetworks: Null] ]
06-04 13:35:38.725  1691  2470 D UntrustedWifiNetworkFactory: got request NetworkRequest [ REQUEST id=1197, [ Capabilities: INTERNET&NOT_RESTRICTED&TRUSTED&NOT_VCN_MANAGED&NOT_BANDWIDTH_CONSTRAINED Uid: 10590 RequestorUid: 10590 RequestorPkg: com.android.systemui UnderlyingNetworks: Null] ]
06-04 13:35:38.725  1691  2470 D OemPaidWifiNetworkFactory: got request NetworkRequest [ REQUEST id=1197, [ Capabilities: INTERNET&NOT_RESTRICTED&TRUSTED&NOT_VCN_MANAGED&NOT_BANDWIDTH_CONSTRAINED Uid: 10590 RequestorUid: 10590 RequestorPkg: com.android.systemui UnderlyingNetworks: Null] ]
06-04 13:35:38.725  1691  2470 D MultiInternetWifiNetworkFactory: got request NetworkRequest [ REQUEST id=1197, [ Capabilities: INTERNET&NOT_RESTRICTED&TRUSTED&NOT_VCN_MANAGED&NOT_BANDWIDTH_CONSTRAINED Uid: 10590 RequestorUid: 10590 RequestorPkg: com.android.systemui UnderlyingNetworks: Null] ]
06-04 13:35:39.139   808   808 I zygiskd64:  - Sending companion fd socket of module "zygisk_lsposed"
06-04 13:35:39.139  1699  1699 I zygiskd-companion64:  - Module name: zygisk_lsposed
06-04 13:35:39.204 27917 27917 W Resources: Drawable com.android.systemui:drawable/ic_friction_lock_closed has unresolved theme attributes! Consider using Resources.getDrawable(int, Theme) or Context.getDrawable(int).
06-04 13:35:39.204 27917 27917 W Resources: 	at com.android.systemui.statusbar.notification.emptyshade.ui.view.EmptyShadeView.setFooterIcon(go/retraceme 1509ae6093f4453a215c74da5e7aeb02f9f6f0e533ae6d20cd32577fa5fd762a:17)
06-04 13:35:39.204 27917 27917 W Resources: 	at com.android.systemui.statusbar.notification.emptyshade.ui.viewbinder.EmptyShadeViewBinder$bindFooter$2.invokeSuspend(go/retraceme 1509ae6093f4453a215c74da5e7aeb02f9f6f0e533ae6d20cd32577fa5fd762a:62)
06-04 13:35:39.204 27917 27917 W Resources: 	at com.android.systemui.statusbar.notification.emptyshade.ui.viewbinder.EmptyShadeViewBinder$bindFooter$2.invoke(go/retraceme 1509ae6093f4453a215c74da5e7aeb02f9f6f0e533ae6d20cd32577fa5fd762a:13)
06-04 13:35:39.204 27917 27917 W Resources: 	at com.android.systemui.statusbar.notification.emptyshade.ui.viewbinder.EmptyShadeViewBinder$bind$2$3.invokeSuspend(go/retraceme 1509ae6093f4453a215c74da5e7aeb02f9f6f0e533ae6d20cd32577fa5fd762a:37)
06-04 13:35:39.204 27917 27917 W Resources: 	at com.android.systemui.statusbar.notification.stack.ui.viewbinder.NotificationListViewBinder$bindEmptyShade$2.invokeSuspend(go/retraceme 1509ae6093f4453a215c74da5e7aeb02f9f6f0e533ae6d20cd32577fa5fd762a:27)
06-04 13:35:39.204 27917 27917 W Resources: 	at com.android.systemui.statusbar.notification.stack.ui.viewbinder.NotificationListViewBinder$bindEmptyShade$2.invoke(go/retraceme 1509ae6093f4453a215c74da5e7aeb02f9f6f0e533ae6d20cd32577fa5fd762a:13)
06-04 13:35:39.204 27917 27917 W Resources: 	at com.android.systemui.statusbar.notification.stack.ui.viewbinder.NotificationListViewBinder$reinflateAndBindEmptyShade$2.invokeSuspend(go/retraceme 1509ae6093f4453a215c74da5e7aeb02f9f6f0e533ae6d20cd32577fa5fd762a:101)
06-04 13:35:39.204 27917 27917 W Resources: 	at com.android.systemui.statusbar.notification.stack.ui.viewbinder.NotificationListViewBinder$reinflateAndBindEmptyShade$2.invoke(go/retraceme 1509ae6093f4453a215c74da5e7aeb02f9f6f0e533ae6d20cd32577fa5fd762a:13)
06-04 13:35:39.265 27917 27917 I ndroid.systemui: AssetManager2(0xb400006e2495f578) locale list changing from [] to [en-IN]
06-04 13:35:39.296 27917 27932 W ndroid.systemui: Suspending all threads took: 5.552ms
06-04 13:35:39.370 27917 27917 D QSPanel : Reattaching media host: false, current com.android.systemui.qs.QSPanel{3ba9b4 I.E...... ......ID 0,119-1000,1262 #7f0b06ba app:id/quick_settings_panel}, new com.android.systemui.qs.QSPanel{4998e4d V.E...... ......I. 0,0-0,0 #7f0b06ba app:id/quick_settings_panel}
06-04 13:35:39.381 27917 27932 I ndroid.systemui: Background concurrent mark compact GC freed 12MB AllocSpace bytes, 8(152KB) LOS objects, 49% free, 19MB/39MB, paused 7.176ms,17.721ms total 199.032ms
06-04 13:35:39.433 27917 27917 D QSPanel : Reattaching media host: false, current com.android.systemui.qs.QSPanel{4998e4d V.E...... ......I. 0,0-0,0 #7f0b06ba app:id/quick_settings_panel}, new com.android.systemui.qs.QSPanel{4998e4d V.E...... ......I. 0,0-0,0 #7f0b06ba app:id/quick_settings_panel}
06-04 13:35:39.443 27917 27917 D QuickQSPanel: Reattaching media host: false, current com.android.systemui.qs.QuickQSPanel{f20644d IFE...... ......ID 0,119-1000,327 #7f0b06b8 app:id/quick_qs_panel}, new com.android.systemui.qs.QuickQSPanel{c02b06f VFE...... ......I. 0,0-0,0 #7f0b06b8 app:id/quick_qs_panel}
06-04 13:35:39.544  1691  2365 D ConnectivityService: requestNetwork for uid/pid:10590/27917 activeRequest: null callbackRequest: 1199 [NetworkRequest [ REQUEST id=1200, [ Capabilities: INTERNET&NOT_RESTRICTED&TRUSTED&NOT_VCN_MANAGED&NOT_BANDWIDTH_CONSTRAINED Uid: 10590 RequestorUid: 10590 RequestorPkg: com.android.systemui UnderlyingNetworks: Null] ]] callback flags: 0 order: 2147483647 isUidTracked: false declaredMethods: ALL
06-04 13:35:39.548  1691  2470 D WifiNetworkFactory: got request NetworkRequest [ REQUEST id=1200, [ Capabilities: INTERNET&NOT_RESTRICTED&TRUSTED&NOT_VCN_MANAGED&NOT_BANDWIDTH_CONSTRAINED Uid: 10590 RequestorUid: 10590 RequestorPkg: com.android.systemui UnderlyingNetworks: Null] ]
06-04 13:35:39.549  1691  2470 D UntrustedWifiNetworkFactory: got request NetworkRequest [ REQUEST id=1200, [ Capabilities: INTERNET&NOT_RESTRICTED&TRUSTED&NOT_VCN_MANAGED&NOT_BANDWIDTH_CONSTRAINED Uid: 10590 RequestorUid: 10590 RequestorPkg: com.android.systemui UnderlyingNetworks: Null] ]
06-04 13:35:39.549  1691  2470 D OemPaidWifiNetworkFactory: got request NetworkRequest [ REQUEST id=1200, [ Capabilities: INTERNET&NOT_RESTRICTED&TRUSTED&NOT_VCN_MANAGED&NOT_BANDWIDTH_CONSTRAINED Uid: 10590 RequestorUid: 10590 RequestorPkg: com.android.systemui UnderlyingNetworks: Null] ]
06-04 13:35:39.549  1691  2470 D MultiInternetWifiNetworkFactory: got request NetworkRequest [ REQUEST id=1200, [ Capabilities: INTERNET&NOT_RESTRICTED&TRUSTED&NOT_VCN_MANAGED&NOT_BANDWIDTH_CONSTRAINED Uid: 10590 RequestorUid: 10590 RequestorPkg: com.android.systemui UnderlyingNetworks: Null] ]
06-04 13:35:39.702 27917 27917 I ImeTracker: com.android.systemui:9763013f: onRequestHide at ORIGIN_CLIENT reason HIDE_SOFT_INPUT_BY_INSETS_API fromUser false
06-04 13:35:39.702 27917 27917 I ImeTracker: com.android.systemui:9763013f: onCancelled at PHASE_CLIENT_ALREADY_HIDDEN
06-04 13:35:39.705 27917 27917 W Resources: Drawable com.android.systemui:drawable/ic_friction_lock_closed has unresolved theme attributes! Consider using Resources.getDrawable(int, Theme) or Context.getDrawable(int).
06-04 13:35:39.705 27917 27917 W Resources: 	at com.android.systemui.statusbar.notification.emptyshade.ui.view.EmptyShadeView.setFooterIcon(go/retraceme 1509ae6093f4453a215c74da5e7aeb02f9f6f0e533ae6d20cd32577fa5fd762a:17)
06-04 13:35:39.705 27917 27917 W Resources: 	at com.android.systemui.statusbar.notification.emptyshade.ui.viewbinder.EmptyShadeViewBinder$bindFooter$2.invokeSuspend(go/retraceme 1509ae6093f4453a215c74da5e7aeb02f9f6f0e533ae6d20cd32577fa5fd762a:62)
06-04 13:35:39.705 27917 27917 W Resources: 	at com.android.systemui.statusbar.notification.emptyshade.ui.viewbinder.EmptyShadeViewBinder$bindFooter$2.invoke(go/retraceme 1509ae6093f4453a215c74da5e7aeb02f9f6f0e533ae6d20cd32577fa5fd762a:13)
06-04 13:35:39.705 27917 27917 W Resources: 	at com.android.systemui.statusbar.notification.emptyshade.ui.viewbinder.EmptyShadeViewBinder$bind$2$3.invokeSuspend(go/retraceme 1509ae6093f4453a215c74da5e7aeb02f9f6f0e533ae6d20cd32577fa5fd762a:37)
06-04 13:35:39.740  1691  2358 D ConnectivityService: requestNetwork for uid/pid:10590/27917 activeRequest: null callbackRequest: 1203 [NetworkRequest [ REQUEST id=1204, [ Capabilities: INTERNET&NOT_RESTRICTED&TRUSTED&NOT_VCN_MANAGED&NOT_BANDWIDTH_CONSTRAINED Uid: 10590 RequestorUid: 10590 RequestorPkg: com.android.systemui UnderlyingNetworks: Null] ]] callback flags: 0 order: 2147483647 isUidTracked: false declaredMethods: ALL
06-04 13:35:39.745  1691  2470 D WifiNetworkFactory: got request NetworkRequest [ REQUEST id=1204, [ Capabilities: INTERNET&NOT_RESTRICTED&TRUSTED&NOT_VCN_MANAGED&NOT_BANDWIDTH_CONSTRAINED Uid: 10590 RequestorUid: 10590 RequestorPkg: com.android.systemui UnderlyingNetworks: Null] ]
06-04 13:35:39.745  1691  2470 D UntrustedWifiNetworkFactory: got request NetworkRequest [ REQUEST id=1204, [ Capabilities: INTERNET&NOT_RESTRICTED&TRUSTED&NOT_VCN_MANAGED&NOT_BANDWIDTH_CONSTRAINED Uid: 10590 RequestorUid: 10590 RequestorPkg: com.android.systemui UnderlyingNetworks: Null] ]
06-04 13:35:39.745  1691  2470 D OemPaidWifiNetworkFactory: got request NetworkRequest [ REQUEST id=1204, [ Capabilities: INTERNET&NOT_RESTRICTED&TRUSTED&NOT_VCN_MANAGED&NOT_BANDWIDTH_CONSTRAINED Uid: 10590 RequestorUid: 10590 RequestorPkg: com.android.systemui UnderlyingNetworks: Null] ]
06-04 13:35:39.746  1691  2470 D MultiInternetWifiNetworkFactory: got request NetworkRequest [ REQUEST id=1204, [ Capabilities: INTERNET&NOT_RESTRICTED&TRUSTED&NOT_VCN_MANAGED&NOT_BANDWIDTH_CONSTRAINED Uid: 10590 RequestorUid: 10590 RequestorPkg: com.android.systemui UnderlyingNetworks: Null] ]
06-04 13:35:39.763  1691  2313 D ConnectivityService: requestNetwork for uid/pid:10590/27917 activeRequest: null callbackRequest: 1206 [NetworkRequest [ REQUEST id=1207, [ Capabilities: INTERNET&NOT_RESTRICTED&TRUSTED&NOT_VCN_MANAGED&NOT_BANDWIDTH_CONSTRAINED Uid: 10590 RequestorUid: 10590 RequestorPkg: com.android.systemui UnderlyingNetworks: Null] ]] callback flags: 0 order: 2147483647 isUidTracked: false declaredMethods: ALL
06-04 13:35:39.765  1691  2470 D WifiNetworkFactory: got request NetworkRequest [ REQUEST id=1207, [ Capabilities: INTERNET&NOT_RESTRICTED&TRUSTED&NOT_VCN_MANAGED&NOT_BANDWIDTH_CONSTRAINED Uid: 10590 RequestorUid: 10590 RequestorPkg: com.android.systemui UnderlyingNetworks: Null] ]
06-04 13:35:39.765  1691  2470 D UntrustedWifiNetworkFactory: got request NetworkRequest [ REQUEST id=1207, [ Capabilities: INTERNET&NOT_RESTRICTED&TRUSTED&NOT_VCN_MANAGED&NOT_BANDWIDTH_CONSTRAINED Uid: 10590 RequestorUid: 10590 RequestorPkg: com.android.systemui UnderlyingNetworks: Null] ]
06-04 13:35:39.765  1691  2470 D OemPaidWifiNetworkFactory: got request NetworkRequest [ REQUEST id=1207, [ Capabilities: INTERNET&NOT_RESTRICTED&TRUSTED&NOT_VCN_MANAGED&NOT_BANDWIDTH_CONSTRAINED Uid: 10590 RequestorUid: 10590 RequestorPkg: com.android.systemui UnderlyingNetworks: Null] ]
06-04 13:35:39.765  1691  2470 D MultiInternetWifiNetworkFactory: got request NetworkRequest [ REQUEST id=1207, [ Capabilities: INTERNET&NOT_RESTRICTED&TRUSTED&NOT_VCN_MANAGED&NOT_BANDWIDTH_CONSTRAINED Uid: 10590 RequestorUid: 10590 RequestorPkg: com.android.systemui UnderlyingNetworks: Null] ]
06-04 13:35:39.788 27917 27917 I ndroid.systemui: AssetManager2(0xb400006e249630d8) locale list changing from [] to [en-IN]
06-04 13:35:39.791   779  1165 I LSPosedLogDaemon: (com.android.systemui)[com.example.dynamicisland,XposedBridge,6d0d-19e91aa942f-2-9,0,1] DynamicIsland: handleLoadPackage: system
06-04 13:35:40.046  2865  3049 I Launcher.IconCache: Database bulk icon loading failed, using fallback bulk icon loading for: ComponentInfo{com.example.dynamicisland/com.example.dynamicisland.ui.ConfigActivity}
06-04 13:35:40.220 27917 27951 I ndroid.systemui: AssetManager2(0xb400006e2490e7b8) locale list changing from [] to [en-IN]
06-04 13:35:40.763 27917 27917 D OverviewProxyService: disconnectFromLauncherService bound?: true currentProxy: com.android.systemui.shared.recents.IOverviewProxy$Stub$Proxy@1a0c72b disconnectReason: runnable: startConnectionToCurrentUser
06-04 13:35:40.763 27917 27917 D OverviewProxyService: 	at com.android.systemui.recents.OverviewProxyService.disconnectFromLauncherService(go/retraceme 1509ae6093f4453a215c74da5e7aeb02f9f6f0e533ae6d20cd32577fa5fd762a:37)
06-04 13:35:40.763 27917 27917 D OverviewProxyService: 	at com.android.systemui.recents.OverviewProxyService.internalConnectToCurrentUser(go/retraceme 1509ae6093f4453a215c74da5e7aeb02f9f6f0e533ae6d20cd32577fa5fd762a:13)
06-04 13:35:40.763 27917 27917 D OverviewProxyService: 	at com.android.systemui.recents.OverviewProxyService$$ExternalSyntheticLambda0.run(go/retraceme 1509ae6093f4453a215c74da5e7aeb02f9f6f0e533ae6d20cd32577fa5fd762a:56)
06-04 13:35:40.769  1691  2361 W ActivityManager: pid 27917 com.android.systemui sent binder code 36 with flags 1 to frozen apps and got error -32
06-04 13:35:40.809   808   808 I zygiskd64:  - Sending companion fd socket of module "zygisk_lsposed"
06-04 13:35:40.809  1699  1699 I zygiskd-companion64:  - Module name: zygisk_lsposed
06-04 13:35:41.226  1691  2515 D BaseClientMonitor: marking operation as done: {[15] com.android.server.biometrics.sensors.fingerprint.aidl.FingerprintAuthenticationClient, proto=3, owner=com.android.systemui, cookie=0, requestId=5, userId=0}
06-04 13:35:41.229  1691  2515 D BiometricStateCallback: Client finished, state updated to 0, client {[15] com.android.server.biometrics.sensors.fingerprint.aidl.FingerprintAuthenticationClient, proto=3, owner=com.android.systemui, cookie=0, requestId=5, userId=0}
06-04 13:35:41.229  1691  2515 D BiometricSchedulerOperation: [Finished / destroy]: {[15] com.android.server.biometrics.sensors.fingerprint.aidl.FingerprintAuthenticationClient, proto=3, owner=com.android.systemui, cookie=0, requestId=5, userId=0}
06-04 13:35:41.232  1691  2515 D BiometricScheduler: [Finishing] {[15] com.android.server.biometrics.sensors.fingerprint.aidl.FingerprintAuthenticationClient, proto=3, owner=com.android.systemui, cookie=0, requestId=5, userId=0}, success: true
06-04 13:35:41.402 27917 27917 W WindowOnBackDispatcher: sendCancelIfRunning: isInProgress=false callback=com.android.systemui.back.domain.interactor.BackActionInteractor$callback$2@fbba865
06-04 13:35:41.671 28239 28259 I Launcher.IconCache: Database bulk icon loading failed, using fallback bulk icon loading for: ComponentInfo{com.example.dynamicisland/com.example.dynamicisland.ui.ConfigActivity}
06-04 13:35:41.877 27917 27932 W ndroid.systemui: Cleared Reference was only reachable from finalizer (only reported once)
06-04 13:35:41.971 27917 27932 I ndroid.systemui: Background concurrent mark compact GC freed 14MB AllocSpace bytes, 8(156KB) LOS objects, 48% free, 25MB/49MB, paused 3.687ms,4.481ms total 191.121ms
06-04 13:35:44.427 28024 28310 D ProfileInstaller: Installing profile for com.example.dynamicisland
06-04 13:35:51.401  1691  2312 D ConnectivityService: requestNetwork for uid/pid:10590/27917 asUid: 10584 activeRequest: null callbackRequest: 1213 [NetworkRequest [ REQUEST id=1214, [ Capabilities: INTERNET&NOT_RESTRICTED&TRUSTED&NOT_VCN_MANAGED&NOT_BANDWIDTH_CONSTRAINED Uid: 10584 RequestorUid: 10590 RequestorPkg: com.android.systemui UnderlyingNetworks: Null] ]] callback flags: 0 order: 2147483647 isUidTracked: false declaredMethods: ALL
06-04 13:35:51.421  1691  2470 D WifiNetworkFactory: got request NetworkRequest [ REQUEST id=1214, [ Capabilities: INTERNET&NOT_RESTRICTED&TRUSTED&NOT_VCN_MANAGED&NOT_BANDWIDTH_CONSTRAINED Uid: 10584 RequestorUid: 10590 RequestorPkg: com.android.systemui UnderlyingNetworks: Null] ]
06-04 13:35:51.421  1691  2470 D UntrustedWifiNetworkFactory: got request NetworkRequest [ REQUEST id=1214, [ Capabilities: INTERNET&NOT_RESTRICTED&TRUSTED&NOT_VCN_MANAGED&NOT_BANDWIDTH_CONSTRAINED Uid: 10584 RequestorUid: 10590 RequestorPkg: com.android.systemui UnderlyingNetworks: Null] ]
06-04 13:35:51.421  1691  2470 D OemPaidWifiNetworkFactory: got request NetworkRequest [ REQUEST id=1214, [ Capabilities: INTERNET&NOT_RESTRICTED&TRUSTED&NOT_VCN_MANAGED&NOT_BANDWIDTH_CONSTRAINED Uid: 10584 RequestorUid: 10590 RequestorPkg: com.android.systemui UnderlyingNetworks: Null] ]
06-04 13:35:51.423  1691  2470 D MultiInternetWifiNetworkFactory: got request NetworkRequest [ REQUEST id=1214, [ Capabilities: INTERNET&NOT_RESTRICTED&TRUSTED&NOT_VCN_MANAGED&NOT_BANDWIDTH_CONSTRAINED Uid: 10584 RequestorUid: 10590 RequestorPkg: com.android.systemui UnderlyingNetworks: Null] ]
06-04 13:35:53.886  1691  1949 I InputDispatcher: Channel [Gesture Monitor] swipe-up is stealing input gesture for device 4 from [cd8f694 com.android.launcher3/com.android.launcher3.uioverrides.QuickstepLauncher, 8706e4 com.android.systemui.wallpapers.ImageWallpaper, [Gesture Monitor] edge-swipe]
06-04 13:35:54.908 27917 27917 V Application: getAutofillClient(): none of the 0 activities on com.android.systemui.SystemUIApplication@bf01775 are top resumed nor have focus
06-04 13:35:54.908 27917 27917 V AutofillManager: No AutofillClient for com.android.systemui on context com.android.systemui.SystemUIApplication@bf01775
06-04 13:35:55.271 27917 27917 W WindowOnBackDispatcher: sendCancelIfRunning: isInProgress=false callback=com.android.systemui.back.domain.interactor.BackActionInteractor$callback$2@fbba865
06-04 13:35:55.778 27917 27917 V Application: getAutofillClient(): none of the 0 activities on com.android.systemui.SystemUIApplication@bf01775 are top resumed nor have focus
06-04 13:35:55.778 27917 27917 V AutofillManager: No AutofillClient for com.android.systemui on context com.android.systemui.SystemUIApplication@bf01775
06-04 13:35:57.582 27917 27917 V Application: getAutofillClient(): none of the 0 activities on com.android.systemui.SystemUIApplication@bf01775 are top resumed nor have focus
06-04 13:35:57.582 27917 27917 V AutofillManager: No AutofillClient for com.android.systemui on context com.android.systemui.SystemUIApplication@bf01775
06-04 13:35:58.162 27917 27917 W WindowOnBackDispatcher: sendCancelIfRunning: isInProgress=false callback=com.android.systemui.back.domain.interactor.BackActionInteractor$callback$2@fbba865
06-04 13:36:04.250 27917 27945 I ndroid.systemui: AssetManager2(0xb400006e24963a38) locale list changing from [] to [en-IN]
06-04 13:36:04.296   808   808 I zygiskd64:  - Sending companion fd socket of module "zygisk_lsposed"
06-04 13:36:04.296  1699  1699 I zygiskd-companion64:  - Module name: zygisk_lsposed
06-04 13:36:04.824  1691  2366 D ConnectivityService: requestNetwork for uid/pid:10590/27917 asUid: 10636 activeRequest: null callbackRequest: 1215 [NetworkRequest [ REQUEST id=1216, [ Capabilities: INTERNET&NOT_RESTRICTED&TRUSTED&NOT_VCN_MANAGED&NOT_BANDWIDTH_CONSTRAINED Uid: 10636 RequestorUid: 10590 RequestorPkg: com.android.systemui UnderlyingNetworks: Null] ]] callback flags: 0 order: 2147483647 isUidTracked: false declaredMethods: ALL
06-04 13:36:04.830  1691  2470 D WifiNetworkFactory: got request NetworkRequest [ REQUEST id=1216, [ Capabilities: INTERNET&NOT_RESTRICTED&TRUSTED&NOT_VCN_MANAGED&NOT_BANDWIDTH_CONSTRAINED Uid: 10636 RequestorUid: 10590 RequestorPkg: com.android.systemui UnderlyingNetworks: Null] ]
06-04 13:36:04.830  1691  2470 D UntrustedWifiNetworkFactory: got request NetworkRequest [ REQUEST id=1216, [ Capabilities: INTERNET&NOT_RESTRICTED&TRUSTED&NOT_VCN_MANAGED&NOT_BANDWIDTH_CONSTRAINED Uid: 10636 RequestorUid: 10590 RequestorPkg: com.android.systemui UnderlyingNetworks: Null] ]
06-04 13:36:04.830  1691  2470 D OemPaidWifiNetworkFactory: got request NetworkRequest [ REQUEST id=1216, [ Capabilities: INTERNET&NOT_RESTRICTED&TRUSTED&NOT_VCN_MANAGED&NOT_BANDWIDTH_CONSTRAINED Uid: 10636 RequestorUid: 10590 RequestorPkg: com.android.systemui UnderlyingNetworks: Null] ]
06-04 13:36:04.830  1691  2470 D MultiInternetWifiNetworkFactory: got request NetworkRequest [ REQUEST id=1216, [ Capabilities: INTERNET&NOT_RESTRICTED&TRUSTED&NOT_VCN_MANAGED&NOT_BANDWIDTH_CONSTRAINED Uid: 10636 RequestorUid: 10590 RequestorPkg: com.android.systemui UnderlyingNetworks: Null] ]
06-04 13:36:06.294  1691  2366 D ConnectivityService: requestNetwork for uid/pid:10590/27917 asUid: 10584 activeRequest: null callbackRequest: 1219 [NetworkRequest [ REQUEST id=1220, [ Capabilities: INTERNET&NOT_RESTRICTED&TRUSTED&NOT_VCN_MANAGED&NOT_BANDWIDTH_CONSTRAINED Uid: 10584 RequestorUid: 10590 RequestorPkg: com.android.systemui UnderlyingNetworks: Null] ]] callback flags: 0 order: 2147483647 isUidTracked: false declaredMethods: ALL
