06-04 13:35:32.130   808   808 I zygiskd64:  - Sending companion fd socket of module "zygisk_lsposed"
06-04 13:35:32.130  1699  1699 I zygiskd-companion64:  - Module name: zygisk_lsposed
06-04 13:35:33.900  2552  2584 I ndroid.systemui: NativeAlloc concurrent mark compact GC freed 15MB AllocSpace bytes, 16(384KB) LOS objects, 45% free, 28MB/52MB, paused 1.166ms,1.795ms total 119.191ms
06-04 13:35:34.549  2552  2552 V Application: getAutofillClient(): none of the 0 activities on com.android.systemui.SystemUIApplication@af6aa77 are top resumed nor have focus
06-04 13:35:34.549  2552  2552 V AutofillManager: No AutofillClient for com.android.systemui on context com.android.systemui.SystemUIApplication@af6aa77
06-04 13:35:34.658  1691  2369 D CoreBackPreview: Window{1d6b9ff u0 com.android.systemui}: Setting back callback OnBackInvokedCallbackInfo{mCallback=android.window.IOnBackInvokedCallback$Stub$Proxy@9e6f71b, mPriority=-1, mIsAnimationCallback=false, mOverrideBehavior=0}
06-04 13:35:35.328  2552  2552 V Application: getAutofillClient(): none of the 0 activities on com.android.systemui.SystemUIApplication@af6aa77 are top resumed nor have focus
06-04 13:35:35.328  2552  2552 V AutofillManager: No AutofillClient for com.android.systemui on context com.android.systemui.SystemUIApplication@af6aa77
06-04 13:35:35.419  1691  2369 D CoreBackPreview: Window{1d6b9ff u0 com.android.systemui}: Setting back callback null
06-04 13:35:35.487  1691  2478 D ConnectivityService: releasing NetworkRequest [ REQUEST id=35, [ Capabilities: INTERNET&NOT_RESTRICTED&TRUSTED&NOT_VCN_MANAGED&NOT_BANDWIDTH_CONSTRAINED Uid: 10590 RequestorUid: 10590 RequestorPkg: com.android.systemui UnderlyingNetworks: Null] ] (release request)
06-04 13:35:35.488  1691  2358 E LockoutResetTracker: Removing dead callback for: com.android.systemui
06-04 13:35:35.488  1691  2478 D ConnectivityService: releasing NetworkRequest [ REQUEST id=113, [ Capabilities: INTERNET&NOT_RESTRICTED&TRUSTED&NOT_VCN_MANAGED&NOT_BANDWIDTH_CONSTRAINED Uid: 10590 RequestorUid: 10590 RequestorPkg: com.android.systemui UnderlyingNetworks: Null] ] (release request)
06-04 13:35:35.489  1691  2366 I ActivityManager: Process com.android.systemui (pid 2552) has died: pers PER 
06-04 13:35:35.489  1691  2365 E LockoutResetTracker: Removing dead callback for: com.android.systemui
06-04 13:35:35.490  1691  1691 W WallpaperManagerService: Wallpaper service gone: ComponentInfo{com.android.systemui/com.android.systemui.wallpapers.ImageWallpaper}
06-04 13:35:35.490  1691  1691 W WallpaperManagerService: Wallpaper service gone: ComponentInfo{com.android.systemui/com.android.systemui.wallpapers.ImageWallpaper}
06-04 13:35:35.490  1691  2478 D ConnectivityService: releasing NetworkRequest [ REQUEST id=38, [ Capabilities: INTERNET&NOT_RESTRICTED&TRUSTED&NOT_VCN_MANAGED&NOT_BANDWIDTH_CONSTRAINED Uid: 10590 RequestorUid: 10590 RequestorPkg: com.android.systemui UnderlyingNetworks: Null] ] (release request)
06-04 13:35:35.490  1691  2478 D ConnectivityService: releasing NetworkRequest [ REQUEST id=45, [ Capabilities: INTERNET&NOT_RESTRICTED&TRUSTED&NOT_VCN_MANAGED&NOT_BANDWIDTH_CONSTRAINED Uid: 10590 RequestorUid: 10590 RequestorPkg: com.android.systemui UnderlyingNetworks: Null] ] (release request)
06-04 13:35:35.490  1691  2478 D ConnectivityService: releasing NetworkRequest [ REQUEST id=47, [ Capabilities: INTERNET&NOT_RESTRICTED&TRUSTED&NOT_VCN_MANAGED&NOT_BANDWIDTH_CONSTRAINED Uid: 10590 RequestorUid: 10590 RequestorPkg: com.android.systemui UnderlyingNetworks: Null] ] (release request)
06-04 13:35:35.492  1691  2439 W InputDispatcher: channel 'b522b36 com.android.systemui.wallpapers.ImageWallpaper' ~ Consumer closed input channel or an error occurred.  events=0x9
06-04 13:35:35.492  1691  2439 E InputDispatcher: channel 'b522b36 com.android.systemui.wallpapers.ImageWallpaper' ~ Channel is unrecoverably broken and will be disposed!
06-04 13:35:35.492  1691  2367 I MR2ServiceImpl: unregisterManager | package: com.android.systemui, user: 0, manager: 1, died: true
06-04 13:35:35.493  1691  2478 D ConnectivityService: releasing NetworkRequest [ REQUEST id=1157, [ Capabilities: INTERNET&NOT_RESTRICTED&TRUSTED&NOT_VCN_MANAGED&NOT_BANDWIDTH_CONSTRAINED Uid: 10650 RequestorUid: 10590 RequestorPkg: com.android.systemui UnderlyingNetworks: Null] ] (release request)
06-04 13:35:35.495  1691  2361 D NotificationManagerService.NotificationListeners: Removing active service ComponentInfo{com.android.systemui/com.android.systemui.statusbar.NotificationListener}
06-04 13:35:35.500  1691  2358 I WindowManager: WIN DEATH: Window{b522b36 u0 com.android.systemui.wallpapers.ImageWallpaper}
06-04 13:35:35.500  1691  2312 I StatusBarManagerService: binder died for pkg=com.android.systemui
06-04 13:35:35.501  1691  2358 W ActivityTaskManager: Failed for dead process. ClientTransactionItem=WindowContextInfoChangeItem{clientToken=android.os.BinderProxy@cff077a, info=WindowContextInfo{config={1.15 404mcc97mnc [en_IN] ldltr sw436dp w436dp h970dp 396dpi nrml long hdr widecg port night finger -keyb/v/h -nav/h winConfig={ mBounds=Rect(0, 0 - 1080, 2400) mAppBounds=Rect(0, 0 - 1080, 2400) mMaxBounds=Rect(0, 0 - 1080, 2400) mDisplayRotation=ROTATION_0 mWindowingMode=fullscreen mActivityType=undefined mAlwaysOnTop=undefined mRotation=ROTATION_0} as.3 s.163 fontWeightAdjustment=0}, displayId=0}} owner=ProcessRecord{1887949 2552:com.android.systemui/u0a590}
06-04 13:35:35.503  1691  2478 D ConnectivityService: releasing NetworkRequest [ REQUEST id=98, [ Capabilities: INTERNET&NOT_RESTRICTED&TRUSTED&NOT_VCN_MANAGED&NOT_BANDWIDTH_CONSTRAINED Uid: 10590 RequestorUid: 10590 RequestorPkg: com.android.systemui UnderlyingNetworks: Null] ] (release request)
06-04 13:35:35.503  1691  2478 D ConnectivityService: releasing NetworkRequest [ REQUEST id=101, [ Capabilities: INTERNET&NOT_RESTRICTED&TRUSTED&NOT_VCN_MANAGED&NOT_BANDWIDTH_CONSTRAINED Uid: 10590 RequestorUid: 10590 RequestorPkg: com.android.systemui UnderlyingNetworks: Null] ] (release request)
06-04 13:35:35.505  1691  2366 W ActivityManager: Scheduling restart of crashed service com.android.systemui/.dump.SystemUIAuxiliaryDumpService in 0ms for persistent
06-04 13:35:35.505  1691  2366 W ActivityManager: Scheduling restart of crashed service com.android.systemui/.SystemUIService in 0ms for persistent
06-04 13:35:35.506  1691  2366 W ActivityManager: Scheduling restart of crashed service com.android.systemui/.keyguard.KeyguardService in 0ms for persistent
06-04 13:35:35.506  1691  2366 W ActivityManager: Scheduling restart of crashed service com.android.systemui/.wallpapers.ImageWallpaper in 0ms for persistent
06-04 13:35:35.542  1691  2366 W ActivityManager: Re-adding persistent process ProcessRecord{1887949 2552:com.android.systemui/u0a590}
06-04 13:35:35.553  1691  2030 I ActivityManager: Start proc 27917:com.android.systemui/u0a590 for restart com.android.systemui
06-04 13:35:35.583   808   808 I zygiskd64:  - Sending companion fd socket of module "zygisk_lsposed"
06-04 13:35:35.583  1699  1699 I zygiskd-companion64:  - Module name: zygisk_lsposed
06-04 13:35:35.593 27917 27917 I ndroid.systemui: Using CollectorTypeCMC GC.
06-04 13:35:35.595 27917 27917 E ndroid.systemui: Not starting debugger since process cannot load the jdwp agent.
06-04 13:35:35.598 27917 27917 W ndroid.systemui: Thread Pool max thread count is 0. Cannot cache binder as linkToDeath cannot be implemented. serviceName: activity
06-04 13:35:35.599   779  1165 I LSPosedService: System UI restarted without new dropbox entry, skip safe mode check
06-04 13:35:35.689 27917 27917 W ndroid.systemui: Core platform API violation: Ljava/lang/Class;->accessFlags:I from Lcom/android/internal/os/Zygote; using JNI
06-04 13:35:35.689 27917 27917 W ndroid.systemui: Core platform API violation: Ljava/lang/Class;->status:I from Lcom/android/internal/os/Zygote; using JNI
06-04 13:35:35.690 27917 27917 W ndroid.systemui: Core platform API violation: Ldalvik/system/DexFile;->mCookie:Ljava/lang/Object; from Lcom/android/internal/os/Zygote; using JNI
06-04 13:35:35.690 27917 27917 W ndroid.systemui: Core platform API violation: Ldalvik/system/DexFile;->mFileName:Ljava/lang/String; from Lcom/android/internal/os/Zygote; using JNI
06-04 13:35:35.690 27917 27917 W ndroid.systemui: Core platform API violation: Ldalvik/system/DexFile;->mInternalCookie:Ljava/lang/Object; from Lcom/android/internal/os/Zygote; using JNI
06-04 13:35:35.691 27917 27917 W ndroid.systemui: Core platform API violation: Ljava/lang/reflect/Executable;->artMethod:J from Lcom/android/internal/os/Zygote; using JNI
06-04 13:35:35.691 27917 27917 W ndroid.systemui: Core platform API violation: Ljava/lang/reflect/Executable;->accessFlags:I from Lcom/android/internal/os/Zygote; using JNI
06-04 13:35:35.691 27917 27917 W ndroid.systemui: Core platform API violation: Ldalvik/system/BaseDexClassLoader;->pathList:Ldalvik/system/DexPathList; from Lcom/android/internal/os/Zygote; using JNI
06-04 13:35:35.691 27917 27917 W ndroid.systemui: Core platform API violation: Ldalvik/system/DexPathList;->dexElements:[Ldalvik/system/DexPathList$Element; from Lcom/android/internal/os/Zygote; using JNI
06-04 13:35:35.691 27917 27917 W ndroid.systemui: Core platform API violation: Ldalvik/system/DexPathList$Element;->dexFile:Ldalvik/system/DexFile; from Lcom/android/internal/os/Zygote; using JNI
06-04 13:35:35.904 27917 27917 W ndroid.systemui: Unsupported class loader
06-04 13:35:35.920   779  1165 I LSPosedLogDaemon: (com.android.systemui)[com.example.dynamicisland,XposedBridge,6d0d-19e91aa942f-2-1,0,1] DynamicIsland: initZygote — module loaded from /data/app/~~WgV8gamHSHHAWJt43GElzg==/com.example.dynamicisland-_1flaH4jDhihyZzq91ej1Q==/base.apk
06-04 13:35:36.024 27917 27917 D nativeloader: Configuring clns-shared-7 for other apk /system_ext/priv-app/SystemUI/SystemUI.apk. target_sdk_version=35, uses_libraries=, library_path=/system_ext/priv-app/SystemUI/lib/arm64:/system/lib64:/system_ext/lib64, permitted_path=/data:/mnt/expand:/data/user_de/0/com.android.systemui:/system_ext/priv-app/SystemUI:/system/lib64:/system_ext/lib64
06-04 13:35:36.027   779  1709 I LSPosedLogDaemon: (com.android.systemui)[com.example.dynamicisland,XposedBridge,6d0d-19e91aa942f-2-2,0,1] DynamicIsland: handleLoadPackage: com.android.systemui
06-04 13:35:36.027   779  1709 I LSPosedLogDaemon: (com.android.systemui)[com.example.dynamicisland,XposedBridge,6d0d-19e91aa942f-2-3,0,1] DynamicIsland: Applying SystemUI-process hooks (Consolidated A15)
06-04 13:35:36.058   779  1709 I LSPosedLogDaemon: (com.android.systemui)[com.example.dynamicisland,XposedBridge,6d0d-19e91aa942f-2-4,0,1] DynamicIsland-Native: 🚀 Initializing Dual-Window Island Architecture...
06-04 13:35:36.065   779  1709 I LSPosedLogDaemon: (com.android.systemui)[com.example.dynamicisland,XposedBridge,6d0d-19e91aa942f-2-5,0,1] DynamicIsland ✅: hookAllMethodsByName — hooked 1 overload(s) of com.android.systemui.statusbar.notification.collection.NotifPipeline.addCollectionListener
06-04 13:35:36.066   779  1709 I LSPosedLogDaemon: (com.android.systemui)[com.example.dynamicisland,XposedBridge,6d0d-19e91aa942f-2-6,0,1] DynamicIsland ✅: hookAllMethodsByName — hooked 1 overload(s) of com.android.systemui.media.controls.domain.pipeline.LegacyMediaDataManagerImpl.onMediaDataLoaded
06-04 13:35:36.070 27917 27917 I ndroid.systemui: AssetManager2(0xb400006e2490ead8) locale list changing from [] to [en-IN]
06-04 13:35:36.075 27917 27917 V GraphicsEnvironment: com.android.systemui is not listed in per-application setting
06-04 13:35:36.179 27917 27939 I ndroid.systemui: AssetManager2(0xb400006e2490e7b8) locale list changing from [] to [en-IN]
06-04 13:35:36.215 27917 27939 I ndroid.systemui: AssetManager2(0xb400006e2490f758) locale list changing from [] to [en-IN]
06-04 13:35:36.231 27917 27939 I ndroid.systemui: AssetManager2(0xb400006e24915838) locale list changing from [] to [en-IN]
06-04 13:35:36.301 27917 27958 E ClockRegistry (System): 	at com.android.systemui.shared.clocks.ClockRegistry.querySettings(go/retraceme 1509ae6093f4453a215c74da5e7aeb02f9f6f0e533ae6d20cd32577fa5fd762a:24)
06-04 13:35:36.301 27917 27958 E ClockRegistry (System): 	at com.android.systemui.shared.clocks.ClockRegistry$registerListeners$1.invokeSuspend(go/retraceme 1509ae6093f4453a215c74da5e7aeb02f9f6f0e533ae6d20cd32577fa5fd762a:12)
06-04 13:35:36.318  1691  2313 D ConnectivityService: requestNetwork for uid/pid:10590/27917 activeRequest: null callbackRequest: 1159 [NetworkRequest [ REQUEST id=1160, [ Capabilities: INTERNET&NOT_RESTRICTED&TRUSTED&NOT_VCN_MANAGED&NOT_BANDWIDTH_CONSTRAINED Uid: 10590 RequestorUid: 10590 RequestorPkg: com.android.systemui UnderlyingNetworks: Null] ]] callback flags: 1 order: 2147483647 isUidTracked: false declaredMethods: ALL
06-04 13:35:36.320  1691  2470 D WifiNetworkFactory: got request NetworkRequest [ REQUEST id=1160, [ Capabilities: INTERNET&NOT_RESTRICTED&TRUSTED&NOT_VCN_MANAGED&NOT_BANDWIDTH_CONSTRAINED Uid: 10590 RequestorUid: 10590 RequestorPkg: com.android.systemui UnderlyingNetworks: Null] ]
06-04 13:35:36.320  1691  2470 D UntrustedWifiNetworkFactory: got request NetworkRequest [ REQUEST id=1160, [ Capabilities: INTERNET&NOT_RESTRICTED&TRUSTED&NOT_VCN_MANAGED&NOT_BANDWIDTH_CONSTRAINED Uid: 10590 RequestorUid: 10590 RequestorPkg: com.android.systemui UnderlyingNetworks: Null] ]
06-04 13:35:36.320  1691  2470 D OemPaidWifiNetworkFactory: got request NetworkRequest [ REQUEST id=1160, [ Capabilities: INTERNET&NOT_RESTRICTED&TRUSTED&NOT_VCN_MANAGED&NOT_BANDWIDTH_CONSTRAINED Uid: 10590 RequestorUid: 10590 RequestorPkg: com.android.systemui UnderlyingNetworks: Null] ]
06-04 13:35:36.320  1691  2470 D MultiInternetWifiNetworkFactory: got request NetworkRequest [ REQUEST id=1160, [ Capabilities: INTERNET&NOT_RESTRICTED&TRUSTED&NOT_VCN_MANAGED&NOT_BANDWIDTH_CONSTRAINED Uid: 10590 RequestorUid: 10590 RequestorPkg: com.android.systemui UnderlyingNetworks: Null] ]
06-04 13:35:36.328 27917 27917 V WifiManager: registerScanResultsCallback: callback=com.android.systemui.statusbar.pipeline.wifi.data.repository.prod.WifiRepositoryImpl$wifiScanResults$1$callback$1@c0acd3, executor=java.util.concurrent.ScheduledThreadPoolExecutor@4e41010[Running, pool size = 8, active threads = 0, queued tasks = 0, completed tasks = 67]
06-04 13:35:36.411 27917 27917 I ndroid.systemui: AssetManager2(0xb400006e249183f8) locale list changing from [] to [en-IN]
06-04 13:35:36.431 27917 27917 W AlarmManager: Unrecognized alarm listener com.android.systemui.keyguard.KeyguardSliceProvider$$ExternalSyntheticLambda2@a60eaaf
06-04 13:35:36.431 27917 27917 D ZenModeController: Added callback class com.android.systemui.keyguard.KeyguardSliceProvider
06-04 13:35:36.441 27917 27917 I SystemUIService: Found SurfaceFlinger's GPU Priority: 12545
06-04 13:35:36.447 27917 27917 W ActivityThread: getPackageInfo() called with an older ApplicationInfo than the cached version for package com.android.systemui
06-04 13:35:36.448 27917 27917 W ActivityThread: getPackageInfo() called with an older ApplicationInfo than the cached version for package com.android.systemui
06-04 13:35:36.450  1691  2360 D ConnectivityService: requestNetwork for uid/pid:10590/27917 activeRequest: null callbackRequest: 1162 [NetworkRequest [ REQUEST id=1163, [ Capabilities: INTERNET&NOT_RESTRICTED&TRUSTED&NOT_VCN_MANAGED&NOT_BANDWIDTH_CONSTRAINED Uid: 10590 RequestorUid: 10590 RequestorPkg: com.android.systemui UnderlyingNetworks: Null] ]] callback flags: 1 order: 2147483647 isUidTracked: false declaredMethods: ALL
06-04 13:35:36.451  1691  2470 D WifiNetworkFactory: got request NetworkRequest [ REQUEST id=1163, [ Capabilities: INTERNET&NOT_RESTRICTED&TRUSTED&NOT_VCN_MANAGED&NOT_BANDWIDTH_CONSTRAINED Uid: 10590 RequestorUid: 10590 RequestorPkg: com.android.systemui UnderlyingNetworks: Null] ]
06-04 13:35:36.451  1691  2470 D UntrustedWifiNetworkFactory: got request NetworkRequest [ REQUEST id=1163, [ Capabilities: INTERNET&NOT_RESTRICTED&TRUSTED&NOT_VCN_MANAGED&NOT_BANDWIDTH_CONSTRAINED Uid: 10590 RequestorUid: 10590 RequestorPkg: com.android.systemui UnderlyingNetworks: Null] ]
06-04 13:35:36.451  1691  2470 D OemPaidWifiNetworkFactory: got request NetworkRequest [ REQUEST id=1163, [ Capabilities: INTERNET&NOT_RESTRICTED&TRUSTED&NOT_VCN_MANAGED&NOT_BANDWIDTH_CONSTRAINED Uid: 10590 RequestorUid: 10590 RequestorPkg: com.android.systemui UnderlyingNetworks: Null] ]
06-04 13:35:36.451  1691  2470 D MultiInternetWifiNetworkFactory: got request NetworkRequest [ REQUEST id=1163, [ Capabilities: INTERNET&NOT_RESTRICTED&TRUSTED&NOT_VCN_MANAGED&NOT_BANDWIDTH_CONSTRAINED Uid: 10590 RequestorUid: 10590 RequestorPkg: com.android.systemui UnderlyingNetworks: Null] ]
06-04 13:35:36.466 27917 27917 D OverviewProxyService: 	at com.android.systemui.recents.OverviewProxyService.disconnectFromLauncherService(go/retraceme 1509ae6093f4453a215c74da5e7aeb02f9f6f0e533ae6d20cd32577fa5fd762a:37)
06-04 13:35:36.466 27917 27917 D OverviewProxyService: 	at com.android.systemui.recents.OverviewProxyService.internalConnectToCurrentUser(go/retraceme 1509ae6093f4453a215c74da5e7aeb02f9f6f0e533ae6d20cd32577fa5fd762a:13)
06-04 13:35:36.466 27917 27917 D OverviewProxyService: 	at com.android.systemui.recents.OverviewProxyService.startConnectionToCurrentUser(go/retraceme 1509ae6093f4453a215c74da5e7aeb02f9f6f0e533ae6d20cd32577fa5fd762a:22)
06-04 13:35:36.466 27917 27917 D OverviewProxyService: 	at com.android.systemui.recents.OverviewProxyService.updateEnabledAndBinding(go/retraceme 1509ae6093f4453a215c74da5e7aeb02f9f6f0e533ae6d20cd32577fa5fd762a:30)
06-04 13:35:36.466 27917 27917 D OverviewProxyService: 	at com.android.systemui.recents.OverviewProxyService.<init>(go/retraceme 1509ae6093f4453a215c74da5e7aeb02f9f6f0e533ae6d20cd32577fa5fd762a:375)
06-04 13:35:36.466 27917 27917 D OverviewProxyService: 	at com.android.systemui.recents.OverviewProxyService_Factory.get(go/retraceme 1509ae6093f4453a215c74da5e7aeb02f9f6f0e533ae6d20cd32577fa5fd762a:210)
06-04 13:35:36.466 27917 27917 D OverviewProxyService: 	at com.android.systemui.accessibility.MagnificationImpl_Factory.get(go/retraceme 1509ae6093f4453a215c74da5e7aeb02f9f6f0e533ae6d20cd32577fa5fd762a:58)
06-04 13:35:36.466 27917 27917 D OverviewProxyService: 	at com.android.systemui.SystemUIApplication$$ExternalSyntheticLambda0.run(go/retraceme 1509ae6093f4453a215c74da5e7aeb02f9f6f0e533ae6d20cd32577fa5fd762a:47)
06-04 13:35:36.466 27917 27917 D OverviewProxyService: 	at com.android.systemui.SystemUIApplication.timeInitialization(go/retraceme 1509ae6093f4453a215c74da5e7aeb02f9f6f0e533ae6d20cd32577fa5fd762a:28)
06-04 13:35:36.466 27917 27917 D OverviewProxyService: 	at com.android.systemui.SystemUIApplication.startServicesIfNeeded(go/retraceme 1509ae6093f4453a215c74da5e7aeb02f9f6f0e533ae6d20cd32577fa5fd762a:183)
06-04 13:35:36.466 27917 27917 D OverviewProxyService: 	at com.android.systemui.SystemUIApplication.startSystemUserServicesIfNeeded(go/retraceme 1509ae6093f4453a215c74da5e7aeb02f9f6f0e533ae6d20cd32577fa5fd762a:64)
06-04 13:35:36.466 27917 27917 D OverviewProxyService: 	at com.android.systemui.SystemUIService.onCreate(go/retraceme 1509ae6093f4453a215c74da5e7aeb02f9f6f0e533ae6d20cd32577fa5fd762a:10)
06-04 13:35:36.545  1691  2364 D ConnectivityService: requestNetwork for uid/pid:10590/27917 activeRequest: null callbackRequest: 1166 [NetworkRequest [ REQUEST id=1167, [ Capabilities: INTERNET&NOT_RESTRICTED&TRUSTED&NOT_VCN_MANAGED&NOT_BANDWIDTH_CONSTRAINED Uid: 10590 RequestorUid: 10590 RequestorPkg: com.android.systemui UnderlyingNetworks: Null] ]] callback flags: 1 order: 2147483647 isUidTracked: false declaredMethods: ALL
06-04 13:35:36.545 27917 27917 V WifiManager: registerTrafficStateCallback: callback=com.android.systemui.statusbar.connectivity.WifiSignalController$WifiTrafficStateCallback@ff485ef, executor=android.os.HandlerExecutor@91d86f2
06-04 13:35:36.548 27917 27917 V WifiManager: registerScanResultsCallback: callback=com.android.systemui.statusbar.connectivity.NetworkControllerImpl$5@6f6cb85, executor=androidx.emoji2.text.ConcurrencyHelpers$$ExternalSyntheticLambda0@6f55dda
06-04 13:35:36.549  1691  2364 D ConnectivityService: requestNetwork for uid/pid:10590/27917 activeRequest: null callbackRequest: 1168 [NetworkRequest [ REQUEST id=1169, [ Capabilities: INTERNET&NOT_RESTRICTED&TRUSTED&NOT_VCN_MANAGED&NOT_BANDWIDTH_CONSTRAINED Uid: 10590 RequestorUid: 10590 RequestorPkg: com.android.systemui UnderlyingNetworks: Null] ]] callback flags: 1 order: 2147483647 isUidTracked: false declaredMethods: ALL
06-04 13:35:36.551 27917 27917 I TetheringManager: registerTetheringEventCallback:com.android.systemui
06-04 13:35:36.551 27917 27917 I TetheringManager: registerTetheringEventCallback caller:com.android.systemui
06-04 13:35:36.554  1691  2470 D WifiNetworkFactory: got request NetworkRequest [ REQUEST id=1167, [ Capabilities: INTERNET&NOT_RESTRICTED&TRUSTED&NOT_VCN_MANAGED&NOT_BANDWIDTH_CONSTRAINED Uid: 10590 RequestorUid: 10590 RequestorPkg: com.android.systemui UnderlyingNetworks: Null] ]
06-04 13:35:36.555  1691  2470 D UntrustedWifiNetworkFactory: got request NetworkRequest [ REQUEST id=1167, [ Capabilities: INTERNET&NOT_RESTRICTED&TRUSTED&NOT_VCN_MANAGED&NOT_BANDWIDTH_CONSTRAINED Uid: 10590 RequestorUid: 10590 RequestorPkg: com.android.systemui UnderlyingNetworks: Null] ]
06-04 13:35:36.555  1691  2470 D OemPaidWifiNetworkFactory: got request NetworkRequest [ REQUEST id=1167, [ Capabilities: INTERNET&NOT_RESTRICTED&TRUSTED&NOT_VCN_MANAGED&NOT_BANDWIDTH_CONSTRAINED Uid: 10590 RequestorUid: 10590 RequestorPkg: com.android.systemui UnderlyingNetworks: Null] ]
06-04 13:35:36.557  1691  2470 D MultiInternetWifiNetworkFactory: got request NetworkRequest [ REQUEST id=1167, [ Capabilities: INTERNET&NOT_RESTRICTED&TRUSTED&NOT_VCN_MANAGED&NOT_BANDWIDTH_CONSTRAINED Uid: 10590 RequestorUid: 10590 RequestorPkg: com.android.systemui UnderlyingNetworks: Null] ]
06-04 13:35:36.562  1691  2470 D WifiNetworkFactory: got request NetworkRequest [ REQUEST id=1169, [ Capabilities: INTERNET&NOT_RESTRICTED&TRUSTED&NOT_VCN_MANAGED&NOT_BANDWIDTH_CONSTRAINED Uid: 10590 RequestorUid: 10590 RequestorPkg: com.android.systemui UnderlyingNetworks: Null] ]
06-04 13:35:36.565  1691  2470 D UntrustedWifiNetworkFactory: got request NetworkRequest [ REQUEST id=1169, [ Capabilities: INTERNET&NOT_RESTRICTED&TRUSTED&NOT_VCN_MANAGED&NOT_BANDWIDTH_CONSTRAINED Uid: 10590 RequestorUid: 10590 RequestorPkg: com.android.systemui UnderlyingNetworks: Null] ]
06-04 13:35:36.566  1691  2470 D OemPaidWifiNetworkFactory: got request NetworkRequest [ REQUEST id=1169, [ Capabilities: INTERNET&NOT_RESTRICTED&TRUSTED&NOT_VCN_MANAGED&NOT_BANDWIDTH_CONSTRAINED Uid: 10590 RequestorUid: 10590 RequestorPkg: com.android.systemui UnderlyingNetworks: Null] ]
06-04 13:35:36.566  1691  2470 D MultiInternetWifiNetworkFactory: got request NetworkRequest [ REQUEST id=1169, [ Capabilities: INTERNET&NOT_RESTRICTED&TRUSTED&NOT_VCN_MANAGED&NOT_BANDWIDTH_CONSTRAINED Uid: 10590 RequestorUid: 10590 RequestorPkg: com.android.systemui UnderlyingNetworks: Null] ]
06-04 13:35:36.631 27917 27917 D ZenModeController: Added callback class com.android.systemui.wmshell.BubblesManager$2
06-04 13:35:36.632 27917 27976 I ndroid.systemui: AssetManager2(0xb400006e249219f8) locale list changing from [] to [en-IN]
06-04 13:35:36.691   779  1709 I LSPosedLogDaemon: (com.android.systemui)[com.example.dynamicisland,XposedBridge,6d0d-19e91aa942f-2-7,0,1] DynamicIsland ⚠️: hookAllMethodsByName — no overloads found: com.android.systemui.statusbar.notification.stack.NotificationStackScrollLayoutController$13.onEntryAdded
06-04 13:35:36.700 27917 27917 I ndroid.systemui: AssetManager2(0xb400006e249213b8) locale list changing from [] to [en-IN]
06-04 13:35:36.785  1691  2313 I MR2ServiceImpl: registerManager | callerUid: 10590, callerPid: 27917, callerPackage: com.android.systemui, targetPackageName: null, targetUserId: UserHandle{0}, hasMediaRoutingControl: false
06-04 13:35:36.958 27917 27917 D KeyguardTransitionCoreStartable: Started com.android.systemui.keyguard.domain.interactor.FromLockscreenTransitionInteractor@9da117b
06-04 13:35:36.958 27917 27917 D KeyguardTransitionCoreStartable: Started com.android.systemui.keyguard.domain.interactor.FromDreamingTransitionInteractor@c17d7d6
06-04 13:35:36.958 27917 27917 D KeyguardTransitionCoreStartable: Started com.android.systemui.keyguard.domain.interactor.FromDozingTransitionInteractor@2e65944
06-04 13:35:36.958 27917 27917 D KeyguardTransitionCoreStartable: Started com.android.systemui.keyguard.domain.interactor.FromAlternateBouncerTransitionInteractor@9deea2d
06-04 13:35:36.958 27917 27917 D KeyguardTransitionCoreStartable: Started com.android.systemui.keyguard.domain.interactor.FromGlanceableHubTransitionInteractor@b119b62
06-04 13:35:36.959 27917 27917 D KeyguardTransitionCoreStartable: Started com.android.systemui.keyguard.domain.interactor.FromPrimaryBouncerTransitionInteractor@96f750a
06-04 13:35:36.959 27917 27917 D KeyguardTransitionCoreStartable: Started com.android.systemui.keyguard.domain.interactor.FromGoneTransitionInteractor@2a73ff1
06-04 13:35:36.959 27917 27917 D KeyguardTransitionCoreStartable: Started com.android.systemui.keyguard.domain.interactor.FromAodTransitionInteractor@34f1b98
06-04 13:35:36.960 27917 27917 D KeyguardTransitionCoreStartable: Started com.android.systemui.keyguard.domain.interactor.FromOccludedTransitionInteractor@f6e4a57
06-04 13:35:36.997 27917 27917 W SceneFramework: [NOT MET] com.android.systemui.scene_container
06-04 13:35:36.997 27917 27917 W SceneFramework:     [MET] com.android.systemui.keyguard_bottom_area_refactor
06-04 13:35:36.997 27917 27917 W SceneFramework: [NOT MET] com.android.systemui.keyguard_wm_state_refactor
06-04 13:35:36.997 27917 27917 W SceneFramework: [NOT MET] com.android.systemui.migrate_clocks_to_blueprint
06-04 13:35:36.997 27917 27917 W SceneFramework:     [MET] com.android.systemui.notification_avalanche_throttle_hun
06-04 13:35:36.997 27917 27917 W SceneFramework:     [MET] com.android.systemui.predictive_back_sysui
06-04 13:35:37.144 27917 27917 D ZenModeController: Added callback class com.android.systemui.statusbar.phone.PhoneStatusBarPolicy$1
06-04 13:35:37.144 27917 27917 V WifiManager: registerSoftApCallback: callback=com.android.systemui.statusbar.policy.HotspotControllerImpl@1e9d68c, executor=android.os.HandlerExecutor@c3731d5
06-04 13:35:37.197   779  1709 I LSPosedLogDaemon: (com.android.systemui)[com.example.dynamicisland,XposedBridge,6d0d-19e91aa942f-2-8,0,1] DynamicIsland-Native ❌: Controller bootstrap failed: MlKitContext has not been initialized
06-04 13:35:37.205   808   808 I zygiskd64:  - Sending companion fd socket of module "zygisk_lsposed"
06-04 13:35:37.205  1699  1699 I zygiskd-companion64:  - Module name: zygisk_lsposed
06-04 13:35:37.208  1691  2030 I ActivityManager: Start proc 28024:com.example.dynamicisland/u0a660 for content provider {com.example.dynamicisland/com.example.dynamicisland.ipc.IslandContentProvider}
06-04 13:35:37.233 27917 27917 I SystemUIService: Topological CoreStartables completed in 2 iterations
06-04 13:35:37.241   808   808 I zygiskd64:  - Sending companion fd socket of module "zygisk_lsposed"
06-04 13:35:37.241  1699  1699 I zygiskd-companion64:  - Module name: zygisk_lsposed
06-04 13:35:37.242 27917 27917 W ActivityThread: getPackageInfo() called with an older ApplicationInfo than the cached version for package com.android.systemui
06-04 13:35:37.246 27917 27917 W ActivityThread: getPackageInfo() called with an older ApplicationInfo than the cached version for package com.android.systemui
06-04 13:35:37.248  1691  1691 D WallpaperManagerService: WPMS.onServiceConnected-ComponentInfo{com.android.systemui/com.android.systemui.wallpapers.ImageWallpaper}
06-04 13:35:37.248  1691  1691 D WallpaperManagerService: WPMS.onServiceConnected-ComponentInfo{com.android.systemui/com.android.systemui.wallpapers.ImageWallpaper}
06-04 13:35:37.248  1691  1691 D WallpaperManagerService: WPMS.connectLocked-ComponentInfo{com.android.systemui/com.android.systemui.wallpapers.ImageWallpaper}
06-04 13:35:37.260 28024 28024 I e.dynamicisland: Late-enabling -Xcheck:jni
06-04 13:35:37.261  1691  2364 D ConnectivityService: requestNetwork for uid/pid:10590/27917 asUid: 10650 activeRequest: null callbackRequest: 1171 [NetworkRequest [ REQUEST id=1172, [ Capabilities: INTERNET&NOT_RESTRICTED&TRUSTED&NOT_VCN_MANAGED&NOT_BANDWIDTH_CONSTRAINED Uid: 10650 RequestorUid: 10590 RequestorPkg: com.android.systemui UnderlyingNetworks: Null] ]] callback flags: 0 order: 2147483647 isUidTracked: false declaredMethods: ALL
06-04 13:35:37.271  1691  2470 D WifiNetworkFactory: got request NetworkRequest [ REQUEST id=1172, [ Capabilities: INTERNET&NOT_RESTRICTED&TRUSTED&NOT_VCN_MANAGED&NOT_BANDWIDTH_CONSTRAINED Uid: 10650 RequestorUid: 10590 RequestorPkg: com.android.systemui UnderlyingNetworks: Null] ]
06-04 13:35:37.271  1691  2470 D UntrustedWifiNetworkFactory: got request NetworkRequest [ REQUEST id=1172, [ Capabilities: INTERNET&NOT_RESTRICTED&TRUSTED&NOT_VCN_MANAGED&NOT_BANDWIDTH_CONSTRAINED Uid: 10650 RequestorUid: 10590 RequestorPkg: com.android.systemui UnderlyingNetworks: Null] ]
06-04 13:35:37.271 27917 28038 I ndroid.systemui: AssetManager2(0xb400006e2492ee78) locale list changing from [] to [en-IN]
06-04 13:35:37.276  1691  2470 D OemPaidWifiNetworkFactory: got request NetworkRequest [ REQUEST id=1172, [ Capabilities: INTERNET&NOT_RESTRICTED&TRUSTED&NOT_VCN_MANAGED&NOT_BANDWIDTH_CONSTRAINED Uid: 10650 RequestorUid: 10590 RequestorPkg: com.android.systemui UnderlyingNetworks: Null] ]
06-04 13:35:37.276  1691  2470 D MultiInternetWifiNetworkFactory: got request NetworkRequest [ REQUEST id=1172, [ Capabilities: INTERNET&NOT_RESTRICTED&TRUSTED&NOT_VCN_MANAGED&NOT_BANDWIDTH_CONSTRAINED Uid: 10650 RequestorUid: 10590 RequestorPkg: com.android.systemui UnderlyingNetworks: Null] ]
06-04 13:35:37.279 28024 28024 I e.dynamicisland: Using CollectorTypeCMC GC.
06-04 13:35:37.284 28024 28024 W e.dynamicisland: Thread Pool max thread count is 0. Cannot cache binder as linkToDeath cannot be implemented. serviceName: activity
06-04 13:35:37.385 28024 28024 W e.dynamicisland: Core platform API violation: Ljava/lang/Class;->accessFlags:I from Lcom/android/internal/os/Zygote; using JNI
06-04 13:35:37.385 28024 28024 W e.dynamicisland: Core platform API violation: Ljava/lang/Class;->status:I from Lcom/android/internal/os/Zygote; using JNI
06-04 13:35:37.386 28024 28024 W e.dynamicisland: Core platform API violation: Ldalvik/system/DexFile;->mCookie:Ljava/lang/Object; from Lcom/android/internal/os/Zygote; using JNI
06-04 13:35:37.386 28024 28024 W e.dynamicisland: Core platform API violation: Ldalvik/system/DexFile;->mFileName:Ljava/lang/String; from Lcom/android/internal/os/Zygote; using JNI
06-04 13:35:37.386 28024 28024 W e.dynamicisland: Core platform API violation: Ldalvik/system/DexFile;->mInternalCookie:Ljava/lang/Object; from Lcom/android/internal/os/Zygote; using JNI
06-04 13:35:37.387 28024 28024 W e.dynamicisland: Core platform API violation: Ljava/lang/reflect/Executable;->artMethod:J from Lcom/android/internal/os/Zygote; using JNI
06-04 13:35:37.395 28024 28024 W e.dynamicisland: Core platform API violation: Ljava/lang/reflect/Executable;->accessFlags:I from Lcom/android/internal/os/Zygote; using JNI
06-04 13:35:37.396 28024 28024 W e.dynamicisland: Core platform API violation: Ldalvik/system/BaseDexClassLoader;->pathList:Ldalvik/system/DexPathList; from Lcom/android/internal/os/Zygote; using JNI
06-04 13:35:37.396 28024 28024 W e.dynamicisland: Core platform API violation: Ldalvik/system/DexPathList;->dexElements:[Ldalvik/system/DexPathList$Element; from Lcom/android/internal/os/Zygote; using JNI
06-04 13:35:37.396 28024 28024 W e.dynamicisland: Core platform API violation: Ldalvik/system/DexPathList$Element;->dexFile:Ldalvik/system/DexFile; from Lcom/android/internal/os/Zygote; using JNI
06-04 13:35:37.415 28024 28024 W e.dynamicisland: Attempt to remove non-JNI local reference
06-04 13:35:37.420 27917 27917 I WallpaperController: Won't set zoom. Window not attached com.android.systemui.shade.NotificationShadeWindowView{68aab8 V.E...... ......I. 0,0-0,0 #7f0b0476 app:id/legacy_window_root}
06-04 13:35:37.468 27917 28036 D ndroid.systemui: Successfully queried cache dir: /data/user_de/0/com.android.systemui/code_cache
06-04 13:35:37.468 27917 28036 D RenderScript: Setting cache dir: /data/user_de/0/com.android.systemui/code_cache
06-04 13:35:37.652  1691  2367 D ConnectivityService: requestNetwork for uid/pid:10590/27917 activeRequest: null callbackRequest: 1174 [NetworkRequest [ REQUEST id=1175, [ Capabilities: INTERNET&NOT_RESTRICTED&TRUSTED&NOT_VCN_MANAGED&NOT_BANDWIDTH_CONSTRAINED Uid: 10590 RequestorUid: 10590 RequestorPkg: com.android.systemui UnderlyingNetworks: Null] ]] callback flags: 0 order: 2147483647 isUidTracked: false declaredMethods: ALL
06-04 13:35:37.658  1691  2470 D WifiNetworkFactory: got request NetworkRequest [ REQUEST id=1175, [ Capabilities: INTERNET&NOT_RESTRICTED&TRUSTED&NOT_VCN_MANAGED&NOT_BANDWIDTH_CONSTRAINED Uid: 10590 RequestorUid: 10590 RequestorPkg: com.android.systemui UnderlyingNetworks: Null] ]
06-04 13:35:37.659  1691  2470 D UntrustedWifiNetworkFactory: got request NetworkRequest [ REQUEST id=1175, [ Capabilities: INTERNET&NOT_RESTRICTED&TRUSTED&NOT_VCN_MANAGED&NOT_BANDWIDTH_CONSTRAINED Uid: 10590 RequestorUid: 10590 RequestorPkg: com.android.systemui UnderlyingNetworks: Null] ]
06-04 13:35:37.659  1691  2470 D OemPaidWifiNetworkFactory: got request NetworkRequest [ REQUEST id=1175, [ Capabilities: INTERNET&NOT_RESTRICTED&TRUSTED&NOT_VCN_MANAGED&NOT_BANDWIDTH_CONSTRAINED Uid: 10590 RequestorUid: 10590 RequestorPkg: com.android.systemui UnderlyingNetworks: Null] ]
06-04 13:35:37.659  1691  2470 D MultiInternetWifiNetworkFactory: got request NetworkRequest [ REQUEST id=1175, [ Capabilities: INTERNET&NOT_RESTRICTED&TRUSTED&NOT_VCN_MANAGED&NOT_BANDWIDTH_CONSTRAINED Uid: 10590 RequestorUid: 10590 RequestorPkg: com.android.systemui UnderlyingNetworks: Null] ]
06-04 13:35:37.661 28024 28024 W e.dynamicisland: Unsupported class loader
06-04 13:35:37.692   779  1165 I LSPosedLogDaemon: (com.example.dynamicisland)[com.example.dynamicisland,XposedBridge,6d78-19e91aa9b1b-2-1,0,1] DynamicIsland: initZygote — module loaded from /data/app/~~WgV8gamHSHHAWJt43GElzg==/com.example.dynamicisland-_1flaH4jDhihyZzq91ej1Q==/base.apk
06-04 13:35:37.746 27917 27932 I ndroid.systemui: NativeAlloc concurrent mark compact GC freed 17MB AllocSpace bytes, 37(728KB) LOS objects, 49% free, 15MB/31MB, paused 620us,1.235ms total 131.481ms
06-04 13:35:37.758 28024 28024 W ziparchive: Unable to open '/data/app/~~WgV8gamHSHHAWJt43GElzg==/com.example.dynamicisland-_1flaH4jDhihyZzq91ej1Q==/base.dm': No such file or directory
06-04 13:35:37.758 28024 28024 W ziparchive: Unable to open '/data/app/~~WgV8gamHSHHAWJt43GElzg==/com.example.dynamicisland-_1flaH4jDhihyZzq91ej1Q==/base.dm': No such file or directory
06-04 13:35:37.771  1691  2355 D ConnectivityService: requestNetwork for uid/pid:10590/27917 activeRequest: null callbackRequest: 1177 [NetworkRequest [ REQUEST id=1178, [ Capabilities: INTERNET&NOT_RESTRICTED&TRUSTED&NOT_VCN_MANAGED&NOT_BANDWIDTH_CONSTRAINED Uid: 10590 RequestorUid: 10590 RequestorPkg: com.android.systemui UnderlyingNetworks: Null] ]] callback flags: 0 order: 2147483647 isUidTracked: false declaredMethods: ALL
06-04 13:35:37.776  1691  2470 D WifiNetworkFactory: got request NetworkRequest [ REQUEST id=1178, [ Capabilities: INTERNET&NOT_RESTRICTED&TRUSTED&NOT_VCN_MANAGED&NOT_BANDWIDTH_CONSTRAINED Uid: 10590 RequestorUid: 10590 RequestorPkg: com.android.systemui UnderlyingNetworks: Null] ]
06-04 13:35:37.777  1691  2470 D UntrustedWifiNetworkFactory: got request NetworkRequest [ REQUEST id=1178, [ Capabilities: INTERNET&NOT_RESTRICTED&TRUSTED&NOT_VCN_MANAGED&NOT_BANDWIDTH_CONSTRAINED Uid: 10590 RequestorUid: 10590 RequestorPkg: com.android.systemui UnderlyingNetworks: Null] ]
06-04 13:35:37.777  1691  2470 D OemPaidWifiNetworkFactory: got request NetworkRequest [ REQUEST id=1178, [ Capabilities: INTERNET&NOT_RESTRICTED&TRUSTED&NOT_VCN_MANAGED&NOT_BANDWIDTH_CONSTRAINED Uid: 10590 RequestorUid: 10590 RequestorPkg: com.android.systemui UnderlyingNetworks: Null] ]
06-04 13:35:37.777  1691  2470 D MultiInternetWifiNetworkFactory: got request NetworkRequest [ REQUEST id=1178, [ Capabilities: INTERNET&NOT_RESTRICTED&TRUSTED&NOT_VCN_MANAGED&NOT_BANDWIDTH_CONSTRAINED Uid: 10590 RequestorUid: 10590 RequestorPkg: com.android.systemui UnderlyingNetworks: Null] ]
06-04 13:35:37.821  1691  2312 D ConnectivityService: requestNetwork for uid/pid:10590/27917 activeRequest: null callbackRequest: 1180 [NetworkRequest [ REQUEST id=1181, [ Capabilities: INTERNET&NOT_RESTRICTED&TRUSTED&NOT_VCN_MANAGED&NOT_BANDWIDTH_CONSTRAINED Uid: 10590 RequestorUid: 10590 RequestorPkg: com.android.systemui UnderlyingNetworks: Null] ]] callback flags: 0 order: 2147483647 isUidTracked: false declaredMethods: ALL
06-04 13:35:37.826  1691  2470 D WifiNetworkFactory: got request NetworkRequest [ REQUEST id=1181, [ Capabilities: INTERNET&NOT_RESTRICTED&TRUSTED&NOT_VCN_MANAGED&NOT_BANDWIDTH_CONSTRAINED Uid: 10590 RequestorUid: 10590 RequestorPkg: com.android.systemui UnderlyingNetworks: Null] ]
06-04 13:35:37.826  1691  2470 D UntrustedWifiNetworkFactory: got request NetworkRequest [ REQUEST id=1181, [ Capabilities: INTERNET&NOT_RESTRICTED&TRUSTED&NOT_VCN_MANAGED&NOT_BANDWIDTH_CONSTRAINED Uid: 10590 RequestorUid: 10590 RequestorPkg: com.android.systemui UnderlyingNetworks: Null] ]
06-04 13:35:37.828  1691  2470 D OemPaidWifiNetworkFactory: got request NetworkRequest [ REQUEST id=1181, [ Capabilities: INTERNET&NOT_RESTRICTED&TRUSTED&NOT_VCN_MANAGED&NOT_BANDWIDTH_CONSTRAINED Uid: 10590 RequestorUid: 10590 RequestorPkg: com.android.systemui UnderlyingNetworks: Null] ]
06-04 13:35:37.828  1691  2470 D MultiInternetWifiNetworkFactory: got request NetworkRequest [ REQUEST id=1181, [ Capabilities: INTERNET&NOT_RESTRICTED&TRUSTED&NOT_VCN_MANAGED&NOT_BANDWIDTH_CONSTRAINED Uid: 10590 RequestorUid: 10590 RequestorPkg: com.android.systemui UnderlyingNetworks: Null] ]
06-04 13:35:37.917 27917 27917 I ndroid.systemui: AssetManager2(0xb400006e24917458) locale list changing from [] to [en-IN]
06-04 13:35:37.950 27917 27917 D QSPanel : Reattaching media host: false, current null, new com.android.systemui.qs.QSPanel{3ba9b4 V.E...... ......I. 0,0-0,0 #7f0b06ba app:id/quick_settings_panel}
06-04 13:35:37.997 27917 27917 D QSPanel : Reattaching media host: false, current com.android.systemui.qs.QSPanel{3ba9b4 V.E...... ......I. 0,0-0,0 #7f0b06ba app:id/quick_settings_panel}, new com.android.systemui.qs.QSPanel{3ba9b4 V.E...... ......I. 0,0-0,0 #7f0b06ba app:id/quick_settings_panel}
06-04 13:35:38.004 27917 27917 D QuickQSPanel: Reattaching media host: false, current null, new com.android.systemui.qs.QuickQSPanel{f20644d VFE...... ......I. 0,0-0,0 #7f0b06b8 app:id/quick_qs_panel}
06-04 13:35:38.080 27917 27917 I ThemeOverlayController: 	at com.android.systemui.theme.ThemeOverlayController.reevaluateSystemTheme(go/retraceme 1509ae6093f4453a215c74da5e7aeb02f9f6f0e533ae6d20cd32577fa5fd762a:127)
06-04 13:35:38.080 27917 27917 I ThemeOverlayController: 	at com.android.systemui.theme.ThemeOverlayController$$ExternalSyntheticLambda8.run(go/retraceme 1509ae6093f4453a215c74da5e7aeb02f9f6f0e533ae6d20cd32577fa5fd762a:19)
06-04 13:35:38.125  1691  2515 D BiometricScheduler: [Added] {[15] com.android.server.biometrics.sensors.fingerprint.aidl.FingerprintAuthenticationClient, proto=3, owner=com.android.systemui, cookie=0, requestId=5, userId=0}, new queue size: 1
06-04 13:35:38.125  1691  2515 D BiometricScheduler: [Polled] {[15] com.android.server.biometrics.sensors.fingerprint.aidl.FingerprintAuthenticationClient, proto=3, owner=com.android.systemui, cookie=0, requestId=5, userId=0}, State: 0
06-04 13:35:38.125  1691  2515 D BiometricScheduler: [Started] {[15] com.android.server.biometrics.sensors.fingerprint.aidl.FingerprintAuthenticationClient, proto=3, owner=com.android.systemui, cookie=0, requestId=5, userId=0}
06-04 13:35:38.125  1691  2515 D BiometricStateCallback: State updated from 0 to 2, client {[15] com.android.server.biometrics.sensors.fingerprint.aidl.FingerprintAuthenticationClient, proto=3, owner=com.android.systemui, cookie=0, requestId=5, userId=0}
06-04 13:35:38.126  1691  2515 D Biometrics/AuthenticationClient: Requesting auth for com.android.systemui
06-04 13:35:38.127 27917 27917 D DreamOverlayRegistrant: trying to find component:ComponentInfo{com.android.systemui/com.android.systemui.dreams.DreamOverlayService}
06-04 13:35:38.137  1691  2366 D ConnectivityService: requestNetwork for uid/pid:10590/27917 activeRequest: null callbackRequest: 1183 [NetworkRequest [ REQUEST id=1184, [ Capabilities: INTERNET&NOT_RESTRICTED&TRUSTED&NOT_VCN_MANAGED&NOT_BANDWIDTH_CONSTRAINED Uid: 10590 RequestorUid: 10590 RequestorPkg: com.android.systemui UnderlyingNetworks: Null] ]] callback flags: 0 order: 2147483647 isUidTracked: false declaredMethods: ALL
06-04 13:35:38.142  1691  2515 V BiometricSchedulerOperation: started: {[15] com.android.server.biometrics.sensors.fingerprint.aidl.FingerprintAuthenticationClient, proto=3, owner=com.android.systemui, cookie=0, requestId=5, userId=0}, State: 2
06-04 13:35:38.147  1691  2470 D WifiNetworkFactory: got request NetworkRequest [ REQUEST id=1184, [ Capabilities: INTERNET&NOT_RESTRICTED&TRUSTED&NOT_VCN_MANAGED&NOT_BANDWIDTH_CONSTRAINED Uid: 10590 RequestorUid: 10590 RequestorPkg: com.android.systemui UnderlyingNetworks: Null] ]
06-04 13:35:38.148  1691  2470 D UntrustedWifiNetworkFactory: got request NetworkRequest [ REQUEST id=1184, [ Capabilities: INTERNET&NOT_RESTRICTED&TRUSTED&NOT_VCN_MANAGED&NOT_BANDWIDTH_CONSTRAINED Uid: 10590 RequestorUid: 10590 RequestorPkg: com.android.systemui UnderlyingNetworks: Null] ]
06-04 13:35:38.148  1691  2470 D OemPaidWifiNetworkFactory: got request NetworkRequest [ REQUEST id=1184, [ Capabilities: INTERNET&NOT_RESTRICTED&TRUSTED&NOT_VCN_MANAGED&NOT_BANDWIDTH_CONSTRAINED Uid: 10590 RequestorUid: 10590 RequestorPkg: com.android.systemui UnderlyingNetworks: Null] ]
06-04 13:35:38.148  1691  2470 D MultiInternetWifiNetworkFactory: got request NetworkRequest [ REQUEST id=1184, [ Capabilities: INTERNET&NOT_RESTRICTED&TRUSTED&NOT_VCN_MANAGED&NOT_BANDWIDTH_CONSTRAINED Uid: 10590 RequestorUid: 10590 RequestorPkg: com.android.systemui UnderlyingNetworks: Null] ]
06-04 13:35:38.156  1691  2366 D ConnectivityService: requestNetwork for uid/pid:10590/27917 activeRequest: null callbackRequest: 1186 [NetworkRequest [ REQUEST id=1187, [ Capabilities: INTERNET&NOT_RESTRICTED&TRUSTED&NOT_VCN_MANAGED&NOT_BANDWIDTH_CONSTRAINED Uid: 10590 RequestorUid: 10590 RequestorPkg: com.android.systemui UnderlyingNetworks: Null] ]] callback flags: 0 order: 2147483647 isUidTracked: false declaredMethods: ALL
06-04 13:35:38.160 28093 28093 W idmap2d : failed to parse idmap header of '/data/resource-cache/data@resource-cache@com.android.systemui-accent-ioRt.frro@idmap'
06-04 13:35:38.162  1691  2470 D WifiNetworkFactory: got request NetworkRequest [ REQUEST id=1187, [ Capabilities: INTERNET&NOT_RESTRICTED&TRUSTED&NOT_VCN_MANAGED&NOT_BANDWIDTH_CONSTRAINED Uid: 10590 RequestorUid: 10590 RequestorPkg: com.android.systemui UnderlyingNetworks: Null] ]
06-04 13:35:38.162  1691  2470 D UntrustedWifiNetworkFactory: got request NetworkRequest [ REQUEST id=1187, [ Capabilities: INTERNET&NOT_RESTRICTED&TRUSTED&NOT_VCN_MANAGED&NOT_BANDWIDTH_CONSTRAINED Uid: 10590 RequestorUid: 10590 RequestorPkg: com.android.systemui UnderlyingNetworks: Null] ]
06-04 13:35:38.162  1691  2470 D OemPaidWifiNetworkFactory: got request NetworkRequest [ REQUEST id=1187, [ Capabilities: INTERNET&NOT_RESTRICTED&TRUSTED&NOT_VCN_MANAGED&NOT_BANDWIDTH_CONSTRAINED Uid: 10590 RequestorUid: 10590 RequestorPkg: com.android.systemui UnderlyingNetworks: Null] ]
06-04 13:35:38.162  1691  2470 D MultiInternetWifiNetworkFactory: got request NetworkRequest [ REQUEST id=1187, [ Capabilities: INTERNET&NOT_RESTRICTED&TRUSTED&NOT_VCN_MANAGED&NOT_BANDWIDTH_CONSTRAINED Uid: 10590 RequestorUid: 10590 RequestorPkg: com.android.systemui UnderlyingNetworks: Null] ]
06-04 13:35:38.171 28093 28099 W idmap2d : failed to parse idmap header of '/data/resource-cache/data@resource-cache@com.android.systemui-neutral-8aCO.frro@idmap'
06-04 13:35:38.180 28093 28095 W idmap2d : failed to parse idmap header of '/data/resource-cache/data@resource-cache@com.android.systemui-dynamic-KIzB.frro@idmap'
06-04 13:35:38.190 28024 28024 D nativeloader: Configuring clns-7 for other apk /data/app/~~WgV8gamHSHHAWJt43GElzg==/com.example.dynamicisland-_1flaH4jDhihyZzq91ej1Q==/base.apk. target_sdk_version=35, uses_libraries=, library_path=/data/app/~~WgV8gamHSHHAWJt43GElzg==/com.example.dynamicisland-_1flaH4jDhihyZzq91ej1Q==/lib/arm64:/data/app/~~WgV8gamHSHHAWJt43GElzg==/com.example.dynamicisland-_1flaH4jDhihyZzq91ej1Q==/base.apk!/lib/arm64-v8a, permitted_path=/data:/mnt/expand:/data/user/0/com.example.dynamicisland
06-04 13:35:38.194   779  1709 I LSPosedLogDaemon: (com.example.dynamicisland)[framework,Hookers,6d78-19e91aa9b1b-2-2,0,1] New modules detected, hook preferences: pkg=com.example.dynamicisland, prc=com.example.dynamicisland
06-04 13:35:38.198   779  1709 I LSPosedLogDaemon: (com.example.dynamicisland)[com.example.dynamicisland,XposedBridge,6d78-19e91aa9b1b-2-3,0,1] DynamicIsland: handleLoadPackage: com.example.dynamicisland
06-04 13:35:38.200 28024 28024 I e.dynamicisland: AssetManager2(0xb400006e2490db38) locale list changing from [] to [en-IN]
06-04 13:35:38.209 28024 28024 V GraphicsEnvironment: com.example.dynamicisland is not listed in per-application setting
06-04 13:35:38.312 27759 27759 I ActivityThread: assets removed: [/data/resource-cache/com.android.systemui-accent-eCxs.frro, /data/resource-cache/com.android.systemui-dynamic-jLa7.frro, /data/resource-cache/com.android.systemui-neutral-qt66.frro]
06-04 13:35:38.312 27759 27759 I ActivityThread: assets added: [/data/resource-cache/com.android.systemui-neutral-8aCO.frro, /data/resource-cache/com.android.systemui-accent-ioRt.frro, /data/resource-cache/com.android.systemui-dynamic-KIzB.frro]
06-04 13:35:38.313  3744  3744 I ActivityThread: assets removed: [/data/resource-cache/com.android.systemui-accent-eCxs.frro, /data/resource-cache/com.android.systemui-dynamic-jLa7.frro, /data/resource-cache/com.android.systemui-neutral-qt66.frro]
06-04 13:35:38.313  3744  3744 I ActivityThread: assets added: [/data/resource-cache/com.android.systemui-neutral-8aCO.frro, /data/resource-cache/com.android.systemui-accent-ioRt.frro, /data/resource-cache/com.android.systemui-dynamic-KIzB.frro]
06-04 13:35:38.342  3874  3874 I ActivityThread: assets removed: [/data/resource-cache/com.android.systemui-accent-eCxs.frro, /data/resource-cache/com.android.systemui-dynamic-jLa7.frro, /data/resource-cache/com.android.systemui-neutral-qt66.frro]
06-04 13:35:38.342  3874  3874 I ActivityThread: assets added: [/data/resource-cache/com.android.systemui-neutral-8aCO.frro, /data/resource-cache/com.android.systemui-accent-ioRt.frro, /data/resource-cache/com.android.systemui-dynamic-KIzB.frro]
06-04 13:35:38.342  3882  3882 I ActivityThread: assets removed: [/data/resource-cache/com.android.systemui-accent-eCxs.frro, /data/resource-cache/com.android.systemui-dynamic-jLa7.frro, /data/resource-cache/com.android.systemui-neutral-qt66.frro]
06-04 13:35:38.342  3882  3882 I ActivityThread: assets added: [/data/resource-cache/com.android.systemui-neutral-8aCO.frro, /data/resource-cache/com.android.systemui-accent-ioRt.frro, /data/resource-cache/com.android.systemui-dynamic-KIzB.frro]
06-04 13:35:38.348  2865  2865 I ActivityThread: assets removed: [/data/resource-cache/com.android.systemui-accent-eCxs.frro, /data/resource-cache/com.android.systemui-dynamic-jLa7.frro, /data/resource-cache/com.android.systemui-neutral-qt66.frro]
06-04 13:35:38.348  2865  2865 I ActivityThread: assets added: [/data/resource-cache/com.android.systemui-neutral-8aCO.frro, /data/resource-cache/com.android.systemui-accent-ioRt.frro, /data/resource-cache/com.android.systemui-dynamic-KIzB.frro]
06-04 13:35:38.351  5744  5744 I ActivityThread: assets removed: [/data/resource-cache/com.android.systemui-accent-eCxs.frro, /data/resource-cache/com.android.systemui-dynamic-jLa7.frro, /data/resource-cache/com.android.systemui-neutral-qt66.frro]
06-04 13:35:38.351  5744  5744 I ActivityThread: assets added: [/data/resource-cache/com.android.systemui-neutral-8aCO.frro, /data/resource-cache/com.android.systemui-accent-ioRt.frro, /data/resource-cache/com.android.systemui-dynamic-KIzB.frro]
06-04 13:35:38.353  3380  3380 I ActivityThread: assets removed: [/data/resource-cache/com.android.systemui-accent-eCxs.frro, /data/resource-cache/com.android.systemui-dynamic-jLa7.frro, /data/resource-cache/com.android.systemui-neutral-qt66.frro]
06-04 13:35:38.353  3380  3380 I ActivityThread: assets added: [/data/resource-cache/com.android.systemui-neutral-8aCO.frro, /data/resource-cache/com.android.systemui-accent-ioRt.frro, /data/resource-cache/com.android.systemui-dynamic-KIzB.frro]
06-04 13:35:38.354  4171  4171 I ActivityThread: assets removed: [/data/resource-cache/com.android.systemui-accent-eCxs.frro, /data/resource-cache/com.android.systemui-dynamic-jLa7.frro, /data/resource-cache/com.android.systemui-neutral-qt66.frro]
06-04 13:35:38.354  4171  4171 I ActivityThread: assets added: [/data/resource-cache/com.android.systemui-neutral-8aCO.frro, /data/resource-cache/com.android.systemui-accent-ioRt.frro, /data/resource-cache/com.android.systemui-dynamic-KIzB.frro]
